=== CV PHASE ===
CV TM_CONSTANT...
  RIDGE: P=3.4383 S=3.4383 worst=3.4383
  LASSO: P=3.4383 S=3.4383 worst=3.4383
CV TM_SEQ_BASIC...
  RIDGE: P=3.1414 S=3.1971 worst=3.1971
  LASSO: P=3.3479 S=3.2137 worst=3.3479
CV TM_ABLANG2...
  RIDGE: P=2.8520 S=3.1108 worst=3.1108
  LASSO: P=3.1779 S=3.4365 worst=3.4365
CV TM_ABLANG2_SEQ...
  RIDGE: P=2.7630 S=2.8974 worst=2.8974
  LASSO: P=2.9526 S=2.9748 worst=2.9748
CV TM_BASE_BIOEMU...
  RIDGE: P=2.7286 S=2.8644 worst=2.8644
  LASSO: P=2.8819 S=2.8941 worst=2.8941
CV TM_BASE_MPNN...
  RIDGE: P=2.7371 S=2.8781 worst=2.8781
  LASSO: P=2.9185 S=2.9511 worst=2.9511
CV TM_BASE_BIOEMU_MPNN...
  RIDGE: P=2.7027 S=2.8459 worst=2.8459
  LASSO: P=2.8697 S=2.8752 worst=2.8752
CV TM_PARENT_ABLINGUA_GLOBAL...
  RIDGE: P=2.7466 S=2.8227 worst=2.8227
  LASSO: P=3.1750 S=3.2437 worst=3.2437
CV TM_PARENT_ABLINGUA_CDR3...
  RIDGE: P=2.7321 S=2.7850 worst=2.7850
  LASSO: P=3.2311 S=3.3875 worst=3.3875
CV TM_OPENMM_DOMAIN_FLEX...
  RIDGE: P=2.7770 S=2.8978 worst=2.8978
  LASSO: P=3.0020 S=2.9706 worst=3.0020
CV TM_FENNIX_CONTEXT...
  RIDGE: P=2.8731 S=2.9922 worst=2.9922
  LASSO: P=3.0068 S=3.0020 worst=3.0068
CV HIC_CONSTANT...
  RIDGE: P=0.5182 S=0.5176 worst=0.5182
  LASSO: P=0.5182 S=0.5176 worst=0.5182
CV HIC_SEQ...
  RIDGE: P=0.5294 S=0.5268 worst=0.5294
  LASSO: P=0.5540 S=0.5298 worst=0.5540
CV HIC_ESM2_H...
  RIDGE: P=0.5229 S=0.5308 worst=0.5308
  LASSO: P=0.5145 S=0.4888 worst=0.5145
CV HIC_ESM2_SEQ...
  RIDGE: P=0.5345 S=0.5591 worst=0.5591
  LASSO: P=0.5142 S=0.4896 worst=0.5142
CV HIC_AROMATIC...
  RIDGE: P=0.5211 S=0.5328 worst=0.5328
  LASSO: P=0.5152 S=0.5536 worst=0.5536
CV HIC_ESM2_SEQ_AROMATIC...
  RIDGE: P=0.5284 S=0.5591 worst=0.5591
  LASSO: P=0.4927 S=0.4809 worst=0.4927
CV HIC_ARO_CONTINUOUS_SURFACE...
  RIDGE: P=0.5118 S=0.5573 worst=0.5573
  LASSO: P=0.4822 S=0.4898 worst=0.4898
CV HIC_ARO_TITRATION...
  RIDGE: P=0.5262 S=0.5504 worst=0.5504
  LASSO: P=0.4894 S=0.4824 worst=0.4894
CV HIC_ARO_CONT_TITR...
  RIDGE: P=0.5070 S=0.5524 worst=0.5524
  LASSO: P=0.4822 S=0.4912 worst=0.4912
CV HIC_HYDRO_TITRATION...
  RIDGE: P=0.5197 S=0.5504 worst=0.5504
  LASSO: P=0.4872 S=0.4834 worst=0.4872
Wrote /workspace_developability_acquisition/organizer_extension/endgame_model_benchmark/ORGANIZER_ENDGAME_CV_TABLE.csv 42
Froze Top-3 /workspace_developability_acquisition/organizer_extension/endgame_model_benchmark/CV_SELECTED_RECIPES_FREEZE.json f64d1dca2edf74af
=== PUBLIC/PRIVATE PHASE ===
PP TM_CONSTANT RIDGE alpha=69.5
PP TM_CONSTANT LASSO alpha=None
PP TM_SEQ_BASIC RIDGE alpha=100.0
PP TM_SEQ_BASIC LASSO alpha=0.3
PP TM_ABLANG2 RIDGE alpha=100.0
PP TM_ABLANG2 LASSO alpha=0.3
PP TM_ABLANG2_SEQ RIDGE alpha=100.0
PP TM_ABLANG2_SEQ LASSO alpha=0.3
PP TM_BASE_BIOEMU RIDGE alpha=100.0
PP TM_BASE_BIOEMU LASSO alpha=0.3
PP TM_BASE_MPNN RIDGE alpha=100.0
PP TM_BASE_MPNN LASSO alpha=0.3
PP TM_BASE_BIOEMU_MPNN RIDGE alpha=100.0
PP TM_BASE_BIOEMU_MPNN LASSO alpha=0.3
PP TM_PARENT_ABLINGUA_GLOBAL RIDGE alpha=100.0
PP TM_PARENT_ABLINGUA_GLOBAL LASSO alpha=0.3
PP TM_PARENT_ABLINGUA_CDR3 RIDGE alpha=100.0
PP TM_PARENT_ABLINGUA_CDR3 LASSO alpha=0.3
PP TM_OPENMM_DOMAIN_FLEX RIDGE alpha=100.0
PP TM_OPENMM_DOMAIN_FLEX LASSO alpha=0.3
PP TM_FENNIX_CONTEXT RIDGE alpha=100.0
PP TM_FENNIX_CONTEXT LASSO alpha=0.3
PP HIC_CONSTANT RIDGE alpha=9.117
PP HIC_CONSTANT LASSO alpha=None
PP HIC_SEQ RIDGE alpha=100.0
PP HIC_SEQ LASSO alpha=0.1
PP HIC_ESM2_H RIDGE alpha=100.0
PP HIC_ESM2_H LASSO alpha=0.1
PP HIC_ESM2_SEQ RIDGE alpha=100.0
PP HIC_ESM2_SEQ LASSO alpha=0.1
PP HIC_AROMATIC RIDGE alpha=10.0
PP HIC_AROMATIC LASSO alpha=0.03
PP HIC_ESM2_SEQ_AROMATIC RIDGE alpha=100.0
PP HIC_ESM2_SEQ_AROMATIC LASSO alpha=0.1
PP HIC_ARO_CONTINUOUS_SURFACE RIDGE alpha=100.0
PP HIC_ARO_CONTINUOUS_SURFACE LASSO alpha=0.1
PP HIC_ARO_TITRATION RIDGE alpha=100.0
PP HIC_ARO_TITRATION LASSO alpha=0.1
PP HIC_ARO_CONT_TITR RIDGE alpha=100.0
PP HIC_ARO_CONT_TITR LASSO alpha=0.1
PP HIC_HYDRO_TITRATION RIDGE alpha=100.0
PP HIC_HYDRO_TITRATION LASSO alpha=0.1
Wrote /workspace_developability_acquisition/organizer_extension/endgame_model_benchmark/ORGANIZER_MODEL_POSTMORTEM.csv 42
