FINALISTS FROZEN 7d5513badd254fd2629ee1c489b159225ecbea9b1f41056115493899e8997382
ONESHOT HIC NESTED_STACK_NNLS
ONESHOT HIC PLM_ESM2/PCA64/SVR
ONESHOT HIC ESMFN_STRUCTURE/ElasticNet
ONESHOT HIC FT_lora_lr0.0001
ONESHOT HIC CONST_MEDIAN
/workspace_developability_acquisition/gate_b4_absolute/scripts/b4_common.py:169: ConstantInputWarning: An input array is constant; the correlation coefficient is not defined.
  pr = pearsonr(y, p)[0]
/workspace_developability_acquisition/gate_b4_absolute/scripts/b4_common.py:170: ConstantInputWarning: An input array is constant; the correlation coefficient is not defined.
  sp = spearmanr(y, p).correlation
/workspace_developability_acquisition/gate_b5_ceiling/scripts/b5_common.py:182: ConstantInputWarning: An input array is constant; the correlation coefficient is not defined.
  r = pearsonr(y, p)[0]
/workspace_developability_acquisition/gate_b5_ceiling/scripts/b5_common.py:121: ConstantInputWarning: An input array is constant; the correlation coefficient is not defined.
  r0 = pearsonr(y, p)[0]
ONESHOT HIC FUSION_ESM2_ESMFN/ElasticNet
ONESHOT HIC POOL_attn_h64_do0.3_wd0.01
ONESHOT HIC SEQ_SIMPLE/Ridge
ONESHOT TmApp NESTED_STACK_MEAN
ONESHOT TmApp PLM_ABLANG2/PCA32/SVR
ONESHOT TmApp FUSION_ABLANG2_BIO/ElasticNet
ONESHOT TmApp BIO/Ridge
ONESHOT TmApp CONST_MEDIAN
/workspace_developability_acquisition/gate_b4_absolute/scripts/b4_common.py:169: ConstantInputWarning: An input array is constant; the correlation coefficient is not defined.
  pr = pearsonr(y, p)[0]
/workspace_developability_acquisition/gate_b4_absolute/scripts/b4_common.py:170: ConstantInputWarning: An input array is constant; the correlation coefficient is not defined.
  sp = spearmanr(y, p).correlation
/workspace_developability_acquisition/gate_b5_ceiling/scripts/b5_common.py:182: ConstantInputWarning: An input array is constant; the correlation coefficient is not defined.
  r = pearsonr(y, p)[0]
/workspace_developability_acquisition/gate_b5_ceiling/scripts/b5_common.py:121: ConstantInputWarning: An input array is constant; the correlation coefficient is not defined.
  r0 = pearsonr(y, p)[0]
ONESHOT TmApp SEQ_SIMPLE/Ridge
ONESHOT TmApp POOL_region_h64_do0.3_wd0.01
ONESHOT TmApp FT_lora_lr0.0001
GATE B5 FINAL written
