compared 25/324
compared 50/324
compared 75/324
compared 100/324
compared 125/324
compared 150/324
compared 175/324
compared 200/324
compared 225/324
compared 250/324
compared 275/324
compared 300/324
Traceback (most recent call last):
  File "/workspace_developability_acquisition/.venv_b1/lib/python3.12/site-packages/pandas/core/indexes/base.py", line 3641, in get_loc
    return self._engine.get_loc(casted_key)
           ^^^^^^^^^^^^^^^^^^^^^^^^^^^^^^^^
  File "pandas/_libs/index.pyx", line 168, in pandas._libs.index.IndexEngine.get_loc
  File "pandas/_libs/index.pyx", line 197, in pandas._libs.index.IndexEngine.get_loc
  File "pandas/_libs/hashtable_class_helper.pxi", line 7668, in pandas._libs.hashtable.PyObjectHashTable.get_item
  File "pandas/_libs/hashtable_class_helper.pxi", line 7676, in pandas._libs.hashtable.PyObjectHashTable.get_item
KeyError: 'light_locus'

The above exception was the direct cause of the following exception:

Traceback (most recent call last):
  File "/workspace_developability_acquisition/organizer_extension/feature_prospecting/fab_reconstruction/scripts/04_finalize_fv_fab_and_disulfide.py", line 424, in <module>
    main()
  File "/workspace_developability_acquisition/organizer_extension/feature_prospecting/fab_reconstruction/scripts/04_finalize_fv_fab_and_disulfide.py", line 299, in main
    dist_summary(qc.loc[qc["light_locus"] == "kappa", dcol], "kappa"),
                        ~~^^^^^^^^^^^^^^^
  File "/workspace_developability_acquisition/.venv_b1/lib/python3.12/site-packages/pandas/core/frame.py", line 4378, in __getitem__
    indexer = self.columns.get_loc(key)
              ^^^^^^^^^^^^^^^^^^^^^^^^^
  File "/workspace_developability_acquisition/.venv_b1/lib/python3.12/site-packages/pandas/core/indexes/base.py", line 3648, in get_loc
    raise KeyError(key) from err
KeyError: 'light_locus'
