HIC SEQ_SIMPLE Ridge_grid Pub 0.5355985413599862 Priv 0.2944564281443587
HIC IMGT_POS_HL ElasticNet Pub 0.22592228746999313 Priv 0.13244045979969468
HIC GERMLINE_REL ElasticNet Pub 0.20575448592946194 Priv 0.47388569705272754
HIC PLM_ESM1B ElasticNet Pub 0.48179138887363054 Priv 0.33457929254308955
HIC PLM_ESM1B_PCA64 Ridge Pub 0.48143003968589426 Priv 0.26145923991663805
HIC PLM_ESM2_rank Ridge_grid Pub 0.4223042788425453 Priv 0.27110318199277544
HIC ESMFN_STRUCTURE ElasticNet Pub 0.476382443219703 Priv 0.5418788764911621
HIC FUSION_ESM2_IMGT ElasticNet Pub 0.38121210089966 Priv 0.25164590775719614
HIC RESID_PLM_ESM2__ESMFN_STRUCTURE Ridge_stack Pub 0.3129396887417364 Priv 0.3697107958204472
HIC ENSEMBLE_NNLS nonneg_ridge Pub 0.3129396887417364 Priv 0.3697107958204472
HIC NGRAM_HL_3 Ridge_grid Pub 0.334259290818177 Priv 0.236016849404299
HIC ENSEMBLE_RANKMEAN rank_mean Pub 0.3129396887417364 Priv 0.3697107958204472
HIC rankρ CV→Pub 0.11972127858467978 Pub→Priv -0.11347517730496455 CV→Priv 0.4295881172744393
TmApp SEQ_SIMPLE ElasticNet Pub 0.4296424936437043 Priv 0.31868017655348546
TmApp IMGT_POS_HL Ridge_grid Pub 0.1174609385579962 Priv 0.41874801213437607
FINALIST_FAIL BIO_SHORTCUT PLS X has 29 features, but StandardScaler is expecting 31 features as input.
TmApp PLM_ABLANG2 ElasticNet Pub 0.35665617801998695 Priv 0.6032095909245372
TmApp PLM_ABLANG2_PCA64 SVR_RBF Pub 0.3845686955656744 Priv 0.5756471458673049
TmApp SEQ_CDR_gauss Ridge_grid Pub 0.4616927112386917 Priv 0.3136626588800902
TmApp ESMFN_STRUCTURE Ridge_grid Pub 0.4482621438655542 Priv 0.2440728529504319
TmApp FUSION_ESM2_IMGT Ridge_grid Pub 0.39167966095094675 Priv 0.4667647522115307
TmApp RESID_BIO_SHORTCUT__PLM_ESM2 Ridge_stack Pub 0.4926011045031346 Priv 0.37252808581864
TmApp ENSEMBLE_NNLS nonneg_ridge Pub 0.4926011045031346 Priv 0.37252808581864
TmApp NGRAM_HL_3 Ridge_grid Pub 0.2817027590941434 Priv 0.41305245153214354
TmApp PLM_ABLANG2_PCA32 SVR_RBF Pub 0.3845686955656744 Priv 0.5756471458673049
TmApp rankρ CV→Pub -0.2922404895854228 Pub→Priv -0.6330275229357799 CV→Priv 0.748866254562646
FINALISTS_ONESHOT_OK
