FeNNix esmfold ADI-37123
FeNNix esmfold ADI-37124
FeNNix esmfold ADI-37125
FeNNix esmfold ADI-38498
FeNNix esmfold ADI-38499
FeNNix esmfold ADI-38500
FeNNix esmfold ADI-38501
FeNNix esmfold ADI-38502
FeNNix esmfold ADI-38503
FeNNix esmfold ADI-45368
FeNNix esmfold ADI-45370
FeNNix esmfold ADI-45373
FeNNix esmfold ADI-45375
FeNNix esmfold ADI-45378
FeNNix esmfold ADI-45379
FeNNix esmfold ADI-45382
FeNNix esmfold ADI-45383
FeNNix esmfold ADI-45388
FeNNix esmfold ADI-45389
FeNNix esmfold ADI-45390
FeNNix esmfold ADI-45391
FeNNix esmfold ADI-45393
FeNNix esmfold ADI-45395
FeNNix esmfold ADI-45397
FeNNix esmfold ADI-45402
FeNNix esmfold ADI-45404
FeNNix esmfold ADI-45405
FeNNix esmfold ADI-45406
FeNNix esmfold ADI-45407
FeNNix esmfold ADI-45408
FeNNix esmfold ADI-45409
FeNNix esmfold ADI-45410
FeNNix esmfold ADI-45411
FeNNix esmfold ADI-45422
FeNNix esmfold ADI-45425
FeNNix esmfold ADI-45428
FeNNix esmfold ADI-45429
FeNNix esmfold ADI-45430
FeNNix esmfold ADI-45433
FeNNix esmfold ADI-45435
FeNNix esmfold ADI-45438
FeNNix esmfold ADI-45439
FeNNix esmfold ADI-45440
FeNNix esmfold ADI-45442
FeNNix esmfold ADI-45447
FeNNix esmfold ADI-45448
FeNNix esmfold ADI-45450
FeNNix esmfold ADI-45451
FeNNix esmfold ADI-45452
FeNNix esmfold ADI-45453
FeNNix esmfold ADI-45454
FeNNix esmfold ADI-45455
FeNNix esmfold ADI-45456
FeNNix esmfold ADI-45459
FeNNix esmfold ADI-45460
FeNNix esmfold ADI-45461
FeNNix esmfold ADI-45463
FeNNix esmfold ADI-45464
FeNNix esmfold ADI-45465
FeNNix esmfold ADI-45469
FeNNix esmfold ADI-45470
FeNNix esmfold ADI-45472
FeNNix esmfold ADI-45476
FeNNix esmfold ADI-45477
E0903 12:45:31.954530 3538115 execution_engine.cc:54] LLVM compilation error: Cannot allocate memory
E0903 12:45:31.954639 3538125 execution_engine.cc:54] LLVM compilation error: Cannot allocate memory
E0903 12:45:31.957363 3538121 execution_engine.cc:54] LLVM compilation error: Cannot allocate memory
E0903 12:45:31.957363 3538119 execution_engine.cc:54] LLVM compilation error: Cannot allocate memory
E0903 12:45:31.957546 3538137 execution_engine.cc:54] LLVM compilation error: Cannot allocate memory
E0903 12:45:31.957827 3538114 execution_engine.cc:54] LLVM compilation error: Cannot allocate memory
E0903 12:45:31.957959 3538110 execution_engine.cc:54] LLVM compilation error: Cannot allocate memory
E0903 12:45:31.958009 3538111 execution_engine.cc:54] LLVM compilation error: Cannot allocate memory
E0903 12:45:31.958055 3538138 execution_engine.cc:54] LLVM compilation error: Cannot allocate memory
E0903 12:45:31.958707 3538117 execution_engine.cc:54] LLVM compilation error: Cannot allocate memory
E0903 12:45:31.958964 3538124 execution_engine.cc:54] LLVM compilation error: Cannot allocate memory
E0903 12:45:31.959444 3538109 execution_engine.cc:54] LLVM compilation error: Cannot allocate memory
E0903 12:45:31.959481 3538113 execution_engine.cc:54] LLVM compilation error: Cannot allocate memory
E0903 12:45:31.959721 3538127 execution_engine.cc:54] LLVM compilation error: Cannot allocate memory
E0903 12:45:31.961252 3538122 execution_engine.cc:54] LLVM compilation error: Cannot allocate memory
E0903 12:45:31.961302 3538135 execution_engine.cc:54] LLVM compilation error: Cannot allocate memory
E0903 12:45:31.961913 3538108 execution_engine.cc:54] LLVM compilation error: Cannot allocate memory
E0903 12:45:31.962160 3538120 execution_engine.cc:54] LLVM compilation error: Cannot allocate memory
E0903 12:45:31.962768 3538136 execution_engine.cc:54] LLVM compilation error: Cannot allocate memory
E0903 12:45:31.963350 3538116 execution_engine.cc:54] LLVM compilation error: Cannot allocate memory
E0903 12:45:31.963851 3538125 execution_engine.cc:54] LLVM compilation error: Cannot allocate memory
E0903 12:45:31.964479 3538129 execution_engine.cc:54] LLVM compilation error: Cannot allocate memory
E0903 12:45:31.964922 3538109 execution_engine.cc:54] LLVM compilation error: Cannot allocate memory
E0903 12:45:31.965300 3538131 execution_engine.cc:54] LLVM compilation error: Cannot allocate memory
E0903 12:45:31.965618 3538134 execution_engine.cc:54] LLVM compilation error: Cannot allocate memory
E0903 12:45:31.965746 3538124 execution_engine.cc:54] LLVM compilation error: Cannot allocate memory
E0903 12:45:31.966280 3538130 execution_engine.cc:54] LLVM compilation error: Cannot allocate memory
E0903 12:45:31.966311 3538119 execution_engine.cc:54] LLVM compilation error: Cannot allocate memory
E0903 12:45:31.966389 3538138 execution_engine.cc:54] LLVM compilation error: Cannot allocate memory
E0903 12:45:31.966860 3538138 execution_engine.cc:54] LLVM compilation error: Cannot allocate memory
E0903 12:45:31.967241 3538111 execution_engine.cc:54] LLVM compilation error: Cannot allocate memory
E0903 12:45:31.967365 3538110 execution_engine.cc:54] LLVM compilation error: Cannot allocate memory
E0903 12:45:31.967519 3538126 execution_engine.cc:54] LLVM compilation error: Cannot allocate memory
E0903 12:45:31.967796 3538114 execution_engine.cc:54] LLVM compilation error: Cannot allocate memory
E0903 12:45:31.967998 3538114 execution_engine.cc:54] LLVM compilation error: Cannot allocate memory
E0903 12:45:31.968043 3538137 execution_engine.cc:54] LLVM compilation error: Cannot allocate memory
E0903 12:45:31.968162 3538123 execution_engine.cc:54] LLVM compilation error: Cannot allocate memory
E0903 12:45:31.968783 3538118 execution_engine.cc:54] LLVM compilation error: Cannot allocate memory
E0903 12:45:31.969010 3538121 execution_engine.cc:54] LLVM compilation error: Cannot allocate memory
E0903 12:45:31.970862 3538108 execution_engine.cc:54] LLVM compilation error: Cannot allocate memory
E0903 12:45:31.972966 3538112 execution_engine.cc:54] LLVM compilation error: Cannot allocate memory
E0903 12:45:31.974137 3538108 execution_engine.cc:54] LLVM compilation error: Cannot allocate memory
E0903 12:45:31.974193 3538127 execution_engine.cc:54] LLVM compilation error: Cannot allocate memory
E0903 12:45:31.975489 3538135 execution_engine.cc:54] LLVM compilation error: Cannot allocate memory
E0903 12:45:31.976170 3538122 execution_engine.cc:54] LLVM compilation error: Cannot allocate memory
E0903 12:45:31.978274 3538117 execution_engine.cc:54] LLVM compilation error: Cannot allocate memory
E0903 12:45:31.978843 3538132 execution_engine.cc:54] LLVM compilation error: Cannot allocate memory
E0903 12:45:31.989743 3538133 execution_engine.cc:54] LLVM compilation error: Cannot allocate memory
E0903 12:45:31.991832 3538115 execution_engine.cc:54] LLVM compilation error: Cannot allocate memory
FeNNix esmfold ADI-45479
E0903 12:45:33.938573 3538113 execution_engine.cc:54] LLVM compilation error: Cannot allocate memory
E0903 12:45:33.938614 3538115 execution_engine.cc:54] LLVM compilation error: Cannot allocate memory
E0903 12:45:33.938716 3538119 execution_engine.cc:54] LLVM compilation error: Cannot allocate memory
E0903 12:45:33.939361 3538137 execution_engine.cc:54] LLVM compilation error: Cannot allocate memory
E0903 12:45:33.939554 3538108 execution_engine.cc:54] LLVM compilation error: Cannot allocate memory
E0903 12:45:33.939645 3538125 execution_engine.cc:54] LLVM compilation error: Cannot allocate memory
E0903 12:45:33.939712 3538136 execution_engine.cc:54] LLVM compilation error: Cannot allocate memory
E0903 12:45:33.940306 3538128 execution_engine.cc:54] LLVM compilation error: Cannot allocate memory
E0903 12:45:33.940475 3538130 execution_engine.cc:54] LLVM compilation error: Cannot allocate memory
E0903 12:45:33.941853 3538111 execution_engine.cc:54] LLVM compilation error: Cannot allocate memory
E0903 12:45:33.941953 3538138 execution_engine.cc:54] LLVM compilation error: Cannot allocate memory
E0903 12:45:33.944892 3538124 execution_engine.cc:54] LLVM compilation error: Cannot allocate memory
E0903 12:45:33.944915 3538122 execution_engine.cc:54] LLVM compilation error: Cannot allocate memory
E0903 12:45:33.946764 3538108 execution_engine.cc:54] LLVM compilation error: Cannot allocate memory
E0903 12:45:33.946829 3538115 execution_engine.cc:54] LLVM compilation error: Cannot allocate memory
E0903 12:45:33.946861 3538136 execution_engine.cc:54] LLVM compilation error: Cannot allocate memory
E0903 12:45:33.946938 3538117 execution_engine.cc:54] LLVM compilation error: Cannot allocate memory
E0903 12:45:33.947006 3538123 execution_engine.cc:54] LLVM compilation error: Cannot allocate memory
E0903 12:45:33.947686 3538112 execution_engine.cc:54] LLVM compilation error: Cannot allocate memory
E0903 12:45:33.947835 3538135 execution_engine.cc:54] LLVM compilation error: Cannot allocate memory
E0903 12:45:33.947868 3538127 execution_engine.cc:54] LLVM compilation error: Cannot allocate memory
E0903 12:45:33.948597 3538133 execution_engine.cc:54] LLVM compilation error: Cannot allocate memory
E0903 12:45:33.948738 3538111 execution_engine.cc:54] LLVM compilation error: Cannot allocate memory
E0903 12:45:33.949108 3538118 execution_engine.cc:54] LLVM compilation error: Cannot allocate memory
E0903 12:45:33.950325 3538109 execution_engine.cc:54] LLVM compilation error: Cannot allocate memory
E0903 12:45:33.950802 3538129 execution_engine.cc:54] LLVM compilation error: Cannot allocate memory
E0903 12:45:33.950820 3538122 execution_engine.cc:54] LLVM compilation error: Cannot allocate memory
E0903 12:45:33.951220 3538122 execution_engine.cc:54] LLVM compilation error: Cannot allocate memory
E0903 12:45:33.951782 3538124 execution_engine.cc:54] LLVM compilation error: Cannot allocate memory
E0903 12:45:33.952135 3538119 execution_engine.cc:54] LLVM compilation error: Cannot allocate memory
E0903 12:45:33.952325 3538119 execution_engine.cc:54] LLVM compilation error: Cannot allocate memory
E0903 12:45:33.952335 3538115 execution_engine.cc:54] LLVM compilation error: Cannot allocate memory
E0903 12:45:33.953177 3538116 execution_engine.cc:54] LLVM compilation error: Cannot allocate memory
E0903 12:45:33.953397 3538131 execution_engine.cc:54] LLVM compilation error: Cannot allocate memory
E0903 12:45:33.953537 3538107 execution_engine.cc:54] LLVM compilation error: Cannot allocate memory
E0903 12:45:33.953581 3538136 execution_engine.cc:54] LLVM compilation error: Cannot allocate memory
E0903 12:45:33.955707 3538114 execution_engine.cc:54] LLVM compilation error: Cannot allocate memory
E0903 12:45:33.955898 3538125 execution_engine.cc:54] LLVM compilation error: Cannot allocate memory
E0903 12:45:33.956025 3538128 execution_engine.cc:54] LLVM compilation error: Cannot allocate memory
E0903 12:45:33.956329 3538138 execution_engine.cc:54] LLVM compilation error: Cannot allocate memory
E0903 12:45:33.956357 3538108 execution_engine.cc:54] LLVM compilation error: Cannot allocate memory
E0903 12:45:33.957103 3538117 execution_engine.cc:54] LLVM compilation error: Cannot allocate memory
E0903 12:45:33.957374 3538126 execution_engine.cc:54] LLVM compilation error: Cannot allocate memory
E0903 12:45:33.960200 3538130 execution_engine.cc:54] LLVM compilation error: Cannot allocate memory
E0903 12:45:33.960409 3538121 execution_engine.cc:54] LLVM compilation error: Cannot allocate memory
E0903 12:45:33.961779 3538120 execution_engine.cc:54] LLVM compilation error: Cannot allocate memory
E0903 12:45:33.965775 3538134 execution_engine.cc:54] LLVM compilation error: Cannot allocate memory
E0903 12:45:33.972292 3538113 execution_engine.cc:54] LLVM compilation error: Cannot allocate memory
E0903 12:45:33.975694 3538137 execution_engine.cc:54] LLVM compilation error: Cannot allocate memory
FeNNix esmfold ADI-45480
E0903 12:45:35.919768 3538108 execution_engine.cc:54] LLVM compilation error: Cannot allocate memory
E0903 12:45:35.919871 3538134 execution_engine.cc:54] LLVM compilation error: Cannot allocate memory
E0903 12:45:35.919931 3538112 execution_engine.cc:54] LLVM compilation error: Cannot allocate memory
E0903 12:45:35.920062 3538117 execution_engine.cc:54] LLVM compilation error: Cannot allocate memory
E0903 12:45:35.921465 3538131 execution_engine.cc:54] LLVM compilation error: Cannot allocate memory
E0903 12:45:35.921929 3538110 execution_engine.cc:54] LLVM compilation error: Cannot allocate memory
E0903 12:45:35.922946 3538119 execution_engine.cc:54] LLVM compilation error: Cannot allocate memory
E0903 12:45:35.923088 3538111 execution_engine.cc:54] LLVM compilation error: Cannot allocate memory
E0903 12:45:35.923170 3538129 execution_engine.cc:54] LLVM compilation error: Cannot allocate memory
E0903 12:45:35.923478 3538132 execution_engine.cc:54] LLVM compilation error: Cannot allocate memory
E0903 12:45:35.923761 3538125 execution_engine.cc:54] LLVM compilation error: Cannot allocate memory
E0903 12:45:35.924065 3538130 execution_engine.cc:54] LLVM compilation error: Cannot allocate memory
E0903 12:45:35.924199 3538137 execution_engine.cc:54] LLVM compilation error: Cannot allocate memory
E0903 12:45:35.924883 3538120 execution_engine.cc:54] LLVM compilation error: Cannot allocate memory
E0903 12:45:35.925397 3538107 execution_engine.cc:54] LLVM compilation error: Cannot allocate memory
E0903 12:45:35.925539 3538117 execution_engine.cc:54] LLVM compilation error: Cannot allocate memory
E0903 12:45:35.925814 3538123 execution_engine.cc:54] LLVM compilation error: Cannot allocate memory
E0903 12:45:35.926175 3538112 execution_engine.cc:54] LLVM compilation error: Cannot allocate memory
E0903 12:45:35.926737 3538124 execution_engine.cc:54] LLVM compilation error: Cannot allocate memory
E0903 12:45:35.927399 3538122 execution_engine.cc:54] LLVM compilation error: Cannot allocate memory
E0903 12:45:35.927485 3538121 execution_engine.cc:54] LLVM compilation error: Cannot allocate memory
E0903 12:45:35.927516 3538110 execution_engine.cc:54] LLVM compilation error: Cannot allocate memory
E0903 12:45:35.928303 3538133 execution_engine.cc:54] LLVM compilation error: Cannot allocate memory
E0903 12:45:35.929475 3538109 execution_engine.cc:54] LLVM compilation error: Cannot allocate memory
E0903 12:45:35.929623 3538134 execution_engine.cc:54] LLVM compilation error: Cannot allocate memory
E0903 12:45:35.930530 3538111 execution_engine.cc:54] LLVM compilation error: Cannot allocate memory
E0903 12:45:35.930596 3538107 execution_engine.cc:54] LLVM compilation error: Cannot allocate memory
E0903 12:45:35.930903 3538108 execution_engine.cc:54] LLVM compilation error: Cannot allocate memory
E0903 12:45:35.931128 3538112 execution_engine.cc:54] LLVM compilation error: Cannot allocate memory
E0903 12:45:35.932406 3538108 execution_engine.cc:54] LLVM compilation error: Cannot allocate memory
E0903 12:45:35.933458 3538112 execution_engine.cc:54] LLVM compilation error: Cannot allocate memory
E0903 12:45:35.934097 3538120 execution_engine.cc:54] LLVM compilation error: Cannot allocate memory
E0903 12:45:35.934548 3538131 execution_engine.cc:54] LLVM compilation error: Cannot allocate memory
E0903 12:45:35.934806 3538135 execution_engine.cc:54] LLVM compilation error: Cannot allocate memory
E0903 12:45:35.936000 3538115 execution_engine.cc:54] LLVM compilation error: Cannot allocate memory
E0903 12:45:35.936117 3538136 execution_engine.cc:54] LLVM compilation error: Cannot allocate memory
E0903 12:45:35.936438 3538113 execution_engine.cc:54] LLVM compilation error: Cannot allocate memory
E0903 12:45:35.937029 3538119 execution_engine.cc:54] LLVM compilation error: Cannot allocate memory
E0903 12:45:35.938979 3538127 execution_engine.cc:54] LLVM compilation error: Cannot allocate memory
E0903 12:45:35.939168 3538114 execution_engine.cc:54] LLVM compilation error: Cannot allocate memory
E0903 12:45:35.939193 3538137 execution_engine.cc:54] LLVM compilation error: Cannot allocate memory
E0903 12:45:35.941988 3538125 execution_engine.cc:54] LLVM compilation error: Cannot allocate memory
E0903 12:45:35.942608 3538123 execution_engine.cc:54] LLVM compilation error: Cannot allocate memory
E0903 12:45:35.944289 3538129 execution_engine.cc:54] LLVM compilation error: Cannot allocate memory
E0903 12:45:35.946759 3538118 execution_engine.cc:54] LLVM compilation error: Cannot allocate memory
E0903 12:45:35.949424 3538130 execution_engine.cc:54] LLVM compilation error: Cannot allocate memory
E0903 12:45:35.950370 3538116 execution_engine.cc:54] LLVM compilation error: Cannot allocate memory
E0903 12:45:35.960838 3538128 execution_engine.cc:54] LLVM compilation error: Cannot allocate memory
E0903 12:45:35.973261 3538138 execution_engine.cc:54] LLVM compilation error: Cannot allocate memory
E0903 12:45:35.973557 3538126 execution_engine.cc:54] LLVM compilation error: Cannot allocate memory
FeNNix esmfold ADI-45481
E0903 12:45:37.851794 3538126 execution_engine.cc:54] LLVM compilation error: Cannot allocate memory
E0903 12:45:37.852351 3538109 execution_engine.cc:54] LLVM compilation error: Cannot allocate memory
E0903 12:45:37.852412 3538131 execution_engine.cc:54] LLVM compilation error: Cannot allocate memory
E0903 12:45:37.853053 3538127 execution_engine.cc:54] LLVM compilation error: Cannot allocate memory
E0903 12:45:37.853300 3538113 execution_engine.cc:54] LLVM compilation error: Cannot allocate memory
E0903 12:45:37.854078 3538138 execution_engine.cc:54] LLVM compilation error: Cannot allocate memory
E0903 12:45:37.855869 3538117 execution_engine.cc:54] LLVM compilation error: Cannot allocate memory
E0903 12:45:37.857271 3538128 execution_engine.cc:54] LLVM compilation error: Cannot allocate memory
E0903 12:45:37.857375 3538123 execution_engine.cc:54] LLVM compilation error: Cannot allocate memory
E0903 12:45:37.857422 3538125 execution_engine.cc:54] LLVM compilation error: Cannot allocate memory
E0903 12:45:37.858239 3538113 execution_engine.cc:54] LLVM compilation error: Cannot allocate memory
E0903 12:45:37.858538 3538136 execution_engine.cc:54] LLVM compilation error: Cannot allocate memory
E0903 12:45:37.858619 3538108 execution_engine.cc:54] LLVM compilation error: Cannot allocate memory
E0903 12:45:37.858916 3538129 execution_engine.cc:54] LLVM compilation error: Cannot allocate memory
E0903 12:45:37.859867 3538120 execution_engine.cc:54] LLVM compilation error: Cannot allocate memory
E0903 12:45:37.861256 3538125 execution_engine.cc:54] LLVM compilation error: Cannot allocate memory
E0903 12:45:37.861872 3538114 execution_engine.cc:54] LLVM compilation error: Cannot allocate memory
E0903 12:45:37.861961 3538121 execution_engine.cc:54] LLVM compilation error: Cannot allocate memory
E0903 12:45:37.863001 3538122 execution_engine.cc:54] LLVM compilation error: Cannot allocate memory
E0903 12:45:37.863467 3538130 execution_engine.cc:54] LLVM compilation error: Cannot allocate memory
E0903 12:45:37.863620 3538128 execution_engine.cc:54] LLVM compilation error: Cannot allocate memory
E0903 12:45:37.863945 3538127 execution_engine.cc:54] LLVM compilation error: Cannot allocate memory
E0903 12:45:37.864190 3538109 execution_engine.cc:54] LLVM compilation error: Cannot allocate memory
E0903 12:45:37.864644 3538138 execution_engine.cc:54] LLVM compilation error: Cannot allocate memory
E0903 12:45:37.865719 3538119 execution_engine.cc:54] LLVM compilation error: Cannot allocate memory
E0903 12:45:37.866789 3538131 execution_engine.cc:54] LLVM compilation error: Cannot allocate memory
E0903 12:45:37.866965 3538126 execution_engine.cc:54] LLVM compilation error: Cannot allocate memory
E0903 12:45:37.867465 3538126 execution_engine.cc:54] LLVM compilation error: Cannot allocate memory
E0903 12:45:37.867621 3538113 execution_engine.cc:54] LLVM compilation error: Cannot allocate memory
E0903 12:45:37.867861 3538123 execution_engine.cc:54] LLVM compilation error: Cannot allocate memory
E0903 12:45:37.867898 3538125 execution_engine.cc:54] LLVM compilation error: Cannot allocate memory
E0903 12:45:37.868081 3538117 execution_engine.cc:54] LLVM compilation error: Cannot allocate memory
E0903 12:45:37.868393 3538134 execution_engine.cc:54] LLVM compilation error: Cannot allocate memory
E0903 12:45:37.868509 3538116 execution_engine.cc:54] LLVM compilation error: Cannot allocate memory
E0903 12:45:37.869265 3538110 execution_engine.cc:54] LLVM compilation error: Cannot allocate memory
E0903 12:45:37.869608 3538137 execution_engine.cc:54] LLVM compilation error: Cannot allocate memory
E0903 12:45:37.869682 3538136 execution_engine.cc:54] LLVM compilation error: Cannot allocate memory
E0903 12:45:37.870747 3538108 execution_engine.cc:54] LLVM compilation error: Cannot allocate memory
E0903 12:45:37.870867 3538112 execution_engine.cc:54] LLVM compilation error: Cannot allocate memory
E0903 12:45:37.871036 3538118 execution_engine.cc:54] LLVM compilation error: Cannot allocate memory
E0903 12:45:37.873590 3538135 execution_engine.cc:54] LLVM compilation error: Cannot allocate memory
E0903 12:45:37.873666 3538120 execution_engine.cc:54] LLVM compilation error: Cannot allocate memory
E0903 12:45:37.874016 3538132 execution_engine.cc:54] LLVM compilation error: Cannot allocate memory
E0903 12:45:37.874379 3538129 execution_engine.cc:54] LLVM compilation error: Cannot allocate memory
E0903 12:45:37.875071 3538114 execution_engine.cc:54] LLVM compilation error: Cannot allocate memory
E0903 12:45:37.875300 3538124 execution_engine.cc:54] LLVM compilation error: Cannot allocate memory
E0903 12:45:37.881464 3538107 execution_engine.cc:54] LLVM compilation error: Cannot allocate memory
E0903 12:45:37.881640 3538133 execution_engine.cc:54] LLVM compilation error: Cannot allocate memory
E0903 12:45:37.885000 3538115 execution_engine.cc:54] LLVM compilation error: Cannot allocate memory
FeNNix esmfold ADI-45485
E0903 12:45:40.155325 3538122 execution_engine.cc:54] LLVM compilation error: Cannot allocate memory
E0903 12:45:40.155662 3538129 execution_engine.cc:54] LLVM compilation error: Cannot allocate memory
E0903 12:45:40.156414 3538108 execution_engine.cc:54] LLVM compilation error: Cannot allocate memory
E0903 12:45:40.156453 3538120 execution_engine.cc:54] LLVM compilation error: Cannot allocate memory
E0903 12:45:40.157229 3538110 execution_engine.cc:54] LLVM compilation error: Cannot allocate memory
E0903 12:45:40.157834 3538123 execution_engine.cc:54] LLVM compilation error: Cannot allocate memory
E0903 12:45:40.158035 3538109 execution_engine.cc:54] LLVM compilation error: Cannot allocate memory
E0903 12:45:40.158225 3538121 execution_engine.cc:54] LLVM compilation error: Cannot allocate memory
E0903 12:45:40.158296 3538134 execution_engine.cc:54] LLVM compilation error: Cannot allocate memory
E0903 12:45:40.158420 3538131 execution_engine.cc:54] LLVM compilation error: Cannot allocate memory
E0903 12:45:40.158795 3538107 execution_engine.cc:54] LLVM compilation error: Cannot allocate memory
E0903 12:45:40.158949 3538124 execution_engine.cc:54] LLVM compilation error: Cannot allocate memory
E0903 12:45:40.159558 3538116 execution_engine.cc:54] LLVM compilation error: Cannot allocate memory
E0903 12:45:40.159697 3538112 execution_engine.cc:54] LLVM compilation error: Cannot allocate memory
E0903 12:45:40.160320 3538117 execution_engine.cc:54] LLVM compilation error: Cannot allocate memory
E0903 12:45:40.160422 3538113 execution_engine.cc:54] LLVM compilation error: Cannot allocate memory
E0903 12:45:40.161578 3538138 execution_engine.cc:54] LLVM compilation error: Cannot allocate memory
E0903 12:45:40.162226 3538127 execution_engine.cc:54] LLVM compilation error: Cannot allocate memory
E0903 12:45:40.162277 3538120 execution_engine.cc:54] LLVM compilation error: Cannot allocate memory
E0903 12:45:40.162885 3538119 execution_engine.cc:54] LLVM compilation error: Cannot allocate memory
E0903 12:45:40.163703 3538118 execution_engine.cc:54] LLVM compilation error: Cannot allocate memory
E0903 12:45:40.164194 3538134 execution_engine.cc:54] LLVM compilation error: Cannot allocate memory
E0903 12:45:40.167013 3538134 execution_engine.cc:54] LLVM compilation error: Cannot allocate memory
E0903 12:45:40.167033 3538135 execution_engine.cc:54] LLVM compilation error: Cannot allocate memory
E0903 12:45:40.167126 3538131 execution_engine.cc:54] LLVM compilation error: Cannot allocate memory
E0903 12:45:40.167153 3538137 execution_engine.cc:54] LLVM compilation error: Cannot allocate memory
E0903 12:45:40.167223 3538116 execution_engine.cc:54] LLVM compilation error: Cannot allocate memory
E0903 12:45:40.167292 3538122 execution_engine.cc:54] LLVM compilation error: Cannot allocate memory
E0903 12:45:40.167468 3538126 execution_engine.cc:54] LLVM compilation error: Cannot allocate memory
E0903 12:45:40.167534 3538132 execution_engine.cc:54] LLVM compilation error: Cannot allocate memory
E0903 12:45:40.167610 3538112 execution_engine.cc:54] LLVM compilation error: Cannot allocate memory
E0903 12:45:40.167707 3538111 execution_engine.cc:54] LLVM compilation error: Cannot allocate memory
E0903 12:45:40.167911 3538110 execution_engine.cc:54] LLVM compilation error: Cannot allocate memory
E0903 12:45:40.168008 3538133 execution_engine.cc:54] LLVM compilation error: Cannot allocate memory
E0903 12:45:40.168521 3538115 execution_engine.cc:54] LLVM compilation error: Cannot allocate memory
E0903 12:45:40.168533 3538136 execution_engine.cc:54] LLVM compilation error: Cannot allocate memory
E0903 12:45:40.168642 3538107 execution_engine.cc:54] LLVM compilation error: Cannot allocate memory
E0903 12:45:40.169364 3538120 execution_engine.cc:54] LLVM compilation error: Cannot allocate memory
E0903 12:45:40.169909 3538121 execution_engine.cc:54] LLVM compilation error: Cannot allocate memory
E0903 12:45:40.170333 3538127 execution_engine.cc:54] LLVM compilation error: Cannot allocate memory
E0903 12:45:40.171045 3538108 execution_engine.cc:54] LLVM compilation error: Cannot allocate memory
E0903 12:45:40.171246 3538129 execution_engine.cc:54] LLVM compilation error: Cannot allocate memory
E0903 12:45:40.171769 3538109 execution_engine.cc:54] LLVM compilation error: Cannot allocate memory
E0903 12:45:40.172754 3538117 execution_engine.cc:54] LLVM compilation error: Cannot allocate memory
E0903 12:45:40.173291 3538138 execution_engine.cc:54] LLVM compilation error: Cannot allocate memory
E0903 12:45:40.174667 3538123 execution_engine.cc:54] LLVM compilation error: Cannot allocate memory
E0903 12:45:40.175656 3538124 execution_engine.cc:54] LLVM compilation error: Cannot allocate memory
E0903 12:45:40.181008 3538125 execution_engine.cc:54] LLVM compilation error: Cannot allocate memory
E0903 12:45:40.182843 3538113 execution_engine.cc:54] LLVM compilation error: Cannot allocate memory
E0903 12:45:40.200443 3538114 execution_engine.cc:54] LLVM compilation error: Cannot allocate memory
E0903 12:45:40.202602 3538130 execution_engine.cc:54] LLVM compilation error: Cannot allocate memory
FeNNix esmfold ADI-45486
E0903 12:45:42.196493 3538137 execution_engine.cc:54] LLVM compilation error: Cannot allocate memory
E0903 12:45:42.196802 3538120 execution_engine.cc:54] LLVM compilation error: Cannot allocate memory
E0903 12:45:42.196969 3538108 execution_engine.cc:54] LLVM compilation error: Cannot allocate memory
E0903 12:45:42.197291 3538136 execution_engine.cc:54] LLVM compilation error: Cannot allocate memory
E0903 12:45:42.197808 3538117 execution_engine.cc:54] LLVM compilation error: Cannot allocate memory
E0903 12:45:42.198068 3538118 execution_engine.cc:54] LLVM compilation error: Cannot allocate memory
E0903 12:45:42.198546 3538122 execution_engine.cc:54] LLVM compilation error: Cannot allocate memory
E0903 12:45:42.198952 3538125 execution_engine.cc:54] LLVM compilation error: Cannot allocate memory
E0903 12:45:42.199448 3538124 execution_engine.cc:54] LLVM compilation error: Cannot allocate memory
E0903 12:45:42.200742 3538133 execution_engine.cc:54] LLVM compilation error: Cannot allocate memory
E0903 12:45:42.200957 3538134 execution_engine.cc:54] LLVM compilation error: Cannot allocate memory
E0903 12:45:42.201130 3538108 contiguous_section_memory_manager.cc:105] allocateMappedMemory failed with error: Cannot allocate memory
E0903 12:45:42.201140 3538108 contiguous_section_memory_manager.cc:148] Failed to satisfy suballocation request for 393
LLVM ERROR: Unable to allocate section memory!
E0903 12:45:42.201144 3538119 execution_engine.cc:54] LLVM compilation error: Cannot allocate memory
resume: 63 SUCCESS already cached
FeNNix esmfold ADI-45477
FeNNix esmfold ADI-45479
FeNNix esmfold ADI-45480
FeNNix esmfold ADI-45481
FeNNix esmfold ADI-45485
FeNNix esmfold ADI-45486
FeNNix esmfold ADI-45488
FeNNix esmfold ADI-45489
FeNNix esmfold ADI-45490
FeNNix esmfold ADI-45491
FeNNix esmfold ADI-45493
FeNNix esmfold ADI-45495
FeNNix esmfold ADI-45497
FeNNix esmfold ADI-45498
FeNNix esmfold ADI-45499
FeNNix esmfold ADI-46677
FeNNix esmfold ADI-46678
FeNNix esmfold ADI-46682
FeNNix esmfold ADI-46684
FeNNix esmfold ADI-46685
FeNNix esmfold ADI-46689
FeNNix esmfold ADI-46690
FeNNix esmfold ADI-46691
FeNNix esmfold ADI-46692
FeNNix esmfold ADI-46693
FeNNix esmfold ADI-46695
FeNNix esmfold ADI-46696
FeNNix esmfold ADI-46697
FeNNix esmfold ADI-46701
FeNNix esmfold ADI-46704
FeNNix esmfold ADI-46705
FeNNix esmfold ADI-46706
FeNNix esmfold ADI-46707
FeNNix esmfold ADI-46708
FeNNix esmfold ADI-46710
FeNNix esmfold ADI-46713
FeNNix esmfold ADI-47054
FeNNix esmfold ADI-47055
FeNNix esmfold ADI-47056
FeNNix esmfold ADI-47057
FeNNix esmfold ADI-47058
FeNNix esmfold ADI-47059
FeNNix esmfold ADI-47060
FeNNix esmfold ADI-47061
FeNNix esmfold ADI-47062
FeNNix esmfold ADI-47063
FeNNix esmfold ADI-47064
FeNNix esmfold ADI-47065
FeNNix esmfold ADI-47066
FeNNix esmfold ADI-47067
FeNNix esmfold ADI-47068
FeNNix esmfold ADI-47069
FeNNix esmfold ADI-47070
FeNNix esmfold ADI-47071
FeNNix esmfold ADI-47072
FeNNix esmfold ADI-47073
FeNNix esmfold ADI-47074
FeNNix esmfold ADI-47075
FeNNix esmfold ADI-47076
FeNNix esmfold ADI-47077
FeNNix esmfold ADI-47078
FeNNix esmfold ADI-47079
FeNNix esmfold ADI-47081
FeNNix esmfold ADI-47082
FeNNix esmfold ADI-47083
FeNNix esmfold ADI-47084
FeNNix esmfold ADI-47085
FeNNix esmfold ADI-47087
FeNNix esmfold ADI-47089
FeNNix esmfold ADI-47090
FeNNix esmfold ADI-47091
FeNNix esmfold ADI-47092
FeNNix esmfold ADI-47093
FeNNix esmfold ADI-47094
FeNNix esmfold ADI-47095
FeNNix esmfold ADI-47096
FeNNix esmfold ADI-47097
FeNNix esmfold ADI-47098
FeNNix esmfold ADI-47099
FeNNix esmfold ADI-47100
FeNNix esmfold ADI-47102
FeNNix esmfold ADI-47103
FeNNix esmfold ADI-47104
FeNNix esmfold ADI-47105
FeNNix esmfold ADI-47106
FeNNix esmfold ADI-47107
FeNNix esmfold ADI-47109
FeNNix esmfold ADI-47111
FeNNix esmfold ADI-47112
FeNNix esmfold ADI-47113
FeNNix esmfold ADI-47114
FeNNix esmfold ADI-47116
FeNNix esmfold ADI-47117
FeNNix esmfold ADI-47118
FeNNix esmfold ADI-47119
FeNNix esmfold ADI-47120
FeNNix esmfold ADI-47121
FeNNix esmfold ADI-47122
FeNNix esmfold ADI-47123
FeNNix esmfold ADI-47124
FeNNix esmfold ADI-47125
FeNNix esmfold ADI-47126
FeNNix esmfold ADI-47127
FeNNix esmfold ADI-47129
FeNNix esmfold ADI-47130
FeNNix esmfold ADI-47131
FeNNix esmfold ADI-47132
FeNNix esmfold ADI-47133
FeNNix esmfold ADI-47134
FeNNix esmfold ADI-47135
FeNNix esmfold ADI-47137
FeNNix esmfold ADI-47139
FeNNix esmfold ADI-47140
FeNNix esmfold ADI-47141
FeNNix esmfold ADI-47143
FeNNix esmfold ADI-47145
FeNNix esmfold ADI-47146
FeNNix esmfold ADI-47147
FeNNix esmfold ADI-47148
FeNNix esmfold ADI-47149
FeNNix esmfold ADI-47151
FeNNix esmfold ADI-47152
FeNNix esmfold ADI-47153
FeNNix esmfold ADI-47154
FeNNix esmfold ADI-47155
FeNNix esmfold ADI-47156
FeNNix esmfold ADI-47158
FeNNix esmfold ADI-47159
FeNNix esmfold ADI-47160
FeNNix esmfold ADI-47161
FeNNix esmfold ADI-47162
FeNNix esmfold ADI-47163
FeNNix esmfold ADI-47165
FeNNix esmfold ADI-47166
FeNNix esmfold ADI-47173
FeNNix esmfold ADI-47174
FeNNix esmfold ADI-47175
FeNNix esmfold ADI-47176
FeNNix esmfold ADI-47177
FeNNix esmfold ADI-47178
FeNNix esmfold ADI-47179
FeNNix esmfold ADI-47180
FeNNix esmfold ADI-47181
FeNNix esmfold ADI-47182
FeNNix esmfold ADI-47183
FeNNix esmfold ADI-47184
FeNNix esmfold ADI-47186
FeNNix esmfold ADI-47187
FeNNix esmfold ADI-47188
FeNNix esmfold ADI-47189
FeNNix esmfold ADI-47190
FeNNix esmfold ADI-47191
FeNNix esmfold ADI-47192
FeNNix esmfold ADI-47193
FeNNix esmfold ADI-47194
FeNNix esmfold ADI-47195
FeNNix esmfold ADI-47196
FeNNix esmfold ADI-47197
FeNNix esmfold ADI-47198
FeNNix esmfold ADI-47199
FeNNix esmfold ADI-47200
FeNNix esmfold ADI-47201
FeNNix esmfold ADI-47202
FeNNix esmfold ADI-47203
FeNNix esmfold ADI-47204
FeNNix esmfold ADI-47205
FeNNix esmfold ADI-47206
FeNNix esmfold ADI-47207
FeNNix esmfold ADI-47208
FeNNix esmfold ADI-47209
FeNNix esmfold ADI-47212
FeNNix esmfold ADI-47213
FeNNix esmfold ADI-47214
FeNNix esmfold ADI-47215
FeNNix esmfold ADI-47216
FeNNix esmfold ADI-47217
FeNNix esmfold ADI-47218
FeNNix esmfold ADI-47219
FeNNix esmfold ADI-47220
FeNNix esmfold ADI-47221
FeNNix esmfold ADI-47222
FeNNix esmfold ADI-47223
FeNNix esmfold ADI-47224
FeNNix esmfold ADI-47225
FeNNix esmfold ADI-47226
FeNNix esmfold ADI-47227
FeNNix esmfold ADI-47228
FeNNix esmfold ADI-47229
FeNNix esmfold ADI-47230
FeNNix esmfold ADI-47231
FeNNix esmfold ADI-47232
FeNNix esmfold ADI-47233
FeNNix esmfold ADI-47234
FeNNix esmfold ADI-47235
FeNNix esmfold ADI-47236
FeNNix esmfold ADI-47237
FeNNix esmfold ADI-47238
FeNNix esmfold ADI-47239
FeNNix esmfold ADI-47240
FeNNix esmfold ADI-47241
FeNNix esmfold ADI-47243
FeNNix esmfold ADI-47244
FeNNix esmfold ADI-47246
FeNNix esmfold ADI-47247
FeNNix esmfold ADI-47248
FeNNix esmfold ADI-47249
FeNNix esmfold ADI-47250
FeNNix esmfold ADI-47251
FeNNix esmfold ADI-47252
FeNNix esmfold ADI-47253
FeNNix esmfold ADI-47254
FeNNix esmfold ADI-47255
FeNNix esmfold ADI-47256
FeNNix esmfold ADI-47257
FeNNix esmfold ADI-47258
FeNNix esmfold ADI-47259
FeNNix esmfold ADI-47260
FeNNix esmfold ADI-47261
FeNNix esmfold ADI-47262
FeNNix esmfold ADI-47263
FeNNix esmfold ADI-47264
FeNNix esmfold ADI-47265
FeNNix esmfold ADI-47267
FeNNix esmfold ADI-47278
FeNNix esmfold ADI-47279
FeNNix esmfold ADI-47280
FeNNix esmfold ADI-47281
FeNNix esmfold ADI-47282
FeNNix esmfold ADI-47283
FeNNix esmfold ADI-47284
FeNNix esmfold ADI-47285
FeNNix esmfold ADI-47286
FeNNix esmfold ADI-47287
FeNNix esmfold ADI-47288
FeNNix esmfold ADI-47289
FeNNix esmfold ADI-47290
FeNNix esmfold ADI-47291
FeNNix esmfold ADI-47292
FeNNix esmfold ADI-47293
FeNNix esmfold ADI-47294
FeNNix esmfold ADI-47295
FeNNix esmfold ADI-47296
FeNNix esmfold ADI-47297
FeNNix esmfold ADI-47298
FeNNix esmfold ADI-47299
FeNNix esmfold ADI-47300
FeNNix esmfold ADI-47301
FeNNix esmfold ADI-47302
FeNNix esmfold ADI-47303
FeNNix esmfold ADI-47304
FeNNix esmfold ADI-47305
FeNNix esmfold ADI-47306
FeNNix esmfold ADI-47307
FeNNix esmfold ADI-47308
FeNNix esmfold ADI-47309
FeNNix esmfold ADI-47310
FeNNix esmfold ADI-47311
FeNNix esmfold ADI-47312
FeNNix esmfold ADI-47313
FeNNix esmfold ADI-47316
FeNNix esmfold ADI-47317
FeNNix abodybuilder2 ADI-37123
FeNNix abodybuilder2 ADI-37124
FeNNix abodybuilder2 ADI-37125
FeNNix abodybuilder2 ADI-38498
FeNNix abodybuilder2 ADI-38499
FeNNix abodybuilder2 ADI-38500
FeNNix abodybuilder2 ADI-38501
FeNNix abodybuilder2 ADI-38502
FeNNix abodybuilder2 ADI-38503
FeNNix abodybuilder2 ADI-45368
FeNNix abodybuilder2 ADI-45370
FeNNix abodybuilder2 ADI-45373
FeNNix abodybuilder2 ADI-45375
FeNNix abodybuilder2 ADI-45378
FeNNix abodybuilder2 ADI-45379
FeNNix abodybuilder2 ADI-45382
FeNNix abodybuilder2 ADI-45383
FeNNix abodybuilder2 ADI-45388
FeNNix abodybuilder2 ADI-45389
FeNNix abodybuilder2 ADI-45390
FeNNix abodybuilder2 ADI-45391
FeNNix abodybuilder2 ADI-45393
FeNNix abodybuilder2 ADI-45395
FeNNix abodybuilder2 ADI-45397
FeNNix abodybuilder2 ADI-45402
FeNNix abodybuilder2 ADI-45404
FeNNix abodybuilder2 ADI-45405
FeNNix abodybuilder2 ADI-45406
FeNNix abodybuilder2 ADI-45407
FeNNix abodybuilder2 ADI-45408
FeNNix abodybuilder2 ADI-45409
FeNNix abodybuilder2 ADI-45410
FeNNix abodybuilder2 ADI-45411
FeNNix abodybuilder2 ADI-45422
FeNNix abodybuilder2 ADI-45425
FeNNix abodybuilder2 ADI-45428
FeNNix abodybuilder2 ADI-45429
FeNNix abodybuilder2 ADI-45430
FeNNix abodybuilder2 ADI-45433
FeNNix abodybuilder2 ADI-45435
FeNNix abodybuilder2 ADI-45438
FeNNix abodybuilder2 ADI-45439
FeNNix abodybuilder2 ADI-45440
FeNNix abodybuilder2 ADI-45442
FeNNix abodybuilder2 ADI-45447
FeNNix abodybuilder2 ADI-45448
FeNNix abodybuilder2 ADI-45450
FeNNix abodybuilder2 ADI-45451
FeNNix abodybuilder2 ADI-45452
FeNNix abodybuilder2 ADI-45453
FeNNix abodybuilder2 ADI-45454
FeNNix abodybuilder2 ADI-45455
FeNNix abodybuilder2 ADI-45456
FeNNix abodybuilder2 ADI-45459
FeNNix abodybuilder2 ADI-45460
FeNNix abodybuilder2 ADI-45461
FeNNix abodybuilder2 ADI-45463
FeNNix abodybuilder2 ADI-45464
FeNNix abodybuilder2 ADI-45465
FeNNix abodybuilder2 ADI-45469
FeNNix abodybuilder2 ADI-45470
FeNNix abodybuilder2 ADI-45472
FeNNix abodybuilder2 ADI-45476
FeNNix abodybuilder2 ADI-45477
FeNNix abodybuilder2 ADI-45479
FeNNix abodybuilder2 ADI-45480
FeNNix abodybuilder2 ADI-45481
FeNNix abodybuilder2 ADI-45485
FeNNix abodybuilder2 ADI-45486
FeNNix abodybuilder2 ADI-45488
FeNNix abodybuilder2 ADI-45489
FeNNix abodybuilder2 ADI-45490
FeNNix abodybuilder2 ADI-45491
FeNNix abodybuilder2 ADI-45493
FeNNix abodybuilder2 ADI-45495
FeNNix abodybuilder2 ADI-45497
FeNNix abodybuilder2 ADI-45498
FeNNix abodybuilder2 ADI-45499
FeNNix abodybuilder2 ADI-46677
FeNNix abodybuilder2 ADI-46678
FeNNix abodybuilder2 ADI-46682
FeNNix abodybuilder2 ADI-46684
FeNNix abodybuilder2 ADI-46685
FeNNix abodybuilder2 ADI-46689
FeNNix abodybuilder2 ADI-46690
FeNNix abodybuilder2 ADI-46691
FeNNix abodybuilder2 ADI-46692
FeNNix abodybuilder2 ADI-46693
FeNNix abodybuilder2 ADI-46695
FeNNix abodybuilder2 ADI-46696
FeNNix abodybuilder2 ADI-46697
FeNNix abodybuilder2 ADI-46701
FeNNix abodybuilder2 ADI-46704
FeNNix abodybuilder2 ADI-46705
FeNNix abodybuilder2 ADI-46706
FeNNix abodybuilder2 ADI-46707
FeNNix abodybuilder2 ADI-46708
FeNNix abodybuilder2 ADI-46710
FeNNix abodybuilder2 ADI-46713
FeNNix abodybuilder2 ADI-47054
FeNNix abodybuilder2 ADI-47055
FeNNix abodybuilder2 ADI-47056
FeNNix abodybuilder2 ADI-47057
FeNNix abodybuilder2 ADI-47058
FeNNix abodybuilder2 ADI-47059
FeNNix abodybuilder2 ADI-47060
FeNNix abodybuilder2 ADI-47061
FeNNix abodybuilder2 ADI-47062
FeNNix abodybuilder2 ADI-47063
FeNNix abodybuilder2 ADI-47064
FeNNix abodybuilder2 ADI-47065
FeNNix abodybuilder2 ADI-47066
FeNNix abodybuilder2 ADI-47067
FeNNix abodybuilder2 ADI-47068
FeNNix abodybuilder2 ADI-47069
FeNNix abodybuilder2 ADI-47070
FeNNix abodybuilder2 ADI-47071
FeNNix abodybuilder2 ADI-47072
FeNNix abodybuilder2 ADI-47073
FeNNix abodybuilder2 ADI-47074
FeNNix abodybuilder2 ADI-47075
FeNNix abodybuilder2 ADI-47076
FeNNix abodybuilder2 ADI-47077
FeNNix abodybuilder2 ADI-47078
FeNNix abodybuilder2 ADI-47079
FeNNix abodybuilder2 ADI-47081
FeNNix abodybuilder2 ADI-47082
FeNNix abodybuilder2 ADI-47083
FeNNix abodybuilder2 ADI-47084
FeNNix abodybuilder2 ADI-47085
FeNNix abodybuilder2 ADI-47087
FeNNix abodybuilder2 ADI-47089
FeNNix abodybuilder2 ADI-47090
FeNNix abodybuilder2 ADI-47091
FeNNix abodybuilder2 ADI-47092
FeNNix abodybuilder2 ADI-47093
FeNNix abodybuilder2 ADI-47094
FeNNix abodybuilder2 ADI-47095
FeNNix abodybuilder2 ADI-47096
FeNNix abodybuilder2 ADI-47097
FeNNix abodybuilder2 ADI-47098
FeNNix abodybuilder2 ADI-47099
FeNNix abodybuilder2 ADI-47100
FeNNix abodybuilder2 ADI-47102
FeNNix abodybuilder2 ADI-47103
FeNNix abodybuilder2 ADI-47104
FeNNix abodybuilder2 ADI-47105
FeNNix abodybuilder2 ADI-47106
FeNNix abodybuilder2 ADI-47107
FeNNix abodybuilder2 ADI-47109
FeNNix abodybuilder2 ADI-47111
FeNNix abodybuilder2 ADI-47112
FeNNix abodybuilder2 ADI-47113
FeNNix abodybuilder2 ADI-47114
FeNNix abodybuilder2 ADI-47116
FeNNix abodybuilder2 ADI-47117
FeNNix abodybuilder2 ADI-47118
FeNNix abodybuilder2 ADI-47119
FeNNix abodybuilder2 ADI-47120
FeNNix abodybuilder2 ADI-47121
FeNNix abodybuilder2 ADI-47122
FeNNix abodybuilder2 ADI-47123
FeNNix abodybuilder2 ADI-47124
FeNNix abodybuilder2 ADI-47125
FeNNix abodybuilder2 ADI-47126
FeNNix abodybuilder2 ADI-47127
FeNNix abodybuilder2 ADI-47129
FeNNix abodybuilder2 ADI-47130
FeNNix abodybuilder2 ADI-47131
FeNNix abodybuilder2 ADI-47132
FeNNix abodybuilder2 ADI-47133
FeNNix abodybuilder2 ADI-47134
FeNNix abodybuilder2 ADI-47135
FeNNix abodybuilder2 ADI-47137
FeNNix abodybuilder2 ADI-47139
FeNNix abodybuilder2 ADI-47140
FeNNix abodybuilder2 ADI-47141
FeNNix abodybuilder2 ADI-47143
FeNNix abodybuilder2 ADI-47145
FeNNix abodybuilder2 ADI-47146
FeNNix abodybuilder2 ADI-47147
FeNNix abodybuilder2 ADI-47148
FeNNix abodybuilder2 ADI-47149
FeNNix abodybuilder2 ADI-47151
FeNNix abodybuilder2 ADI-47152
FeNNix abodybuilder2 ADI-47153
FeNNix abodybuilder2 ADI-47154
FeNNix abodybuilder2 ADI-47155
FeNNix abodybuilder2 ADI-47156
FeNNix abodybuilder2 ADI-47158
FeNNix abodybuilder2 ADI-47159
FeNNix abodybuilder2 ADI-47160
FeNNix abodybuilder2 ADI-47161
FeNNix abodybuilder2 ADI-47162
FeNNix abodybuilder2 ADI-47163
FeNNix abodybuilder2 ADI-47165
FeNNix abodybuilder2 ADI-47166
FeNNix abodybuilder2 ADI-47173
FeNNix abodybuilder2 ADI-47174
FeNNix abodybuilder2 ADI-47175
FeNNix abodybuilder2 ADI-47176
FeNNix abodybuilder2 ADI-47177
FeNNix abodybuilder2 ADI-47178
FeNNix abodybuilder2 ADI-47179
FeNNix abodybuilder2 ADI-47180
FeNNix abodybuilder2 ADI-47181
FeNNix abodybuilder2 ADI-47182
FeNNix abodybuilder2 ADI-47183
FeNNix abodybuilder2 ADI-47184
FeNNix abodybuilder2 ADI-47186
FeNNix abodybuilder2 ADI-47187
FeNNix abodybuilder2 ADI-47188
FeNNix abodybuilder2 ADI-47189
FeNNix abodybuilder2 ADI-47190
FeNNix abodybuilder2 ADI-47191
FeNNix abodybuilder2 ADI-47192
FeNNix abodybuilder2 ADI-47193
FeNNix abodybuilder2 ADI-47194
FeNNix abodybuilder2 ADI-47195
FeNNix abodybuilder2 ADI-47196
FeNNix abodybuilder2 ADI-47197
FeNNix abodybuilder2 ADI-47198
FeNNix abodybuilder2 ADI-47199
FeNNix abodybuilder2 ADI-47200
FeNNix abodybuilder2 ADI-47201
FeNNix abodybuilder2 ADI-47202
FeNNix abodybuilder2 ADI-47203
FeNNix abodybuilder2 ADI-47204
FeNNix abodybuilder2 ADI-47205
FeNNix abodybuilder2 ADI-47206
FeNNix abodybuilder2 ADI-47207
FeNNix abodybuilder2 ADI-47208
FeNNix abodybuilder2 ADI-47209
FeNNix abodybuilder2 ADI-47212
FeNNix abodybuilder2 ADI-47213
FeNNix abodybuilder2 ADI-47214
FeNNix abodybuilder2 ADI-47215
FeNNix abodybuilder2 ADI-47216
FeNNix abodybuilder2 ADI-47217
FeNNix abodybuilder2 ADI-47218
FeNNix abodybuilder2 ADI-47219
FeNNix abodybuilder2 ADI-47220
FeNNix abodybuilder2 ADI-47221
FeNNix abodybuilder2 ADI-47222
FeNNix abodybuilder2 ADI-47223
FeNNix abodybuilder2 ADI-47224
FeNNix abodybuilder2 ADI-47225
FeNNix abodybuilder2 ADI-47226
FeNNix abodybuilder2 ADI-47227
FeNNix abodybuilder2 ADI-47228
FeNNix abodybuilder2 ADI-47229
FeNNix abodybuilder2 ADI-47230
FeNNix abodybuilder2 ADI-47231
FeNNix abodybuilder2 ADI-47232
FeNNix abodybuilder2 ADI-47233
FeNNix abodybuilder2 ADI-47234
FeNNix abodybuilder2 ADI-47235
FeNNix abodybuilder2 ADI-47236
FeNNix abodybuilder2 ADI-47237
FeNNix abodybuilder2 ADI-47238
FeNNix abodybuilder2 ADI-47239
FeNNix abodybuilder2 ADI-47240
FeNNix abodybuilder2 ADI-47241
FeNNix abodybuilder2 ADI-47243
FeNNix abodybuilder2 ADI-47244
FeNNix abodybuilder2 ADI-47246
FeNNix abodybuilder2 ADI-47247
FeNNix abodybuilder2 ADI-47248
FeNNix abodybuilder2 ADI-47249
FeNNix abodybuilder2 ADI-47250
FeNNix abodybuilder2 ADI-47251
FeNNix abodybuilder2 ADI-47252
FeNNix abodybuilder2 ADI-47253
FeNNix abodybuilder2 ADI-47254
FeNNix abodybuilder2 ADI-47255
FeNNix abodybuilder2 ADI-47256
FeNNix abodybuilder2 ADI-47257
FeNNix abodybuilder2 ADI-47258
FeNNix abodybuilder2 ADI-47259
FeNNix abodybuilder2 ADI-47260
FeNNix abodybuilder2 ADI-47261
FeNNix abodybuilder2 ADI-47262
FeNNix abodybuilder2 ADI-47263
FeNNix abodybuilder2 ADI-47264
FeNNix abodybuilder2 ADI-47265
FeNNix abodybuilder2 ADI-47267
FeNNix abodybuilder2 ADI-47278
FeNNix abodybuilder2 ADI-47279
FeNNix abodybuilder2 ADI-47280
FeNNix abodybuilder2 ADI-47281
FeNNix abodybuilder2 ADI-47282
FeNNix abodybuilder2 ADI-47283
FeNNix abodybuilder2 ADI-47284
FeNNix abodybuilder2 ADI-47285
FeNNix abodybuilder2 ADI-47286
FeNNix abodybuilder2 ADI-47287
FeNNix abodybuilder2 ADI-47288
FeNNix abodybuilder2 ADI-47289
FeNNix abodybuilder2 ADI-47290
FeNNix abodybuilder2 ADI-47291
FeNNix abodybuilder2 ADI-47292
FeNNix abodybuilder2 ADI-47293
FeNNix abodybuilder2 ADI-47294
FeNNix abodybuilder2 ADI-47295
FeNNix abodybuilder2 ADI-47296
FeNNix abodybuilder2 ADI-47297
FeNNix abodybuilder2 ADI-47298
FeNNix abodybuilder2 ADI-47299
FeNNix abodybuilder2 ADI-47300
FeNNix abodybuilder2 ADI-47301
FeNNix abodybuilder2 ADI-47302
FeNNix abodybuilder2 ADI-47303
FeNNix abodybuilder2 ADI-47304
FeNNix abodybuilder2 ADI-47305
FeNNix abodybuilder2 ADI-47306
FeNNix abodybuilder2 ADI-47307
FeNNix abodybuilder2 ADI-47308
FeNNix abodybuilder2 ADI-47309
FeNNix abodybuilder2 ADI-47310
FeNNix abodybuilder2 ADI-47311
FeNNix abodybuilder2 ADI-47312
FeNNix abodybuilder2 ADI-47313
FeNNix abodybuilder2 ADI-47316
FeNNix abodybuilder2 ADI-47317
DONE {'SUCCESS': 648, 'FAIL:JaxRuntimeError:INTERNAL: Failed to materialize symbols: { (<xla_jit_dylib_1>, { wrapped_scatter.11 }) }': 1, 'FAIL:JaxRuntimeError:INTERNAL: Failed to materialize symbols: { (<xla_jit_dylib_22>, { multiply_bitcast_fusion.2 }) }': 1, 'FAIL:JaxRuntimeError:INTERNAL: Failed to materialize symbols: { (<xla_jit_dylib_31>, { add_multiply_fusion.29 }) }': 1, 'FAIL:JaxRuntimeError:INTERNAL: Failed to materialize symbols: { (<xla_jit_dylib_21>, { multiply_bitcast_fusion.19 }) }': 1, 'FAIL:JaxRuntimeError:INTERNAL: Failed to materialize symbols: { (<xla_jit_dylib_0>, { wrapped_broadcast.9 }) }': 1}
resume: 648 SUCCESS already cached
DONE {'SUCCESS': 648, 'FAIL:JaxRuntimeError:INTERNAL: Failed to materialize symbols: { (<xla_jit_dylib_1>, { wrapped_scatter.11 }) }': 1, 'FAIL:JaxRuntimeError:INTERNAL: Failed to materialize symbols: { (<xla_jit_dylib_22>, { multiply_bitcast_fusion.2 }) }': 1, 'FAIL:JaxRuntimeError:INTERNAL: Failed to materialize symbols: { (<xla_jit_dylib_31>, { add_multiply_fusion.29 }) }': 1, 'FAIL:JaxRuntimeError:INTERNAL: Failed to materialize symbols: { (<xla_jit_dylib_21>, { multiply_bitcast_fusion.19 }) }': 1, 'FAIL:JaxRuntimeError:INTERNAL: Failed to materialize symbols: { (<xla_jit_dylib_0>, { wrapped_broadcast.9 }) }': 1}
