Parsed and saved Homo+sapiens HV
Parsed and saved Mus HV
Parsed and saved Rattus+norvegicus HV
Parsed and saved Oryctolagus+cuniculus HV
Parsed and saved Macaca+mulatta HV
Parsed and saved Sus+scrofa HV
Parsed and saved Vicugna+pacos HV
Parsed and saved Bos+taurus HV
Parsed and saved Homo+sapiens HJ
Parsed and saved Mus HJ
Parsed and saved Rattus+norvegicus HJ
Parsed and saved Oryctolagus+cuniculus HJ
Parsed and saved Macaca+mulatta HJ
Parsed and saved Sus+scrofa HJ
Parsed and saved Vicugna+pacos HJ
Parsed and saved Bos+taurus HJ
Parsed and saved Homo+sapiens KV
Parsed and saved Mus KV
Parsed and saved Rattus+norvegicus KV
Parsed and saved Oryctolagus+cuniculus KV
Parsed and saved Macaca+mulatta KV
Parsed and saved Sus+scrofa KV
Parsed and saved Bos+taurus KV
Parsed and saved Homo+sapiens KJ
Parsed and saved Mus KJ
Parsed and saved Rattus+norvegicus KJ
Parsed and saved Oryctolagus+cuniculus KJ
Parsed and saved Macaca+mulatta KJ
Parsed and saved Sus+scrofa KJ
Parsed and saved Bos+taurus KJ
Parsed and saved Homo+sapiens LV
Parsed and saved Mus LV
Parsed and saved Rattus+norvegicus LV
Parsed and saved Oryctolagus+cuniculus LV
Parsed and saved Macaca+mulatta LV
Parsed and saved Sus+scrofa LV
Parsed and saved Bos+taurus LV
Parsed and saved Homo+sapiens LJ
Parsed and saved Mus LJ
Parsed and saved Rattus+norvegicus LJ
Parsed and saved Oryctolagus+cuniculus LJ
Parsed and saved Macaca+mulatta LJ
Parsed and saved Sus+scrofa LJ
Parsed and saved Bos+taurus LJ
Parsed and saved Homo+sapiens AV
Parsed and saved Mus AV
Parsed and saved Homo+sapiens AJ
Parsed and saved Mus AJ
Parsed and saved Homo+sapiens BV
Parsed and saved Mus BV
Parsed and saved Homo+sapiens BJ
Parsed and saved Mus BJ
Parsed and saved Homo+sapiens GV
Parsed and saved Mus GV
Parsed and saved Homo+sapiens GJ
Parsed and saved Mus GJ
Parsed and saved Homo+sapiens DV
Parsed and saved Mus DV
Parsed and saved Homo+sapiens DJ
Parsed and saved Mus DJ
Warning - this alignment doesn't feature CYS at position 23 and/or position 104.
QVQLKESGP.GLVQPSQTLSLTCTVSGFSL.....TSYNVHWVRQPPGKGLEWMGVIWSG...GNTDYNSALK.PRLSISRDTSKSQVFLTMNSLQTEDTGIY.YCNR,('Rattus_norvegicus', 'H'),('Rattus norvegicus_BN/SsNHsdMCW', 'IGHV2S13*01')
Warning - this alignment doesn't feature CYS at position 23 and/or position 104.
QVQLKESGP.GLVQPSETLSLTCTVSGFSL.....TSYSVHWVRQHSGKSLEWMGRMWSD...GDTSYNSAFT.SRLSISRDTSKSQVFLKMNSLQTEDTGTY.YCAR,('Rattus_norvegicus', 'H'),('Rattus norvegicus_BN/SsNHsdMCW', 'IGHV2S18*01')
Warning - this alignment doesn't feature CYS at position 23 and/or position 104.
QVQLKESGP.GLVQPSQTLSLTCTVSGFSL.....SSYGVIWVRQPPGKGLEWMGVIWGN...GNTNYNSALK.SRLSISRDTSKSQVFLKMNNLQTEDTAMY.FCA.,('Rattus_norvegicus', 'H'),('Rattus norvegicus_BN/SsNHsdMCW', 'IGHV2S61*01')
Warning - this alignment doesn't feature CYS at position 23 and/or position 104.
EVQLKESGP.GLVQPSQTLSLTCTVSGFSL.....TDYSVHWVRQPPGKGLEWMGVMWSG...GSTAYNSALK.SRLSISRDTSKSQVFLKMNSLQTEDTAIY.YCTR,('Rattus_norvegicus', 'H'),('Rattus norvegicus_BN/SsNHsdMCW', 'IGHV2S63*01')
Warning - this alignment doesn't feature CYS at position 23 and/or position 104.
EVQLVESGG.GLVQPGSSLKVSCVASGFTF.....SSYVMHWFRQAPENGIEWLAYINTD..SSSTHYAETVK.GRFTISRDNAKNTVDMQLSSLRSEDTAMY.FCAR,('Rattus_norvegicus', 'H'),('Rattus norvegicus_BN; Sprague-Dawley', 'IGHV5-43*01')
Warning - this alignment doesn't feature CYS at position 23 and/or position 104.
EVQLVESGG.GLVQPGRSLKLSCAASGFTF.....SDYNMAWVRQAPKKGLEWVATIIYD..GSRTYYRDSVK.GRFTISRDNAKSTLYLQMDSLRSEDTATY.YCAT,('Rattus_norvegicus', 'H'),('Rattus norvegicus_BN/SsNHsdMCW', 'IGHV5S10*01')
Warning - this alignment doesn't feature CYS at position 23 and/or position 104.
EVQLVESGG.GLVQPGRSMKLSCAASGFTF.....SNYYMAWVRQAPTKGLEWVASISTG..GGNTYYRDSVK.GRFTISRDNAKSTLYLQMDSLRSEETATY.YCAR,('Rattus_norvegicus', 'H'),('Rattus norvegicus_BN/SsNHsdMCW', 'IGHV5S11*01')
Warning - this alignment doesn't feature CYS at position 23 and/or position 104.
EVQLVESGG.GLVQPGRSLKLSCAASGFTF.....SNYGMAWVRQAPTKGLEWVASISTG..GGNTYYRDSVK.GRFTISRDNAKNTQYLQMDSLRSEDTATY.YCAR,('Rattus_norvegicus', 'H'),('Rattus norvegicus_BN/SsNHsdMCW', 'IGHV5S13*01')
Warning - this alignment doesn't feature CYS at position 23 and/or position 104.
EVKLVESGG.GLVQPGRPLKLSCAASGFTF.....SSNWLNWIRQAPGKGLEWVASINPD..GSSTLYPDTVK.GRFVVSKDNAKNTRYLQMNNLRSEDTAMY.YCAR,('Rattus_norvegicus', 'H'),('Rattus norvegicus_BN/SsNHsdMCW', 'IGHV5S8*01')
Warning - this alignment doesn't feature CYS at position 23 and/or position 104.
EVQLVQSGA.EVKKP.GASVKISCKAS.GYTF....TDYYLHWVRQAPGKGLEWMGRVDPE..DGEAIHAQKFQ.DRVTITRDTSTDTAYMELSSLRSEDTAVYYCAT,('Macaca_mulatta', 'H'),('Macaca mulatta_AG07107', 'IGHV1-111*01')
Warning - this alignment doesn't feature CYS at position 23 and/or position 104.
QVQLVQSGA.EVKKP.GSSVKVSCKAS.GYIF....TDYYMHWVRQAPGQGLEWMGEINPK..TGGTNYAQKFQ.GRVTTTRDTSTSTAYMELSSLRSEDTAVYYCER,('Macaca_mulatta', 'H'),('Macaca mulatta_AG07107', 'IGHV1-138*01')
Warning - this alignment doesn't feature CYS at position 23 and/or position 104.
QVQLVQSGA.EVKKP.GASVKLSCKAS.GYTF....SIYAISWVRQAPGQGLEWMGGIIPL..VGITNYAQKFQ.GRVTITADTSTSTAYMELSSLRSEDTAVYYCAR,('Macaca_mulatta', 'H'),('Macaca mulatta_AG07107', 'IGHV1-151*01')
Warning - this alignment doesn't feature CYS at position 23 and/or position 104.
EVQLVQSGA.EVKKP.GASVKVSCKVS.GYTF....TELSMHWVRQAPGKGLEWMGGVDPV..YGEIIHAEKFQ.GRVTMTEDTSTDTAYMELSSLRSEDTAVYYCAR,('Macaca_mulatta', 'H'),('Macaca mulatta_AG07107', 'IGHV1-156*01')
Warning - this alignment doesn't feature CYS at position 23 and/or position 104.
EVQLVQSGA.EVKKP.GASVKVSCKVS.GYTF....TELSMHWVRQAPGKGLEWMGGVDPV..YGEIIHAEKFQ.GRVTMTEDTSTDTAYMELSSLRSEDTAVYYCAR,('Macaca_mulatta', 'H'),('Macaca mulatta_AG07107', 'IGHV1-156D*01')
Warning - this alignment doesn't feature CYS at position 23 and/or position 104.
QVQLVQSGA.EIKQP.GASVKLSCKAS.GYTF....TSYYMHWVRQAPGQGLEWIGLISPY..NGNKGYAQNFQ.GRVTITTDTSTSTGYMELSSLRSEDTAVYYCTR,('Macaca_mulatta', 'H'),('Macaca mulatta_AG07107', 'IGHV1-180*01')
Warning - this alignment doesn't feature CYS at position 23 and/or position 104.
QVQLVQSGA.EVKKP.GASVKVSCKAS.GFTF....GSYAISWVRQAPGQGLEWMGVIIPL..VGVTNYAEKFQ.GRVTITADTSTSTAYMELSSLRSEDTAVYYCAR,('Macaca_mulatta', 'H'),('Macaca mulatta_AG07107', 'IGHV1-198*01')
Warning - this alignment doesn't feature CYS at position 23 and/or position 104.
QVQLVQSGA.EVKKP.GASVKLSCKAS.GYTF....TSYYINWVRQAPGQGLDWMGWINPS..NGNTGYAQKFQ.GRVTMTRDTSTSTAYMELNSLRSEDTAVYYCAR,('Macaca_mulatta', 'H'),('Macaca mulatta_AG07107', 'IGHV1-200*01')
Warning - this alignment doesn't feature CYS at position 23 and/or position 104.
EMQLVQSEA.EVKKP.GASVKISCKAS.GYTF....TYRYLHWLRQTPGQGLEWMGWITPY..NGNTNYAQKFQ.DRATITRDRSMSTAYMELSSLRSEDTAVYYCAR,('Macaca_mulatta', 'H'),('Macaca mulatta_AG07107', 'IGHV1-69*01')
Warning - this alignment doesn't feature CYS at position 23 and/or position 104.
QEQLVQSGA.EVKKP.GASVKVSCKAS.GYIF....TSYVISWLRQAPGQGFEWMGGIHPG..YGSTSYAQKFQ.GRVTITADMSTSTVYMELSSLRSEDMAVYYCAA,('Macaca_mulatta', 'H'),('Macaca mulatta_AG07107', 'IGHV1-70*01')
Warning - this alignment doesn't feature CYS at position 23 and/or position 104.
QVQLVQSGA.EVKKP.GSSVKVSCKAS.GYTF....TDYYMHWVQQAPGQGLEWMGWINPY..NGNTKYAQKFQ.GRVTMTRDTSTSTAYMELSSLRSEDTAVYYCAR,('Macaca_mulatta', 'H'),('Macaca mulatta_rheMacS_CGG.01', 'IGHV1S18*01')
Warning - this alignment doesn't feature CYS at position 23 and/or position 104.
QVQLVQSGA.EVKKP.GSSVKVSCKAS.GYTF....TDYYMHWVRQAPRQGLEWMGWINPY..NGNTKYAQKFQ.GRVTMTRDTSTSTAYMELSSLRSEDTAVYYCAR,('Macaca_mulatta', 'H'),('Macaca mulatta_17573', 'IGHV1S2*01')
Warning - this alignment doesn't feature CYS at position 23 and/or position 104.
QVQLVQSGA.EVKKP.GSSVKVSCKAS.GYTF....TSSAMQWVRQAPGRGLEWIGVIIIG..NGNTNYAQKFQ.GRVTITRDTSTSTGYMELSSLRSEDMAVYYCAA,('Macaca_mulatta', 'H'),('Macaca mulatta_rheMacS_CGG.01', 'IGHV1S20*01')
Warning - this alignment doesn't feature CYS at position 23 and/or position 104.
EVQLVQSGA.EVKKP.GATVKISCKAS.GYTF....TDHYLNWVRQAPGKGLEWMGGVDPE..DGEADYAQKFQ.DRVTITADMSTDTAYMELSSLRSEDTAVYYCAR,('Macaca_mulatta', 'H'),('Macaca mulatta', 'IGHV1S27*01')
Warning - this alignment doesn't feature CYS at position 23 and/or position 104.
QVTLKESGP.ALVKP.TQTLTLTCTFS.GFSLT..TSGMGVGWIRQPPGKALEWLALIYWD...DDKRYSTSLK.SRLTISKDTSKNQVVLTMTNMDPMDTATYYCAR,('Macaca_mulatta', 'H'),('Macaca mulatta_AG07107', 'IGHV2-152*01')
Warning - this alignment doesn't feature CYS at position 23 and/or position 104.
QVTLKESGP.ALVKP.TQTLTLTCTFS.GFSIS..TTGTGVSWIRQPPGKALEWLASIYWD...DDKYYSTSLK.SRLTISKDTSKNQVVLTMTNMDPVDTATYYCAR,('Macaca_mulatta', 'H'),('Macaca mulatta_AG07107', 'IGHV2-161*01')
Warning - this alignment doesn't feature CYS at position 23 and/or position 104.
QVTLKESGP.ALVKP.TQTLTLTCTFS.GFSLT..TSGMGVGWIRQPPGKALEWLALIYWD...DDKRYSTSLK.SRLTISKDTSKNQVVLTMTNMDPVDTATYYCAR,('Macaca_mulatta', 'H'),('Macaca mulatta_AG07107', 'IGHV2-174*01')
Warning - this alignment doesn't feature CYS at position 23 and/or position 104.
QVTLKESGP.ALVKP.TQTLTLTCTFS.GFSLS..TSGTGVSWIRQPPGKALEWLARIDWD...NDKYYSTSLK.SRLTISKDTSKNQVVLTITNMDPVDTATYYCAR,('Macaca_mulatta', 'H'),('Macaca mulatta_rheMacS_CGG.01', 'IGHV2-5-1*01')
Warning - this alignment doesn't feature CYS at position 23 and/or position 104.
QVTLKESGP.ALVKP.TQTLTLTCTFS.GFSIS..TTGTGVGWIRQPPGKALEWLASIYWN...DSKYYSTSLK.SRLTISKDTSKNQVVLTMTNMDPVDTATYYCAR,('Macaca_mulatta', 'H'),('Macaca mulatta_AG07107', 'IGHV2-95*01')
Warning - this alignment doesn't feature CYS at position 23 and/or position 104.
QVTLKESGP.ALVKP.TQTLTLTCTFS.GFSLS..TSGMGVGWIRQPPGKALEWLASIYWD...DDKYYSTSLK.SRLTISKDTSKNQVVLTMTNMDPVDTATYYCAR,('Macaca_mulatta', 'H'),('Macaca mulatta_17573', 'IGHV2S1*01')
Warning - this alignment doesn't feature CYS at position 23 and/or position 104.
EVQLVESGG.GLVKP.GGSLRLSCVAS.GFTF....SSYVMHWVRQAPGKGLEWVSVISES..GGTTYYADSVK.GRFTISRDNAKNSLFLQMNSLRAEDTAVYYCTR,('Macaca_mulatta', 'H'),('Macaca mulatta_AG07107', 'IGHV3-100*01')
Warning - this alignment doesn't feature CYS at position 23 and/or position 104.
EVQLVESGG.GLAKP.GGSLRLSCAAS.GFTF....SSYAMHWVRQAPGKGLEWVSAINSG...GSTYYADSVK.GRFTISRDNSKNTLSLQMNSLRAEDTAVYYCAK,('Macaca_mulatta', 'H'),('Macaca mulatta_AG07107', 'IGHV3-103*01')
Warning - this alignment doesn't feature CYS at position 23 and/or position 104.
EVQLVESGR.GLVQP.GGSLRLSCAVS.GFTF....SDHYMSWVRQAPGKGPEWVGFMRNKANGGRTEYAASGK.GRFTISRDDSKSIASLQMSSLKTEDTAVYYCAR,('Macaca_mulatta', 'H'),('Macaca mulatta_AG07107', 'IGHV3-108*01')
Warning - this alignment doesn't feature CYS at position 23 and/or position 104.
EVQLVESGG.GLVQP.GGSLRLSCVAS.GFSF....SDHYMDWVRQAPGKGLEWVSSISSGS.GSTTLYPDSVK.GRFTISRDNAKNTVYLQMNSLRAEDTAVYYCAR,('Macaca_mulatta', 'H'),('Macaca mulatta_AG07107', 'IGHV3-110*01')
Warning - this alignment doesn't feature CYS at position 23 and/or position 104.
EVQLAESGG.GLVQP.GGSLRLSCAAS.GFTF....SGYEMHWVRQAPGKGLESVSVIGGD..SSYTHYADSVK.GRFTISRDNAKNSLSLQMNSLRAADTAVYYCAR,('Macaca_mulatta', 'H'),('Macaca mulatta_AG07107', 'IGHV3-115*01')
Warning - this alignment doesn't feature CYS at position 23 and/or position 104.
EVQLVESGG.GLVQP.GGSLRVSCAAS.GFTF....SDYYMQWVRQAPGKGPEWVGFIRNKANGGTAEYAASVK.GRFTISRDDSKSIASLQMNSLKTEDTAVYYCTR,('Macaca_mulatta', 'H'),('Macaca mulatta_AG07107', 'IGHV3-116*01')
Warning - this alignment doesn't feature CYS at position 23 and/or position 104.
EAQLVESGG.ALAQP.GGSLRPSCAAS.GFTF....SDYYMDWVRQAPGKGLEWVGRIRNKANSYTTEYAASVK.GRFTISRDDSKNTLYLQMSSLKTEDTAVYYCAR,('Macaca_mulatta', 'H'),('Macaca mulatta_RUp15', 'IGHV3-117-1*01')
Warning - this alignment doesn't feature CYS at position 23 and/or position 104.
EVQLVESGG.GLVQP.GGSLRLSCAAS.GFTF....SSSAMHWVRQASGKGLEWVGRIRSKSNNYETGYAASVK.GRFTISRDDSKNTAYLQMNSLKTEDTAVYYCTT,('Macaca_mulatta', 'H'),('Macaca mulatta_AG07107', 'IGHV3-118*01')
Warning - this alignment doesn't feature CYS at position 23 and/or position 104.
EVQLAESGG.GLVQP.GGSLRLSCAAS.GFTF....SSYWMYWVRQAPGKGLEWVSRISSD..GSSTSYADSVK.GRFTISRENAKNSLYLQMNSLRAEDTAVYYCAK,('Macaca_mulatta', 'H'),('Macaca mulatta_AG07107', 'IGHV3-119*01')
Warning - this alignment doesn't feature CYS at position 23 and/or position 104.
EVQLVESGG.GLVQP.GRSLRPSCAAS.GFTF....SSYGMHWVRQAPEEGLVWVSYIGS....STMYYADSVK.GRFTISRDNAKNSLYLQMNSLRAEDTAVYYCVR,('Macaca_mulatta', 'H'),('Macaca mulatta_AG07107', 'IGHV3-12*01')
Warning - this alignment doesn't feature CYS at position 23 and/or position 104.
EVQLVESGG.GLAKP.GGSLRLSCAAS.GFTF....SDYYMDWVRQAPGKGLEWVSRIKWW...GSTYYADSVK.GRFTISRENAKNTLYLQMDSLRAEDTAVYYCAR,('Macaca_mulatta', 'H'),('Macaca mulatta_AG07107', 'IGHV3-124*01')
Warning - this alignment doesn't feature CYS at position 23 and/or position 104.
EVQLVESGG.GLVQP.GGSLRLSCAAS.GFTF....SNYYMHWVRQAQGKGLEWVGLIRNKANSYTTEYAAAVK.GRFTISRDDSKNTLYLQMSSLKTEDTALYYCTK,('Macaca_mulatta', 'H'),('Macaca mulatta_AG07107', 'IGHV3-13*01')
Warning - this alignment doesn't feature CYS at position 23 and/or position 104.
VEQLVESGG.GLVQP.GASLRLSCAAS.EFTF....SSYDMHWVRQAPGKGLEWVSGISIG...GGTYYPDSVK.GRFTISRDNAKNSLYLQMNSLRAEDTAVYYCAR,('Macaca_mulatta', 'H'),('Macaca mulatta_AG07107', 'IGHV3-132*01')
Warning - this alignment doesn't feature CYS at position 23 and/or position 104.
EVQLVESGG.GLVKP.GGSLRLSCAAS.GFTF....DDYAMSWVRQAPGKGLEWVSRISWD..GGSTYYADSVK.GRFTISRDNAKNTLYLQMDRLRAEDTALYYCSR,('Macaca_mulatta', 'H'),('Macaca mulatta_AG07107', 'IGHV3-134*01')
Warning - this alignment doesn't feature CYS at position 23 and/or position 104.
EVQLVESGG.GLVQP.GGSLRLSCAAS.GFTF....SSYDMSWVRQAPGKGLEWVSYISYT..GKTIYYADSVK.GRFTISRDNAKNSLSLQMSSLRAEDTAVYYCTR,('Macaca_mulatta', 'H'),('Macaca mulatta_AG07107', 'IGHV3-136*01')
Warning - this alignment doesn't feature CYS at position 23 and/or position 104.
EVQLVESGG.GLVQP.GGSLRLSCAAS.GFTF....SDYAMDWVRQAPGKGPEWVGFIRSKAYGGTAEYAASVK.GRFTISRDDSKNTAYLQMSSLKTEDTAVYYCTR,('Macaca_mulatta', 'H'),('Macaca mulatta_AG07107', 'IGHV3-153*01')
Warning - this alignment doesn't feature CYS at position 23 and/or position 104.
EVQLVESGG.GLVQP.GGSLRLSCAAS.GFTF....SDYAMDWVRQAPGKGLEWVGFIRSKAYGGTAEYAASVK.GRFTISRDDSKNTAYLQMSSLKTEDTAVYYCTR,('Macaca_mulatta', 'H'),('Macaca mulatta_AG07107', 'IGHV3-153D*01')
Warning - this alignment doesn't feature CYS at position 23 and/or position 104.
EVQLVESGG.GLVQP.GGSLRLSCAAS.GFTF....SNYWMNWVRQAPGKGLEWVGFIKNKADGGTAAYAESVK.GRFTISRDDSKNTLYLQMNSLKTEDTAVYYCTR,('Macaca_mulatta', 'H'),('Macaca mulatta_AG07107', 'IGHV3-16*01')
Warning - this alignment doesn't feature CYS at position 23 and/or position 104.
EVQLAESGG.GLVQP.GGSLRLSCAAS.GFTI....SSYWMSWVCQAPGKGLEWLSDIYG....STMYYGDSVK.GLFTVSRDNAKNSLYLQMNSLRAEDTAVYYCTR,('Macaca_mulatta', 'H'),('Macaca mulatta_AG07107', 'IGHV3-175*01')
Warning - this alignment doesn't feature CYS at position 23 and/or position 104.
EVQLVESGG.GLVQPGGGSLRLSCAAS.GFTF....SDDYMEWVRQAPGKGLEWVGQINPN..GGTTFLMDSVK.GRFTISRDNAKNTLYLQINSLKIEDTAVYYCTR,('Macaca_mulatta', 'H'),('Macaca mulatta_AG07107', 'IGHV3-176*01')
Warning - this alignment doesn't feature CYS at position 23 and/or position 104.
EVQLVESGG.GLAKP.GGSLRLSCAAS.GFTF....SDYYMDWVRQAPGKGLEWVSRISNG..GGSTWYADSVK.GRFTISRENAKNTLYLQMNSLRAEDTAVYYCAR,('Macaca_mulatta', 'H'),('Macaca mulatta_AG07107', 'IGHV3-178*01')
Warning - this alignment doesn't feature CYS at position 23 and/or position 104.
EVQLVESGG.GLVQP.GGSLRLSCAAS.GFTF....GDYGMHWVRQAPGKGLEWVSSISNT..GKTVYYADSVK.GRFTISRDNAKNSLSLQMSSLRAEDTAVYYCTR,('Macaca_mulatta', 'H'),('Macaca mulatta_AG07107', 'IGHV3-183*01')
Warning - this alignment doesn't feature CYS at position 23 and/or position 104.
EVQLVESGG.GLVQP.GGSLRLSCAAS.GFTF....SDYYMYWVRQAPGKGLEWVGFIRSKAYGGTAEYAASVK.GRFTISRDDSKSIAYLQMSSLKTEDTAVYYCTR,('Macaca_mulatta', 'H'),('Macaca mulatta_AG07107', 'IGHV3-184*01')
Warning - this alignment doesn't feature CYS at position 23 and/or position 104.
EVQLVESGG.GVVQP.GGSLRLSCAAS.GFTF....DDYAMHWVRQAPGKGLEWVSGISWS..GGSTYYADSVK.GRFTISRDNAKNSLYLQMGSLRAEDTALYYCAK,('Macaca_mulatta', 'H'),('Macaca mulatta_AG07107', 'IGHV3-201*01')
Warning - this alignment doesn't feature CYS at position 23 and/or position 104.
EVQLVESGG.GLAKP.GGSLRLSCAAS.GFTF....SSYWMHWVRQAPGKGLEWISAINSA..GSSTYYADSVK.GRFTISRENAKNTLYLQMDSLRAEDTALYYCAG,('Macaca_mulatta', 'H'),('Macaca mulatta_AG07107', 'IGHV3-28*01')
Warning - this alignment doesn't feature CYS at position 23 and/or position 104.
EVQLVESGG.GLVQP.GGSLRLSCAAS.GFTF....SNVWMNWVRQAPGKGLEWVARIKRKADGETADYAASVK.GRFTISRDDSKNTLYLQMNSLKTEDTAVYYCTT,('Macaca_mulatta', 'H'),('Macaca mulatta_AG07107', 'IGHV3-30*01')
Warning - this alignment doesn't feature CYS at position 23 and/or position 104.
EVQLVESGG.GLVQP.GGSLRLSCAAP.GFTS....GNSDLIWIRQAPGKGLEWVSYISSG...GSIYYSDSVK.GRFTISRDNAKNTLYLQMSSLRVEDTAVYYCAK,('Macaca_mulatta', 'H'),('Macaca mulatta_AG07107', 'IGHV3-32*01')
Warning - this alignment doesn't feature CYS at position 23 and/or position 104.
EVKLVESGG.GLVQP.GGSLRLSCAAS.GFTF....SNYWMFWVRQAPGKGLEWVSSISGS..SSSTYYPDSVK.GRFTISRDNAKNTLYLQMNSLRAEDTAVHYCAR,('Macaca_mulatta', 'H'),('Macaca mulatta_AG07107', 'IGHV3-34*01')
Warning - this alignment doesn't feature CYS at position 23 and/or position 104.
EVQLVEYGG.GLVQP.GGSLRLSC....GFTF....SVHFMSWVRQAPGKGPEWVGFMRNKANGGTAEYATSVK.GRFTISRDDSKSIAYLQMSSLNTEDTAVYYCAR,('Macaca_mulatta', 'H'),('Macaca mulatta_AG07107', 'IGHV3-35*01')
Warning - this alignment doesn't feature CYS at position 23 and/or position 104.
EVQLVESGG.GLVQP.GGSLRLSCVAS.GFTF....SDYCMDWVRQASGKGLEWVSSISGS..SSNTYYPDSVK.GRFTISRDNAKNTLYLQMNSLRAEDTAVYYCAR,('Macaca_mulatta', 'H'),('Macaca mulatta_AG07107', 'IGHV3-37*01')
Warning - this alignment doesn't feature CYS at position 23 and/or position 104.
EVQLVESGG.GLAQP.GGSLRLSCAAS.GFTF....SDHYMDWVRQAPGKGLEWVGRIRNKANSYTTEYAASVK.GRFTISRDDSKNTLYLQMSSLKTEDTAVYYCAR,('Macaca_mulatta', 'H'),('Macaca mulatta_AG07107', 'IGHV3-38*01')
Warning - this alignment doesn't feature CYS at position 23 and/or position 104.
EVQLVESGG.GLVQP.GGSLRLSCAAS.GFTF....GSYGMHWARQAPGKGLEWVSAINTG..GGSTWYTDSVK.GRFTISRENAKNTLYLQMDSLRAEDTAVYYCAR,('Macaca_mulatta', 'H'),('Macaca mulatta_rheMacS_CGG.01', 'IGHV3-5-2*01')
Warning - this alignment doesn't feature CYS at position 23 and/or position 104.
EMQLVESGG.GLVQP.GGSLRVSCAAS.GFTF....SDHYMYWFRQAPGKGPEWVGFIRNKAKGGTAEYAASVK.GRFTISRDDSKNVTYLQMSSLKTEDTAVYYCTT,('Macaca_mulatta', 'H'),('Macaca mulatta_rheMacS_CGG.01', 'IGHV3-5-3*01')
Warning - this alignment doesn't feature CYS at position 23 and/or position 104.
EVQLVESGG.GLVQP.GGSLRLSCAAS.GFTF....SSYGMSWVRQTPGKGLEWVAVIWYD..GSKKYYADSVK.DRFTISRDNSKNMLYLQMNNLKLEDTAVYYCGR,('Macaca_mulatta', 'H'),('Macaca mulatta_AG07107', 'IGHV3-54*01')
Warning - this alignment doesn't feature CYS at position 23 and/or position 104.
EAQLMETGG.GLVQP.GGSLRLSCAAS.GFTF....SDHYMQWVRQAPGKGLEWVGLIRNKADGETTDYALSVK.GRFTISRDDSKSITYLQMNNLKTEDTAVYYCAR,('Macaca_mulatta', 'H'),('Macaca mulatta_AG07107', 'IGHV3-58*01')
Warning - this alignment doesn't feature CYS at position 23 and/or position 104.
EVQLVESGG.GLAKP.GGSLRLSCAAS.GFTF....SDYYMHWVRQASGKGLEWVSRISNG..GGSTWYADSVK.GRFTISRENAKNTLYLQMDSLRAEDTAVYYCAR,('Macaca_mulatta', 'H'),('Macaca mulatta_AG07107', 'IGHV3-59*01')
Warning - this alignment doesn't feature CYS at position 23 and/or position 104.
EVQLVESGG.GLVQP.GGSLRLSCAAS.GFTF....SSYAMQWVHQAPGKGLEWVSAIGPG...GDTYYADAVK.GRFTISRDNAKNSLYLQMNSLRAEDTAVYYCAR,('Macaca_mulatta', 'H'),('Macaca mulatta_AG07107', 'IGHV3-72*01')
Warning - this alignment doesn't feature CYS at position 23 and/or position 104.
EVQLVESGG.GVVQP.GGSLRLSCAAS.GFTF....DDYAMGWVRQAPGKGLEWVSAISWN..GDSTYYADSVK.GRFTISRENAKNSLYLQINRLRAEDTALYYCAR,('Macaca_mulatta', 'H'),('Macaca mulatta_AG07107', 'IGHV3-78*01')
Warning - this alignment doesn't feature CYS at position 23 and/or position 104.
EVQLVESGG.GLVQP.GGSLRLSCTGS.GFTF....SSYYMYWVRQAPGKGLEWVSAINTG..GGSTWYTDSVK.GRFTISKENAKNTLYLQMDSLRAEDTAVYYCAK,('Macaca_mulatta', 'H'),('Macaca mulatta_AG07107', 'IGHV3-8*01')
Warning - this alignment doesn't feature CYS at position 23 and/or position 104.
EVQLVESGG.GLVQP.GGSLRLSCAAS.GFTF....SSYDMSWVRQALGKGLEWVSSISNT..GKTIYYADSVK.GRFTISRDNAKNSLSLQMNSLKTEDTAVYYCTR,('Macaca_mulatta', 'H'),('Macaca mulatta_17573', 'IGHV3S4*01')
Warning - this alignment doesn't feature CYS at position 23 and/or position 104.
EVQRVESGG.GLVQP.GGSLRLSCAAS.GFTI....SSSWMNWDFQAPGKGLECVSHISSG...VSTDYPDSIK.GQFTISRDNTETMLYVQMNSLRAEDMAVNYCAR,('Macaca_mulatta', 'H'),('Macaca mulatta_17573', 'IGHV3S40*01')
Warning - this alignment doesn't feature CYS at position 23 and/or position 104.
EVQLVESGG.GLVQP.GGSLRLSCATS.GFTF....SNYWMYWFRQAPGKGLEWVSSISGS..SSNTYYPDSVK.GRFTISRDNAKNTLYLQMNSLRAEDTAVYYCAR,('Macaca_mulatta', 'H'),('Macaca mulatta_17573', 'IGHV3S41*01')
Warning - this alignment doesn't feature CYS at position 23 and/or position 104.
EVQLVESGG.GLAKP.GGSLRLSCAAS.GFTF....SSYWMNWVRQTPGKGLEWISAINSG..GGSTYYADSVK.GRFTISRDNSKNTLSLQMNSLRAEDTAVYYCAK,('Macaca_mulatta', 'H'),('Macaca mulatta_17573', 'IGHV3S42*01')
Warning - this alignment doesn't feature CYS at position 23 and/or position 104.
EVQLVESGG.GLVQP.GGSLRLSCAAP.GFTS....GNSDLIWIRQAPGKGLEWVSYISSG...GSIYYSDSVK.GRFTISRDNAKNTLYLQMSSLRVEDTAVYYCAK,('Macaca_mulatta', 'H'),('Macaca mulatta_17573', 'IGHV3S43*01')
Warning - this alignment doesn't feature CYS at position 23 and/or position 104.
EVQLVESGG.GLAKP.GGSLRLSCAAS.GFTF....SDYAMDWVRQAPGKGLEWVGFIRSKAYGGTAEYAAFVK.GRFTISRDDSKNTAYLQMSSLKTEDTAVYYCTR,('Macaca_mulatta', 'H'),('Macaca mulatta', 'IGHV3S46*01')
Warning - this alignment doesn't feature CYS at position 23 and/or position 104.
EVQLVESGG.GLVQP.GGSLRLSCAAS.GFTF....SSYDMSWVRQAPGKGLEWVSSISSA..SSYIYYADSVK.GRFTISRDNAKNSLSLQMNSLKTEDTAVYYCTR,('Macaca_mulatta', 'H'),('Macaca mulatta_rheMacS_CGG.01', 'IGHV3S51*01')
Warning - this alignment doesn't feature CYS at position 23 and/or position 104.
EVQLVESGG.GVVQP.GGSLRLLCAAS.GFTF....DDYAMGWVRQAPGKGLEWVSAISWD..GDSTGYADSVK.GRFTISTDNAKNSLYLQMGSLRAEDTALYYCAR,('Macaca_mulatta', 'H'),('Macaca mulatta_rheMacS_CGG.01', 'IGHV3S56*01')
Warning - this alignment doesn't feature CYS at position 23 and/or position 104.
EVQLVESGG.GLVQP.GGSLRLSCAAS.GFTF....GDYGMSWVRQAPGKGLEWVSGISWS..GGSTYYADSVK.GRFTISRDNAKNSLYLQMGSLRAEDTALYYCAK,('Macaca_mulatta', 'H'),('Macaca mulatta', 'IGHV3S60*01')
Warning - this alignment doesn't feature CYS at position 23 and/or position 104.
EVQLVESGG.GLVQP.GGSLRLSCAAS.GFTF....DDYAMGWVRQAPGKGLEWVSGISWS..GGSTGYADSVK.GRFTISRDNAKNSLYLQMDRLRAEDTALYYCAR,('Macaca_mulatta', 'H'),('Macaca mulatta', 'IGHV3S61*01')
Warning - this alignment doesn't feature CYS at position 23 and/or position 104.
EVQLVESGG.GLVQP.GGSLRPSCAAS.GFTF....SSSAMHWVRQASGKGLEWVGRIRSKSNNYATEYAASVK.GRFTISRDDSKNTAYLQMNSLKTEDTAVYYCTT,('Macaca_mulatta', 'H'),('Macaca mulatta', 'IGHV3S62*01')
Warning - this alignment doesn't feature CYS at position 23 and/or position 104.
EVQLVESGG.GLVQP.GGSLRLSCAAS.GFTF....SSYGMHWVRQAPGKGLEWVAIIYYD..GSQKYYADSVK.GRFTISRDNSKNTLYLQMNSLRAEDTAVYYCAK,('Macaca_mulatta', 'H'),('Macaca mulatta', 'IGHV3S64*01')
Warning - this alignment doesn't feature CYS at position 23 and/or position 104.
EVQLVESGG.GLVQP.GGSLRLSCAAS.GFTF....SDYYMDWVRQAPGKGLEWVGFIKNKADGGTADYAASVK.GRFTISRDDSKNTLYLQMNSLKTEDTAVYYCTT,('Macaca_mulatta', 'H'),('Macaca mulatta', 'IGHV3S66*01')
Warning - this alignment doesn't feature CYS at position 23 and/or position 104.
QVQLQESGP.GLVKP.SETLSLTCAVS.GGSIS...DDYYWSWIRQPPGKGLEWIGYIYGS..GGGTNYNPSLK.NRVTISIDTSKNQFSLKLSSVTAADTAVYYCAR,('Macaca_mulatta', 'H'),('Macaca mulatta_AG07107', 'IGHV4-106*01')
Warning - this alignment doesn't feature CYS at position 23 and/or position 104.
QVQLQESGP.GLVKP.SETLSLTCAVS.GGSIS..SSYYYWSWIRQAPGKGLEWIGYIYGG..SGSTSYNPSLK.SRVTISRDTSKNQFSLKLSSVTAADTAVYYCAR,('Macaca_mulatta', 'H'),('Macaca mulatta_AG07107', 'IGHV4-122*01')
Warning - this alignment doesn't feature CYS at position 23 and/or position 104.
QVQLQESGP.GLVKP.SETLSLTCAVS.GYSIS...SGYGWSWIRQPPGKGLEWIGYIGGS..SGSTNYNPSLK.SRVTISKDTSKNQFSLKLSSVTAADTAVYYCAR,('Macaca_mulatta', 'H'),('Macaca mulatta_AG07107', 'IGHV4-127*01')
Warning - this alignment doesn't feature CYS at position 23 and/or position 104.
QVQLQESGP.GLVKP.SETLSLTCTVS.GGSIS...GYYYWSWIRQPPGKGLEWIGGIYGN..SASTYYNPSLK.SRVTISKDTSKNQFSLKLSSVTAADTAVYYCAR,('Macaca_mulatta', 'H'),('Macaca mulatta_AG07107', 'IGHV4-143*01')
Warning - this alignment doesn't feature CYS at position 23 and/or position 104.
QVQLQESGP.GLVKP.SETLSLTCAVS.GGSI....SSNYWSWIRQPPGKGLEWIGRIYGS..SGSTSYNPSLT.SRVTISTDTSKNQFSLKLSSVTAADTAVYYCAR,('Macaca_mulatta', 'H'),('Macaca mulatta_AG07107', 'IGHV4-147*01')
Warning - this alignment doesn't feature CYS at position 23 and/or position 104.
QVQLQESGP.GLVKP.SETLSLTCAVS.GGSI....SSNYWSWIRQPPGKGLEWIGRIYGS..GGSTDYNPSLK.SRVTISTDTSKNQFSLKLSSVTAADTAVYYCAR,('Macaca_mulatta', 'H'),('Macaca mulatta_AG07107', 'IGHV4-160*01')
Warning - this alignment doesn't feature CYS at position 23 and/or position 104.
QVQLQESGP.GLVKP.SETLSLTCAVS.GGSI....SGYYWSWIRQPPGKGLEWIGYIGGS..SGSTYYNPSLK.SRVTISTDTSKNQFSLKLSSVTAADTAVYYCAR,('Macaca_mulatta', 'H'),('Macaca mulatta_AG07107', 'IGHV4-165*01')
Warning - this alignment doesn't feature CYS at position 23 and/or position 104.
QLQLQESGP.GLVKP.SETLSVTCAVS.GGSI....SSSYWSWIRQAPGKGLEWIGYIYGS..GSSTNYNPSLK.SRVTLSVDTSKNQLSLKLSSVTAADTAVYYCAR,('Macaca_mulatta', 'H'),('Macaca mulatta_AG07107', 'IGHV4-169*01')
Warning - this alignment doesn't feature CYS at position 23 and/or position 104.
QLQLQESGP.GLVKP.SETLSLTCAVS.GGSI....SSNYWSWIRQPPGKGLEWIGRISGS..GGSTDYNPSLK.SRVTISTDTSKNQFSLKLSSVTAADTAVYYCAR,('Macaca_mulatta', 'H'),('Macaca mulatta_AG07107', 'IGHV4-173*01')
Warning - this alignment doesn't feature CYS at position 23 and/or position 104.
QVQLQESGP.GLVKP.SETLSLTCAVS.GGSF....SSDWWGWIRQPPGKGLEWIGSIYGS..GGSNYLNPSLK.SRVTLSVDTSKNQLSLKLSSVTAADTAVYYCAR,('Macaca_mulatta', 'H'),('Macaca mulatta_rheMacS_CGG.01', 'IGHV4-5-1*01')
Warning - this alignment doesn't feature CYS at position 23 and/or position 104.
QVQLQESGP.GLVKP.SETLSLTCAVS.GGSIS...SSNWWSWIRQPPGKGLEWIGYISGS..SGSTYYNPSLK.SRVTISTDTSKNQFSLKLSSVTAADTAVYYCAR,('Macaca_mulatta', 'H'),('Macaca mulatta_AG07107', 'IGHV4-65*01')
Warning - this alignment doesn't feature CYS at position 23 and/or position 104.
QVKLQQWGE.GLVKP.SETLSLTCAVY.GGSIS...GYYYWSWIRQPPGKGLEWIGYIYGN..SASTNYNPSLK.NRVTISKDTSKNQFSLKLSSVTAADTAVYYCAR,('Macaca_mulatta', 'H'),('Macaca mulatta_AG07107', 'IGHV4-73*01')
Warning - this alignment doesn't feature CYS at position 23 and/or position 104.
QVQLQESGP.GLVKP.SETLSLTCAVS.GGSIS...GGYDWSWIRQPPGKGLEWIGYIYGS..SGSTNYNPSLK.NRVTISKDTSKNQFSLKLSSVTAADTAVYYCAR,('Macaca_mulatta', 'H'),('Macaca mulatta_AG07107', 'IGHV4-76*01')
Warning - this alignment doesn't feature CYS at position 23 and/or position 104.
QVQLQESGP.GLVKP.SETLSLTCAVS.GASI....SSYWWSWIRQPPGKGLEWIGEINGN..SGSTYYNPSLK.SRVTISKDASKNQFSLKLSSVTAADTAVYYCAR,('Macaca_mulatta', 'H'),('Macaca mulatta_AG07107', 'IGHV4-80*01')
Warning - this alignment doesn't feature CYS at position 23 and/or position 104.
QLQLQESGP.GLVKP.SETLSLTCAVS.GGSI....SGYYWSWIRQPPGKGLEWIGNIDGN..IAGTNYNPSLK.SRVTISKDTSKNQFSLKLSSVTAADTAVYYCAR,('Macaca_mulatta', 'H'),('Macaca mulatta_AG07107', 'IGHV4-81*01')
Warning - this alignment doesn't feature CYS at position 23 and/or position 104.
QVQLQESGP.GLVKP.SETLSLTCAVS.GGSIS...SSNWWSWIRQPPGKGLEWIGRISGS..GGSTSDNPSLK.SRVTISKDTSKNQFSLKLSSVTAADTAVYYCAR,('Macaca_mulatta', 'H'),('Macaca mulatta_AG07107', 'IGHV4-92*01')
Warning - this alignment doesn't feature CYS at position 23 and/or position 104.
QVQLQESGP.AVVKP.SETLSLTCAVS.GGSIS...SSNWWSWIRQSPGKGLEWIGGIYGS..GGSTEYNPSLK.SRVTISKDTSKNQFSLKLSSVTAADTAVYYCAR,('Macaca_mulatta', 'H'),('Macaca mulatta_AG07107', 'IGHV4-93*01')
Warning - this alignment doesn't feature CYS at position 23 and/or position 104.
QVQLQESGP.GLVKP.SETLSLTCAVS.GYSIS...SGYYWGWIRQPPGKGLEYIGYISGS..SGSTYYNPSLK.SRVTISKDTSKNQFSLKLSSVTAADTAVYYCAR,('Macaca_mulatta', 'H'),('Macaca mulatta_AG07107', 'IGHV4-99*01')
Warning - this alignment doesn't feature CYS at position 23 and/or position 104.
QVQLQESGP.GVVKP.SETLSLTCAVS.GGSIS...DSYWWSWIRQPPGKGLEWIGYIYGS..STSTNYNPSLK.SRVTISKDTSKNQFSLKLSSVTAADTAVYYCAR,('Macaca_mulatta', 'H'),('Macaca mulatta_17573', 'IGHV4S10*01')
Warning - this alignment doesn't feature CYS at position 23 and/or position 104.
QVQLQESGP.GVVKP.SETLSLTCAVS.GGSIS..SGYYYWSWIRQPPGKGLEWIGGIYSN..SESTNYNPSLK.SRVTISKDTSKNQFSLKLSSVTAADTAVYYCAR,('Macaca_mulatta', 'H'),('Macaca mulatta_17573', 'IGHV4S13*01')
Warning - this alignment doesn't feature CYS at position 23 and/or position 104.
QVQLQESGP.GVVKP.SETLSLTCAVS.GGSIS...GYYLWSWIRQPPGKGLEWIGYIGGS..SGSTNYNPSLK.NRVTISKDTSKNQFSLKLSSVTAADTAVYYCAR,('Macaca_mulatta', 'H'),('Macaca mulatta_rheMacS_CGG.01', 'IGHV4S14*01')
Warning - this alignment doesn't feature CYS at position 23 and/or position 104.
QVQLQESGP.GLLKP.SDTLSLTCAVS.GGSIS...GGYGWGWIRQPPGKGLEWIGSIYSS..NGNTYYNPSLK.SRVTISTDTSKNQFSLKLSSVTAADTAVYYCAR,('Macaca_mulatta', 'H'),('Macaca mulatta_rheMacS_CGG.01', 'IGHV4S15*01')
Warning - this alignment doesn't feature CYS at position 23 and/or position 104.
QVQLQESGP.GVVKP.SETLSLTCAVS.GGTIS..SGYYYWSWIRQPPGKGLEWIGGIYSN..SESTNYNPSLK.SRVTISKDTSKNQFSLKLSSVTATDTAVYYCAR,('Macaca_mulatta', 'H'),('Macaca mulatta_rheMacS_CGG.01', 'IGHV4S16*01')
Warning - this alignment doesn't feature CYS at position 23 and/or position 104.
QVQLQESGP.GLVKP.SETLSLTCAVS.GGSIS...SSNWWSWIRQPPGKGLEWIGGIYSN..SESTNYNPSLK.SRVTISKDTSKNQFSLKLSSVTAADTAVYYCAR,('Macaca_mulatta', 'H'),('Macaca mulatta_rheMacS_CGG.01', 'IGHV4S17*01')
Warning - this alignment doesn't feature CYS at position 23 and/or position 104.
QVQLQESGP.GLVKP.SETLSLTCAVS.GGSIS..GGYYYWSWIRQPPGKGLEWIGGIYSS..SGNTYYNPSLK.SRVTISRDTSKNQFSLKLSSVTAADTAVYYCAR,('Macaca_mulatta', 'H'),('Macaca mulatta', 'IGHV4S18*01')
Warning - this alignment doesn't feature CYS at position 23 and/or position 104.
QLQLQESGP.GLVKP.SETLSLTCAVS.GGSIS...GGYGWSWIRQPPGKGLEWIGHIFGS..IGSTYYNPSLK.SRVTISIDTSKNQFSLKLSSVTAADTAVYYCAR,('Macaca_mulatta', 'H'),('Macaca mulatta', 'IGHV4S19*01')
Warning - this alignment doesn't feature CYS at position 23 and/or position 104.
QVQLQESGP.GLVKP.SETLPLTCAVS.GASI....SSNYWSWIRQAPGKGLEWIGRIYGS..GGSTDYNPSLK.SRVTISIDTCKNQFSLKLSSVTAADTAVYYCAR,('Macaca_mulatta', 'H'),('Macaca mulatta_17573', 'IGHV4S2*01')
Warning - this alignment doesn't feature CYS at position 23 and/or position 104.
QLQLQESGP.GLVKP.SETLSLTCTVS.GASI....SSYWWSWIRQAPGKGLEWIGYIYGS..GSSTNYNPSLK.SRVTLSVDTSKNQLSLKLSSVTAADTAVYYCAR,('Macaca_mulatta', 'H'),('Macaca mulatta', 'IGHV4S21*01')
Warning - this alignment doesn't feature CYS at position 23 and/or position 104.
QLQLQESGP.GLVKP.SETLSLTCAVS.GGSI....SGYYWSWIRQPPGKGLEWIGRI.DS..SGSTYYNPSLK.SRVTLSVDTSKNQFSLKLSSVTAADTAVYYCAR,('Macaca_mulatta', 'H'),('Macaca mulatta', 'IGHV4S22*01')
Warning - this alignment doesn't feature CYS at position 23 and/or position 104.
QVQLKESGP.GLVKP.SETLSLTCAVS.GGSIS...SGYGWGWIRQPPGKGLEWIVTIYSS..TGNTYYDPSLK.SRVTISKDTSKNQFSLKLSSVTAADTAVYYCAR,('Macaca_mulatta', 'H'),('Macaca mulatta', 'IGHV4S23*01')
Warning - this alignment doesn't feature CYS at position 23 and/or position 104.
QVQLQESGP.GLVKP.SETLSLTCTVS.GGSI....SGYYWSWIRQPPGKGLEWIGGIGGG..SGSTEYNPSLK.SRVTISRDTSKNQFSLKLSSVTAADTAVYYCAR,('Macaca_mulatta', 'H'),('Macaca mulatta', 'IGHV4S25*01')
Warning - this alignment doesn't feature CYS at position 23 and/or position 104.
QVQLQESGP.GLVKP.SETLSLTCAVS.GGSIS...GGYYWSWIRQPPGKGLEWIGNIYGS..SASTNYNPSLK.SRVTISKDTSKNQFSLKLSSVTAADTAVYYCAR,('Macaca_mulatta', 'H'),('Macaca mulatta', 'IGHV4S26*01')
Warning - this alignment doesn't feature CYS at position 23 and/or position 104.
QVQLQESGP.GLVKP.SETLSLTCAVS.GGSI....SGYYWSWIRQPPGKGLEWIGYIGGG..SGSTEYNPSLK.SRVTISRDTSKNHFSLKLSSVTAADTAVYYCAS,('Macaca_mulatta', 'H'),('Macaca mulatta', 'IGHV4S27*01')
Warning - this alignment doesn't feature CYS at position 23 and/or position 104.
QVQLQESGP.GLVKP.SETLSLTCAVS.GGSI....SGYWWGWIRQPPGKGLEWIGYIGGS..SGSTYYNPSLK.SRVTISTDTSKNQFSLKLSSVTAADTAVYYCAR,('Macaca_mulatta', 'H'),('Macaca mulatta', 'IGHV4S28*01')
Warning - this alignment doesn't feature CYS at position 23 and/or position 104.
QVQLQESGP.GLVKP.SETLSLTCAVS.GGSI....SSYWWGWIRQPPGKGLEWIGHI.SS..GGSNYLNPSLK.SRVTLSVDTSKNQFSLKLSSVTAADTAVYYCAR,('Macaca_mulatta', 'H'),('Macaca mulatta', 'IGHV4S29*01')
Warning - this alignment doesn't feature CYS at position 23 and/or position 104.
QVQLQESGP.GLVKP.SETLSLTCAVS.GYSIS...SGYYWGWIRQPPGKGLEWIGHIS.S..GGSNYLNPSLK.SRVTLSVDTSKNQFSLKLSSVTAADTAVYYCAR,('Macaca_mulatta', 'H'),('Macaca mulatta', 'IGHV4S30*01')
Warning - this alignment doesn't feature CYS at position 23 and/or position 104.
QVQLQESGP.GVVKP.SETLSLTCAVS.GGSIS...SGYGWSWIRQPPGKGLEWIGYIYGS..SGSTNYNPSLK.NRVTISKDASKNQFSLKLSSVTAADTAVYYCAR,('Macaca_mulatta', 'H'),('Macaca mulatta', 'IGHV4S31*01')
Warning - this alignment doesn't feature CYS at position 23 and/or position 104.
QVQLQESGP.GLVKP.SETLSLTCAVS.GGSIS...GGYYWSWIRQPPGKGLEWIGQIYGG..SGSTYYNPSLK.SRVTVSKDTSKNQFSLKLSSVTAADTAVYYCAR,('Macaca_mulatta', 'H'),('Macaca mulatta', 'IGHV4S32*01')
Warning - this alignment doesn't feature CYS at position 23 and/or position 104.
QVQLQESGP.GLVKP.SETLSLTCAVS.GYSI....SSNYWSWIRQPPGKGLEWIGYIYGS..SGSTYYNPSLK.SRVTISTDTSKNQFSLKLSSVTAADTAVYYCAR,('Macaca_mulatta', 'H'),('Macaca mulatta', 'IGHV4S34*01')
Warning - this alignment doesn't feature CYS at position 23 and/or position 104.
QVQLQESGP.GLVKP.SETLSLTCAVS.GGSI....SSNYWSWIRQAPGKGLEWIGYIYGS..G.STYYNPSLK.SRVTLSVDTSKNQLSLKLSSVTAADTAVYYCAR,('Macaca_mulatta', 'H'),('Macaca mulatta', 'IGHV4S35*01')
Warning - this alignment doesn't feature CYS at position 23 and/or position 104.
QVQLQESGP.GLVKP.SETLSLTCAVS.GGSIS...DYYYWNWIRQPPGKGLEWIGNIYGN..SASTYYNPSLK.SRVTISKDTSKNQFFLKLSSVTAADTAVYYCAR,('Macaca_mulatta', 'H'),('Macaca mulatta_17573', 'IGHV4S9*01')
Warning - this alignment doesn't feature CYS at position 23 and/or position 104.
EVQLVQSGA.EVKRP.GESLKISCKTS.GYSF....TSYWISWVRQMPGKGLEWMGAIDPS..DSDTRYNPSFQ.GQVTISADKSISTAYLQWSRLKASDTATYYCAK,('Macaca_mulatta', 'H'),('Macaca mulatta_AG07107', 'IGHV5-20*01')
Warning - this alignment doesn't feature CYS at position 23 and/or position 104.
EVQLVQSGA.EVKRP.GESLRISCKTS.GYSF....TSSWISWVRQMPGKGLEWMGSIYPG..DSDTRYNPSFQ.GHVTISADKSISTTYLQWSSLKASDTATYYCAK,('Macaca_mulatta', 'H'),('Macaca mulatta_AG07107', 'IGHV5-43*01')
Warning - this alignment doesn't feature CYS at position 23 and/or position 104.
QVQLQESGP.GLVKP.SQTLSLTCAIS.GDSVS..SNSATWNWIRQSPSRGLEWLGRTYYRS.KWYNDYAQSVQ.NRISINPDTSKNQFSLQLNSVTPEDMAVYYCAR,('Macaca_mulatta', 'H'),('Macaca mulatta_AG07107', 'IGHV6-1*01')
Warning - this alignment doesn't feature CYS at position 23 and/or position 104.
QVQLVQSGA.EVKQP.GASVKVSCKAS.GYTF....TSYGMNWVRQAHGQRLEWMGWINTD..TGNPTYAQGFK.ERFTFSMDTSISTAYLQISSLKAEDTAVYYCAR,('Macaca_mulatta', 'H'),('Macaca mulatta_AG07107', 'IGHV7-114*01')
Warning - this alignment doesn't feature CYS at position 23 and/or position 104.
QVQLVQSGP.EVKQP.GASVKVSCKAS.GYSS....TTYGMNWVRQAPGQGLEWMGWMNTY..TGNPTYAQGFT.ERFVFSMDTSVSTVYLQISSLKAEDTAVYYCAR,('Macaca_mulatta', 'H'),('Macaca mulatta_AG07107', 'IGHV7-193*01')
Warning - this alignment doesn't feature CYS at position 23 and/or position 104.
DIQMTQSPSSLSASVGDKVT.ITCQASQSI......SSWLAWYQQKPGKAPKPLIYKA.......SSLESGVP.SRFSGSG..SGTDFTLTISSLQPEDFATYYCQQY,('Macaca_mulatta', 'K'),('Macaca mulatta_AG07107', 'IGKV1-16*01')
Warning - this alignment doesn't feature CYS at position 23 and/or position 104.
DIQMTQSPSSLSASVGDKVT.ITCRASQGI......SSWLAWYQQKPGKAPKLLIYAA.......SSLQSGVP.SRFSGSG..SGTDYTLTISSLQPEDFATYYCQQG,('Macaca_mulatta', 'K'),('Macaca mulatta_AG07107', 'IGKV1-18*01')
Warning - this alignment doesn't feature CYS at position 23 and/or position 104.
DIQMTQSPSSLSASVGDKVT.ITCHASQGI......SSWLAWYQQKPGKAPKPLIYAA.......SSLQSGVP.SRFSGSG..SGTDYTLTISSLQPEDFATYYCQQY,('Macaca_mulatta', 'K'),('Macaca mulatta_AG07107', 'IGKV1-19*01')
Warning - this alignment doesn't feature CYS at position 23 and/or position 104.
DIQMTQSPSSLSASVGDRVT.ITCRASQGI......SSWLAWYQQKPGKAPKLLIYKA.......SSLQSGVP.SRFSGSG..SGTDFTLTISSLQPEDFATYYCQQY,('Macaca_mulatta', 'K'),('Macaca mulatta_AG07107', 'IGKV1-21*01')
Warning - this alignment doesn't feature CYS at position 23 and/or position 104.
DIQMTQSPSSLSASVGDTVT.ITCRASQSI......SSWLAWYQQKPGKAPKLLIYKA.......SSLQSGVP.SRFSGSG..SGTDFTLTISSLQPEDFATYYCLQY,('Macaca_mulatta', 'K'),('Macaca mulatta_AG07107', 'IGKV1-22*01')
Warning - this alignment doesn't feature CYS at position 23 and/or position 104.
DIQMTQSPSSLSASVGDRVT.ITCRASQGI......SSYLAWYQQKPGKAPKLLIYKA.......STLQSGVP.SRFSGSG..SGTDFTLTISSLQPEDFATYYCQQH,('Macaca_mulatta', 'K'),('Macaca mulatta_AG07107', 'IGKV1-25*01')
Warning - this alignment doesn't feature CYS at position 23 and/or position 104.
DIQMTQSPSSLSASVGDRVT.ITCQASQGI......SSWLAWYQQKPGKAPKLLLYKA.......PGLQSGVP.SMFSGSG..SGTDFTLTISSLQPEYFATYYCQQF,('Macaca_mulatta', 'K'),('Macaca mulatta_AG07107', 'IGKV1-27*01')
Warning - this alignment doesn't feature CYS at position 23 and/or position 104.
DIQMTQSPSSLSASVGDTVT.ITCRASQGI......SSYLNWFQQKPGKAPKLLIYAA.......TTLQSGVP.SRFSGSG..SGTEFTLTISSLQPEDFAAYYCLQH,('Macaca_mulatta', 'K'),('Macaca mulatta_AG07107', 'IGKV1-28*01')
Warning - this alignment doesn't feature CYS at position 23 and/or position 104.
DIQMTQSPSSLSASVGDRVT.ITCRASQGI......SSYLNWYQQKPGKAPKLLIYYA.......NRLESGVP.SRFSGSG..SGTEFTLTISSLQPEDFATYYCQQY,('Macaca_mulatta', 'K'),('Macaca mulatta_AG07107', 'IGKV1-32*01')
Warning - this alignment doesn't feature CYS at position 23 and/or position 104.
DIQMTQSPSSLSASVGDKVT.ITCRASQGI......SNALAWYQQKPGKAPKLLIYAA.......SNLQSGVP.SRFSGSG..SGTDFTLTISSLQPEDFAVYYCQQR,('Macaca_mulatta', 'K'),('Macaca mulatta_AG07107', 'IGKV1-33*01')
Warning - this alignment doesn't feature CYS at position 23 and/or position 104.
DIQMTQSPSSLSASVGDRVT.ITCRASQGI......SNYLSWYQQKPGKAPKLLIYAA.......SSLESGVP.SRFSGSG..SGTEFTLTISSLQPEDFAAYYCLQY,('Macaca_mulatta', 'K'),('Macaca mulatta_AG07107', 'IGKV1-36*01')
Warning - this alignment doesn't feature CYS at position 23 and/or position 104.
DIQMTQSPSSLSASVGDRVT.ITCRASQGI......SSYLAWYQQKPGKAPKPLIYYA.......SNLESGVP.SRFSGSG..SGTEFTLTISSLQPEDFAIYYCQQY,('Macaca_mulatta', 'K'),('Macaca mulatta_AG07107', 'IGKV1-37*01')
Warning - this alignment doesn't feature CYS at position 23 and/or position 104.
DIQLTQSPSSLSASVGDRVT.ITCRASQGI......SSYLAWYQQKPGKAPKLLIYDA.......SNLQSGVP.SRFSGSG..SGTDFTLTISSLQPEDFAVYYCQQR,('Macaca_mulatta', 'K'),('Macaca mulatta_AG07107', 'IGKV1-38*01')
Warning - this alignment doesn't feature CYS at position 23 and/or position 104.
DIQMTQSPSSLSASVGDRVT.ITCRASQGI......SNYLNWYQQEPGKAPKLLIYAA.......SSLESGVP.SRFSGSG..SGTEFTLTISSLQPEDFATYYCQPF,('Macaca_mulatta', 'K'),('Macaca mulatta_AG07107', 'IGKV1-41*01')
Warning - this alignment doesn't feature CYS at position 23 and/or position 104.
DIQMTQSPSSLSASAGDRVT.ITCRASQGI......STYLNWYQQKPGKAPKRLIYAA.......SSLESGVP.SRFSGSG..SGTDFTLTISSLQPEDFATYYCLQY,('Macaca_mulatta', 'K'),('Macaca mulatta_AG07107', 'IGKV1-43*01')
Warning - this alignment doesn't feature CYS at position 23 and/or position 104.
DIQMTQSPSSLSASVGDRVT.ITCRASQTI......SSYLAWYQQKPGKVPKLLIYAA.......SSLESGVP.SRFSGSG..SGTEFTLTISSLQPEDFATYYCQQH,('Macaca_mulatta', 'K'),('Macaca mulatta_AG07107', 'IGKV1-44*01')
Warning - this alignment doesn't feature CYS at position 23 and/or position 104.
DIQMTQSPSSLSASVGDSVT.ITCRASQSF......SSSLAWYQQKPGKAPKLLIYSA.......SSLQSGVP.SRFSGSK..SGTDFTLTISSLQPEDIASYYCQQY,('Macaca_mulatta', 'K'),('Macaca mulatta_AG07107', 'IGKV1-46*01')
Warning - this alignment doesn't feature CYS at position 23 and/or position 104.
AIQMTQSPSSLSASVGDKVT.ITCRASQSI......GSNLAWYQQKPGKVPKLLIYAA.......STLQSEVP.SRFSGSG..SGTDFTLTISSLQPEEVATYYCQKC,('Macaca_mulatta', 'K'),('Macaca mulatta_AG07107', 'IGKV1-59*01')
Warning - this alignment doesn't feature CYS at position 23 and/or position 104.
DIQMTQSPSSLSASVGDRVT.ITCRASQGI......NNYLSWYQQKPGKAPKPLIYYA.......SSLERGVP.SRFSGSR..SGTDYTLTISSLQPEDIATYYCQQY,('Macaca_mulatta', 'K'),('Macaca mulatta_AG07107', 'IGKV1-66*01')
Warning - this alignment doesn't feature CYS at position 23 and/or position 104.
DIQMTQSPSSLSASVGDRVT.ITCRASQGI......SNWLAWYQQKPGKAPKLLIYRA.......SNLETGVP.SRFSGSG..SGTDFTLTISSLQPEDIATYYCQQH,('Macaca_mulatta', 'K'),('Macaca mulatta_AG07107', 'IGKV1-69*01')
Warning - this alignment doesn't feature CYS at position 23 and/or position 104.
DIQMTQSPSSLSASVGDRVT.ITCRASENV......NNYLNWYQQKPGKAPKLLIYKA.......STLQSGVP.SRFSGSG..SGTDYTFTISSLQPEDVATYYCQHG,('Macaca_mulatta', 'K'),('Macaca mulatta_AG07107', 'IGKV1-74*01')
Warning - this alignment doesn't feature CYS at position 23 and/or position 104.
DIQMTQSPSSLSASVGDTVT.ITCRASQGI......NNELAWYQQKPGKAPTLLLYSG.......SSLHTGVP.SQFSGSG..SGTDFTLTISSLQPEDVATYYCRQD,('Macaca_mulatta', 'K'),('Macaca mulatta_AG07107', 'IGKV1-80*01')
Warning - this alignment doesn't feature CYS at position 23 and/or position 104.
DIQMTQPPSSLSASVGDRVN.ITCQASQSI......SNYLNWYPQKTWKAPKFLTYRA.......SGLQRGVP.SQFSGSG..YGRDFTLTISSLRPEDFAIYYCQQE,('Macaca_mulatta', 'K'),('Macaca mulatta_AG07107', 'IGKV1-84*01')
Warning - this alignment doesn't feature CYS at position 23 and/or position 104.
DIQMTQSPSSLSASVGDRVT.VTCRASQGI......NKELSWYQQKPGKAPTLLIYAA.......SSLQTGVS.SRFSGSG..SGTDFTLTISSLQPEDVATYYCQQD,('Macaca_mulatta', 'K'),('Macaca mulatta_AG07107', 'IGKV1-94*01')
Warning - this alignment doesn't feature CYS at position 23 and/or position 104.
DIQMTQSPSSLSASVGDTVT.ITCRASQGI......SSWLAWYQQKPGKAPKLLIYAA.......SSLQSGVP.SRFSGSG..SGTDFTLTISSLQPEDFAVYYCQQR,('Macaca_mulatta', 'K'),('Macaca mulatta', 'IGKV1S11*01')
Warning - this alignment doesn't feature CYS at position 23 and/or position 104.
DIQMTQSPSSLSASVGDRVT.ITCRASQTI......SSYLAWYQQKPGKVPKLLIYAA.......STLQSGVP.SRFSGSG..SGTEFTLTISSLQPEDFATYYCLQY,('Macaca_mulatta', 'K'),('Macaca mulatta', 'IGKV1S12*01')
Warning - this alignment doesn't feature CYS at position 23 and/or position 104.
DIQMTQSPSSLSASVGDTVT.ITCRASQGI......SNYLAWYQQKPGKAPKLLIYAA.......SSLESGVP.SRFSGSG..SGTDFTLTISSLQPEDFAAYYCLQH,('Macaca_mulatta', 'K'),('Macaca mulatta', 'IGKV1S13*01')
Warning - this alignment doesn't feature CYS at position 23 and/or position 104.
DIQMTQSPSSLSASVGDTVT.ITCRASQGI......SNYLAWYQQKPGKAPKPLIYYA.......SNLESGVP.SRFSGSG..SGTDFTLTISSLQPEDFATYYCQQH,('Macaca_mulatta', 'K'),('Macaca mulatta', 'IGKV1S14*01')
Warning - this alignment doesn't feature CYS at position 23 and/or position 104.
DIQMTQSPSSLSASVGDTVT.ITCRASQGI......SNYLAWYQQKPGKAPKPLIYYA.......SSLESGVP.SRFSGSG..SGTDFTLTISSLQPEDFATYYCQQG,('Macaca_mulatta', 'K'),('Macaca mulatta', 'IGKV1S15*01')
Warning - this alignment doesn't feature CYS at position 23 and/or position 104.
DIQMTQSPSSLSASVGDTVT.ITCRASQGI......SNYLAWYQQKPGKAPKPLIYYA.......SSLESGVP.SRFSGSG..YGTDFTLTISSLQPEDFATYYCQQH,('Macaca_mulatta', 'K'),('Macaca mulatta', 'IGKV1S16*01')
Warning - this alignment doesn't feature CYS at position 23 and/or position 104.
DIQMTQSPSSLSASVGDRVT.ITCRASQGI......SNNLAWYQQKPGKAPKLLIYAA.......SSLESGVP.SRFSGSG..SGTDFTLTISSLQPEDFATYYCLQY,('Macaca_mulatta', 'K'),('Macaca mulatta', 'IGKV1S17*01')
Warning - this alignment doesn't feature CYS at position 23 and/or position 104.
DIQMTQSPSSLSASVGDTVT.ITCRASQGI......SNYLNWYQQKPGKAPKLLIYAA.......SSLESGVP.SRFSGSG..SGTDFTLTISSLQPEDFAAYYCLQH,('Macaca_mulatta', 'K'),('Macaca mulatta', 'IGKV1S19*01')
Warning - this alignment doesn't feature CYS at position 23 and/or position 104.
DIQMTQSPSSLSASVGDRVT.ITCRASQGI......SNYLNWYQQKPGKAPKRLIYDA.......SSLQSGVP.SRFSGSG..SGTDFTLTISSLQPEDFAAYYCLQY,('Macaca_mulatta', 'K'),('Macaca mulatta', 'IGKV1S21*01')
Warning - this alignment doesn't feature CYS at position 23 and/or position 104.
DIQMTQSPSSLSASVGDRVT.ITCRASQGI......SSWLAWYQQKPGKVPKLLIYAA.......STLQSGVP.SRFSGSG..SGTEFTLTISSLQPEDFATYYCQQH,('Macaca_mulatta', 'K'),('Macaca mulatta', 'IGKV1S25*01')
Warning - this alignment doesn't feature CYS at position 23 and/or position 104.
DIQMTQSPSSLSASVGDTVT.ITCRASQGI......SNYLAWYQQKPGKAPKPLIYYA.......SSLESGVP.SRFSGSG..SGTDFTLTISSLQPEDFATYYCQQH,('Macaca_mulatta', 'K'),('Macaca mulatta', 'IGKV1S3*01')
Warning - this alignment doesn't feature CYS at position 23 and/or position 104.
DIQMTQSPSSLSASVGDRVT.ITCQASQGI......SSWLAWYQQKPGKAPKLLLYKA.......PGLQSGVP.SMFSGSG..SGTEFTLTISSLQPEDFATYYCQQH,('Macaca_mulatta', 'K'),('Macaca mulatta', 'IGKV1S4*01')
Warning - this alignment doesn't feature CYS at position 23 and/or position 104.
DIQMTQSPSSLSASVGDRVT.ITCRASQTI......SSYLAWYQQKPGKAPKRLIYAA.......SSLESGVP.SRFSGSG..SGTEFTLTISSLQPEDFATYYCQQH,('Macaca_mulatta', 'K'),('Macaca mulatta', 'IGKV1S5*01')
Warning - this alignment doesn't feature CYS at position 23 and/or position 104.
DIQMTQSPSSLSASVGDKVT.ITCRASQGI......SSWLAWYQQKPGKAPKLLIYKA.......SSLASGVP.SRFSGSG..SGTEFTLTISSLQPEDFATYYCQQH,('Macaca_mulatta', 'K'),('Macaca mulatta', 'IGKV1S6*01')
Warning - this alignment doesn't feature CYS at position 23 and/or position 104.
DIQMTQSPSSLSASVGDRVT.ITCRASQTI......SSYLAWYQQKPGKVPKLLIYAA.......STLQSGVP.SRFSGSG..SGTDFTLTISSLQPEDFATYYCQQY,('Macaca_mulatta', 'K'),('Macaca mulatta', 'IGKV1S8*01')
Warning - this alignment doesn't feature CYS at position 23 and/or position 104.
DIQMSQSPSSLSASVGDTVT.ITCRASQGI......SNYLNWFQQKPGKAPKLLIYAA.......TTLQSGVP.SRFSGSG..SGTDFTLTISSLQPEDFATYYCQQH,('Macaca_mulatta', 'K'),('Macaca mulatta', 'IGKV1S9*01')
Warning - this alignment doesn't feature CYS at position 23 and/or position 104.
DVAMTQSPLSLPVTLGQPAS.ISCRSSQSLLHS.NGNTYLSWFQQKPGQSPRRLIYKV.......SNRDSGVP.DRFSGSG..AGTDFTLKISRVEAEDVGVYYCMEG,('Macaca_mulatta', 'K'),('Macaca mulatta_AG07107', 'IGKV2-58*01')
Warning - this alignment doesn't feature CYS at position 23 and/or position 104.
DIVMTQTPLSLPVTLGEPAS.ISCRSSQSLLSS.NGYNYLNWYLQKPGQSPQLLIYYG.......SNRASGVP.DRFSGSG..SGTDFTLKISRVEAEDVGVYYCMQA,('Macaca_mulatta', 'K'),('Macaca mulatta_AG07107', 'IGKV2-60*01')
Warning - this alignment doesn't feature CYS at position 23 and/or position 104.
DIVMTQTPLSLPVTPGEPAS.ISCRSSQSLLHT.DGYTYLDWYLQKPGQSPQLLIYGG.......SNRASGVP.DRFSGSG..SGTDFTLKISKVEAEDVGVYYCMQH,('Macaca_mulatta', 'K'),('Macaca mulatta_AG07107', 'IGKV2-61*01')
Warning - this alignment doesn't feature CYS at position 23 and/or position 104.
DVVMTQSPLSLPITPGQPAS.ISCRSSQSLVHS.DGNTYLSWYQQKPGQPPRLLIYKV.......SNRDSGVP.DRFSGSG..AGTDFTLKISRVEAEDVGVYYCGQG,('Macaca_mulatta', 'K'),('Macaca mulatta_AG07107', 'IGKV2-64*01')
Warning - this alignment doesn't feature CYS at position 23 and/or position 104.
DVVMTQSPLSLPITPGQPAS.ISCRSSQSLVHS.NGNTYLSWYQQKPGQPPRRLIYEV.......SNRDSGVP.DRFSGSG..AGTDFTLKISRVEAEDVGVYYCGQG,('Macaca_mulatta', 'K'),('Macaca mulatta_AG07107', 'IGKV2-65*01')
Warning - this alignment doesn't feature CYS at position 23 and/or position 104.
DIVMTQTLLSLPVTPGEPAS.ISCRSSQSLLHS.NGNTYLDWYLQKPGQSPRFLIYKV.......TNREPGVP.DRFSGSG..SGTDFTLKISRVEPEDVGVCYCMQS,('Macaca_mulatta', 'K'),('Macaca mulatta_AG07107', 'IGKV2-68*01')
Warning - this alignment doesn't feature CYS at position 23 and/or position 104.
DIVMTQTPLSLSVTPREPAS.ISCRSSQSLLHT.DGRTYLYWYLQKPGQPPRLLIYRV.......SNRFSGVP.DRFSGSG..SGTDFTLKISRVEAEDVGVYYCMQA,('Macaca_mulatta', 'K'),('Macaca mulatta_AG07107', 'IGKV2-70*01')
Warning - this alignment doesn't feature CYS at position 23 and/or position 104.
DIVMTQTPLSLPITPGEPAS.ISCRSSQSLLHS.NGNTYLHWYLQKPGQSPQLLIYGG.......SNRASGVP.DRFSGSG..SGTDFTLKISKVEAEDVGVYYCVQA,('Macaca_mulatta', 'K'),('Macaca mulatta_AG07107', 'IGKV2-72*01')
Warning - this alignment doesn't feature CYS at position 23 and/or position 104.
DIVMTQTPLSLPVTPGEPAS.ISCRSSQSLLHS.DGNTYLYWYLQKPGQPPRLLIYRV.......SNRFSGVP.DRFSGSG..SGTDFTLKISRVKAEDVGVYYCMQA,('Macaca_mulatta', 'K'),('Macaca mulatta_AG07107', 'IGKV2-73*01')
Warning - this alignment doesn't feature CYS at position 23 and/or position 104.
DIVMTQTPLSLPITPGEPAS.ISCRSSQSFLDSDDGYTYLDWYLQKPGQPPQPLIYFV.......SSRASGVP.DRFNGSG..SGSDFTLKISGVEADDVGVYYCMQC,('Macaca_mulatta', 'K'),('Macaca mulatta_AG07107', 'IGKV2-76*01')
Warning - this alignment doesn't feature CYS at position 23 and/or position 104.
DIVMTQTPLSLPVTPGEPAS.ISCRSSQSLLDS.DGYTHLHWYLQKPGQSPQLLIYLG.......SNRASGVP.DRFSGSG..SGTDFTLKISRVEAEDVGVYYCMQT,('Macaca_mulatta', 'K'),('Macaca mulatta_AG07107', 'IGKV2-78*01')
Warning - this alignment doesn't feature CYS at position 23 and/or position 104.
DIVMTQTPLSLPVTLGEPAS.ISCRSSQSLVYS.DGKTYLDWYLQKPGQSPQLLMYLV.......SKRASGVP.DKFSGSG..SGTDFTLKISRVEAEDVGVYYCMQA,('Macaca_mulatta', 'K'),('Macaca mulatta_AG07107', 'IGKV2-82*01')
Warning - this alignment doesn't feature CYS at position 23 and/or position 104.
DIVMTQTPLSLPVTPGEPAS.ISCRSSQSLLDSEDGNTYLDWYLQKPGQSPQPLIYEV.......SNRASGVP.DRFSGSG..SDTDFTLKISRVEAEDVGVYYCMQY,('Macaca_mulatta', 'K'),('Macaca mulatta_AG07107', 'IGKV2-86*01')
Warning - this alignment doesn't feature CYS at position 23 and/or position 104.
DIVMTQTPLSLPVTPGEPAS.ISCRSSQSLLDS.DGYTCLDWYLQKPGQSPQLLIYEV.......SNRVSGVP.DRFSGSG..SGTDFTLKISRVEAEDVGVYYCMQS,('Macaca_mulatta', 'K'),('Macaca mulatta_AG07107', 'IGKV2-90*01')
Warning - this alignment doesn't feature CYS at position 23 and/or position 104.
DIVMTQTPLSLPVTPGEPAS.ISCRSSQSLLHS.NGYTYLYWYLQKPGQSPQLLMYFA.......SYRASGVP.DRFSGSG..SGTDFTLGISRVEAEDIGVYYCMQG,('Macaca_mulatta', 'K'),('Macaca mulatta_AG07107', 'IGKV2-91*01')
Warning - this alignment doesn't feature CYS at position 23 and/or position 104.
DIVMTQTPLSLPVTPGEPAS.ISCRSSQSLFDSDYANTYLDWCLQKPGQSPQLLIYML.......FNRVSGVP.DRFSGSG..SGTDFTLKISRVEAEDVGVYYCMQS,('Macaca_mulatta', 'K'),('Macaca mulatta_AG07107', 'IGKV2-99*01')
Warning - this alignment doesn't feature CYS at position 23 and/or position 104.
DIVMTQTPLSLSVTPGQPAS.ISCKSSQSLLHS.DGKTYLYWYLQKPGQSPQLLIYEV.......SSRFSGVP.DRFSGSG..SGTDFTLKISRVEAEDVGVYYCMQG,('Macaca_mulatta', 'K'),('Macaca mulatta', 'IGKV2S15*01')
Warning - this alignment doesn't feature CYS at position 23 and/or position 104.
DIVMTQTPLSLPVTPGEPAS.ISCRSSQSLLHS.NGNTYLDWYLQKPGQSPRLLIYKV.......TNRESGVP.DRFSGSG..SGTDFTLKISRVEPEDVGVYYCMQS,('Macaca_mulatta', 'K'),('Macaca mulatta', 'IGKV2S2*01')
Warning - this alignment doesn't feature CYS at position 23 and/or position 104.
DIVMTQTPLSLPVTPGEPAS.ISCRSSQSLLDSEDGNTYLEWYLQKPGQSPQPLIYEV.......SNRASGVP.DRFSGSG..SDTDFTLKISRVEAEDVGVYYCMQG,('Macaca_mulatta', 'K'),('Macaca mulatta', 'IGKV2S20*01')
Warning - this alignment doesn't feature CYS at position 23 and/or position 104.
DIVMTQTPLSLPVTPGEPAS.ISCRSSQSLLHS.NGNTYLHWYLQKPGQSPRLLIYKV.......TNRESGVP.DRFSGSG..SGTDFTLKISRVEPEDVGVYYCMQS,('Macaca_mulatta', 'K'),('Macaca mulatta', 'IGKV2S3*01')
Warning - this alignment doesn't feature CYS at position 23 and/or position 104.
DVVMTQSPLSLPVTPGQPAS.ISCRSSQSLVHS.DGKTYLNWLQQKPGQPPRRLIYQV.......SNRDSGVP.DRFSGSG..AGTDFTLKISRVEAEDVGVYYCGQG,('Macaca_mulatta', 'K'),('Macaca mulatta', 'IGKV2S8*01')
Warning - this alignment doesn't feature CYS at position 23 and/or position 104.
DVVMTQSPLSLPVTPGQPAS.ISCRSSQSLVHS.DGKTYLNWLQQKPGQPPRRLIYQV.......SNRDSGVP.DRFSGSG..AGTDFTLKISRVEAEDVGVYYCVQG,('Macaca_mulatta', 'K'),('Macaca mulatta', 'IGKV2S9*01')
Warning - this alignment doesn't feature CYS at position 23 and/or position 104.
EIVMTQSPATLSLSPGERAT.LSCRASQSV......SSSLAWYQQKPGQAPRLLIYDA.......SSRVTGIP.DRFSGSG..SGTDFTLTISSLEPEDVGVYFCQQE,('Macaca_mulatta', 'K'),('Macaca mulatta_AG07107', 'IGKV3-17*01')
Warning - this alignment doesn't feature CYS at position 23 and/or position 104.
EIVMTQSPATLSLSPGERAT.LSCRASQSV......SSSLAWYQQKPGQAPRLLIYGA.......SSRATGIP.DRFSGSG..SGTDFTLTISSLEPEDVAVYYCLQR,('Macaca_mulatta', 'K'),('Macaca mulatta_AG07107', 'IGKV3-24*01')
Warning - this alignment doesn't feature CYS at position 23 and/or position 104.
EIVMTQSPATLSLSPGETAT.ISCRTSQSV......SSYLAWYQQKPGQAPRLLIYGA.......SSRATGIP.DRFSGSG..SGTDFTLTISSLEPEYFAVYYCQET,('Macaca_mulatta', 'K'),('Macaca mulatta_AG07107', 'IGKV3-31*01')
Warning - this alignment doesn't feature CYS at position 23 and/or position 104.
EIVMTQSPATLSLSPGERAT.LSCRASQSV......SSNLAWYQQKPGQAPRLLIYDA.......SNRATGIP.DRFSGSG..SGTDFTLTISSLEPEDVGVYYCQQE,('Macaca_mulatta', 'K'),('Macaca mulatta_AG07107', 'IGKV3-35*01')
Warning - this alignment doesn't feature CYS at position 23 and/or position 104.
EIVMTQSPATLSLSPGETAT.LSCRASESV......GSYLAWYQQKPGQAPKLLVRSA.......YFRATGIP.DRFSGSG..SRTDFTLTISSLEPEDVGVYHCQQY,('Macaca_mulatta', 'K'),('Macaca mulatta_AG07107', 'IGKV3-40*01')
Warning - this alignment doesn't feature CYS at position 23 and/or position 104.
EIVMTQSPATLSLSPGERAT.LSCRASQSV......SSSLAWYQQKPGQAPRLLIYGA.......SSRATGIP.DRFSGSG..SGTEFTLTISSLEPEDVAVYYCQQN,('Macaca_mulatta', 'K'),('Macaca mulatta_AG07107', 'IGKV3-42*01')
Warning - this alignment doesn't feature CYS at position 23 and/or position 104.
QVILTQSPATLSLSPGERAT.LSCRASQSV......SSSLAWYQQKPGQAPRLLIYGA.......SSRATGIP.DRFSGSG..SGTEFTLTISSLEPEDFAVYYCQKY,('Macaca_mulatta', 'K'),('Macaca mulatta_AG07107', 'IGKV3-53*01')
Warning - this alignment doesn't feature CYS at position 23 and/or position 104.
QVILTQSPATLSLSPGERAT.LSCRASQSV......GSNLAWYQQKPGQAPRLLIYGA.......SSRATGIP.DRFSGSG..SGTDFTLTISSLEPEDVAVYYCLQR,('Macaca_mulatta', 'K'),('Macaca mulatta', 'IGKV3S11*01')
Warning - this alignment doesn't feature CYS at position 23 and/or position 104.
EIVMTQSPATLSLSPGERAT.LSCRASQSV......SSRLAWYKQKPGQAPRLLIYDA.......SSRATGIP.DRFSGSG..SGTEFTLTISSLEPEDVAVYLCQQE,('Macaca_mulatta', 'K'),('Macaca mulatta', 'IGKV3S5*01')
Warning - this alignment doesn't feature CYS at position 23 and/or position 104.
EIVMTQSPATLSLSPGERAT.LSCRASQSV......SSYVAWYQQKPGQAPRLLIYGA.......SSRATGIP.DRFSGSG..SGTEFTLTISSLEPEDFAVYYCQQY,('Macaca_mulatta', 'K'),('Macaca mulatta', 'IGKV3S9*01')
Warning - this alignment doesn't feature CYS at position 23 and/or position 104.
DIVMTQSPAFVSVTPGEKVT.ITCQVSEGI......SNYLHWYQQKPDQAPKLFIQYA.......SQSISGVP.SRFTGSG..SGTDFTFTISSLEVEDAATYYCQQG,('Macaca_mulatta', 'K'),('Macaca mulatta_AG07107', 'IGKV6-47*01')
Warning - this alignment doesn't feature CYS at position 23 and/or position 104.
EIVLTQSPAFRSVTLKEKVT.ITCQASQSI......GSSLHWYQQKPDQSPKLLIKYA.......SQSISGVP.SRFSGSG..SGTDFTLTINSLEAEDAATYYCQQS,('Macaca_mulatta', 'K'),('Macaca mulatta_AG07107', 'IGKV6-55*01')

Formatting alignments

IGs
Homo_sapiens H
Homo_sapiens K
Homo_sapiens L
Mus H
Mus K
Mus L
Rattus_norvegicus H
Rattus_norvegicus K
Rattus_norvegicus L
Oryctolagus_cuniculus H
Oryctolagus_cuniculus K
Oryctolagus_cuniculus L
Macaca_mulatta H
Macaca_mulatta K
Macaca_mulatta L
Sus_scrofa H
Sus_scrofa K
Sus_scrofa L
Vicugna_pacos H
Bos_taurus H
Bos_taurus K
Bos_taurus L

TRs
Homo_sapiens A
Homo_sapiens B
Homo_sapiens G
Homo_sapiens D
Mus A
Mus B
Mus G
Mus D
Traceback (most recent call last):
  File "/tmp/ANARCI_build/build_pipeline/./FormatAlignments.py", line 480, in <module>
    main()
  File "/tmp/ANARCI_build/build_pipeline/./FormatAlignments.py", line 454, in main
    jalignments = format_j_genes(jalignments)
                  ^^^^^^^^^^^^^^^^^^^^^^^^^^^
  File "/tmp/ANARCI_build/build_pipeline/./FormatAlignments.py", line 191, in format_j_genes
    start = ref_aligned.index( reference[0] )
            ^^^^^^^^^^^^^^^^^^^^^^^^^^^^^^^^^
ValueError: substring not found
Alignment input open failed.
   couldn't open ./curated_alignments/ALL.stockholm for reading

Error: File existence/permissions problem in trying to open HMM file ./HMMs/ALL.hmm.
HMM file ./HMMs/ALL.hmm not found (nor an .h3m binary of it)

