Fetch Shard Index for conda-forge/linux-64                                                      ⧖ Starting
Fetch Shard Index for conda-forge/linux-64                                                ✔ Done (0.1 sec)
Fetch Shard Index for conda-forge/noarch                                                        ⧖ Starting
Fetch Shard Index for conda-forge/noarch                                                  ✔ Done (0.2 sec)
Fetching and Parsing Packages' Shards                                                           ⧖ Starting
Fetching and Parsing Packages' Shards                                                     ✔ Done (2.0 sec)
Fetch Shard Index for bioconda/linux-64                                                         ⧖ Starting
Fetch Shard Index for bioconda/linux-64                                                   ✔ Done (0.1 sec)
Fetch Shard Index for bioconda/noarch                                                           ⧖ Starting
Fetch Shard Index for bioconda/noarch                                                     ✔ Done (0.1 sec)
Fetching and Parsing Packages' Shards                                                           ⧖ Starting
Fetching and Parsing Packages' Shards                                                     ✔ Done (0.2 sec)
Using Cached Shard Index for conda-forge/linux-64                                                   ✔ Done
Using Cached Shard Index for conda-forge/noarch                                                     ✔ Done
Fetching and Parsing Packages' Shards                                                           ⧖ Starting
Fetching and Parsing Packages' Shards                                                     ✔ Done (1.2 sec)
Using Cached Shard Index for bioconda/linux-64                                                      ✔ Done
Using Cached Shard Index for bioconda/noarch                                                        ✔ Done
Fetching and Parsing Packages' Shards                                                           ⧖ Starting
Fetching and Parsing Packages' Shards                                                     ✔ Done (0.0 sec)

Resolving Environment                                                                           ⧖ Starting
Resolving Environment                                                                     ✔ Done (0.2 sec)

Transaction

  Prefix: /workspace_developability_acquisition/.mamba/envs/anarci

  Updating specs:

   - anarci
   - python=3.11
   - pip


  Package                Version  Build                 Channel          Size
───────────────────────────────────────────────────────────────────────────────
  Install:
───────────────────────────────────────────────────────────────────────────────

  + _openmp_mutex            4.5  20_gnu                conda-forge      29kB
  + anarci            2024.05.21  pyhdfd78af_0          bioconda          1MB
  + biopython               1.88  py311h49ec1c0_0       conda-forge       3MB
  + bzip2                  1.0.8  hda65f42_10           conda-forge     258kB
  + ca-certificates    2026.7.22  hbd8a1cb_0            conda-forge     132kB
  + gsl                      2.7  he838d99_0            conda-forge       3MB
  + hmmer                    3.4  h7d74f8d_5            bioconda          9MB
  + icu                     78.3  py310h44b86e0_2       conda-forge      14MB
  + ld_impl_linux-64      2.46.1  default_hbd61a6d_102  conda-forge     745kB
  + libblas               3.11.0  9_h4a7cf45_openblas   conda-forge      18kB
  + libcblas              3.11.0  9_h0358290_openblas   conda-forge      18kB
  + libexpat               2.8.1  hecca717_1            conda-forge      78kB
  + libffi                 3.7.0  h81df57d_1            conda-forge      68kB
  + libgcc                16.2.0  ha9f2e26_4            conda-forge       1MB
  + libgcc-ng             16.2.0  h69a702a_4            conda-forge      28kB
  + libgfortran           16.2.0  h69a702a_4            conda-forge      28kB
  + libgfortran-ng        16.2.0  h69a702a_4            conda-forge      28kB
  + libgfortran5          16.2.0  h6b99dfc_4            conda-forge       3MB
  + libgomp               16.2.0  he0feb66_4            conda-forge     640kB
  + liblapack             3.11.0  9_h47877c9_openblas   conda-forge      18kB
  + liblzma                5.8.3  hb03c661_1            conda-forge     113kB
  + libnsl                 2.0.1  hb9d3cd8_1            conda-forge      34kB
  + libopenblas           0.3.34  pthreads_h94d23a6_0   conda-forge       6MB
  + libsqlite             3.53.4  h13e7031_1            conda-forge     974kB
  + libstdcxx             16.2.0  h934c35e_4            conda-forge       7MB
  + libstdcxx-ng          16.2.0  hdf11a46_4            conda-forge      28kB
  + libuuid               2.42.2  h5347b49_0            conda-forge      40kB
  + libxcrypt             4.4.38  h280c20c_0            conda-forge     102kB
  + libzlib                1.3.2  h25fd6f3_3            conda-forge      64kB
  + mpi                      1.0  openmpi               conda-forge       4kB
  + ncurses                  6.6  hdb14827_1            conda-forge     911kB
  + numpy                  2.4.6  py311h2e04523_0       conda-forge       9MB
  + openmpi                4.1.6  hc5af2df_101          conda-forge       4MB
  + openssl                3.6.4  h781a0a9_0            conda-forge       3MB
  + packaging               26.3  pyhc364b38_0          conda-forge     116kB
  + pip                   26.2.1  pyh8b19718_0          conda-forge       1MB
  + python               3.11.16  h8ab3286_0_cpython    conda-forge      31MB
  + python_abi              3.11  8_cp311               conda-forge       7kB
  + readline                 8.3  hd6e31c0_1            conda-forge     349kB
  + setuptools            84.0.0  pyh332efcf_0          conda-forge     524kB
  + tk                    8.6.13  noxft_h1df4ec4_4      conda-forge       4MB
  + tzdata                 2026c  h151e31d_0            conda-forge     119kB
  + wheel                 0.48.0  pyhd8ed1ab_0          conda-forge      35kB
  + zlib                   1.3.2  h25fd6f3_3            conda-forge      96kB
  + zstd                   1.5.7  hb78ec9c_7            conda-forge     601kB

  Summary:

  Install: 45 packages

  Total download: 106MB

───────────────────────────────────────────────────────────────────────────────


warning  libmamba Security Warning: This transaction includes executing package scripts (pre/post-link/unlink) if present. These scripts can contain arbitrary code. Please ensure you trust the package sources.

Transaction starting
Linking mpi-1.0-openmpi
Linking libzlib-1.3.2-h25fd6f3_3
Linking libgomp-16.2.0-he0feb66_4
Linking zstd-1.5.7-hb78ec9c_7
Linking zlib-1.3.2-h25fd6f3_3
Linking _openmp_mutex-4.5-20_gnu
Linking ld_impl_linux-64-2.46.1-default_hbd61a6d_102
Linking libgcc-16.2.0-ha9f2e26_4
Linking libgfortran5-16.2.0-h6b99dfc_4
Linking bzip2-1.0.8-hda65f42_10
Linking libnsl-2.0.1-hb9d3cd8_1
Linking libexpat-2.8.1-hecca717_1
Linking libffi-3.7.0-h81df57d_1
Linking liblzma-5.8.3-hb03c661_1
Linking ncurses-6.6-hdb14827_1
Linking tk-8.6.13-noxft_h1df4ec4_4
Linking libstdcxx-16.2.0-h934c35e_4
Linking libgcc-ng-16.2.0-h69a702a_4
Linking libuuid-2.42.2-h5347b49_0
Linking libxcrypt-4.4.38-h280c20c_0
Linking libgfortran-16.2.0-h69a702a_4
Linking readline-8.3-hd6e31c0_1
Linking icu-78.3-py310h44b86e0_2
Linking libstdcxx-ng-16.2.0-hdf11a46_4
Linking libgfortran-ng-16.2.0-h69a702a_4
Linking libopenblas-0.3.34-pthreads_h94d23a6_0
Linking libsqlite-3.53.4-h13e7031_1
Linking openmpi-4.1.6-hc5af2df_101
warning  libmamba Executing post-link script for package 'openmpi'.
 
For Linux 64, Open MPI is built with CUDA awareness but this support is disabled by default.
To enable it, please set the environment variable OMPI_MCA_opal_cuda_support=true before
launching your MPI processes. Equivalently, you can set the MCA parameter in the command line:
mpiexec --mca opal_cuda_support 1 ...
 
In addition, the UCX support is also built but disabled by default.
To enable it, first install UCX (conda install -c conda-forge ucx). Then, set the environment
variables OMPI_MCA_pml="ucx" OMPI_MCA_osc="ucx" before launching your MPI processes.
Equivalently, you can set the MCA parameters in the command line:
mpiexec --mca pml ucx --mca osc ucx ...
Note that you might also need to set UCX_MEMTYPE_CACHE=n for CUDA awareness via UCX.
Please consult UCX's documentation for detail.
 

Linking libblas-3.11.0-9_h4a7cf45_openblas
Linking liblapack-3.11.0-9_h47877c9_openblas
Linking libcblas-3.11.0-9_h0358290_openblas
Linking gsl-2.7-he838d99_0
Linking python_abi-3.11-8_cp311
Linking tzdata-2026c-h151e31d_0
Linking ca-certificates-2026.7.22-hbd8a1cb_0
Linking hmmer-3.4-h7d74f8d_5
Linking openssl-3.6.4-h781a0a9_0
Linking python-3.11.16-h8ab3286_0_cpython
Linking numpy-2.4.6-py311h2e04523_0
Linking biopython-1.88-py311h49ec1c0_0
Linking packaging-26.3-pyhc364b38_0
Linking setuptools-84.0.0-pyh332efcf_0
Linking wheel-0.48.0-pyhd8ed1ab_0
Linking pip-26.2.1-pyh8b19718_0
Linking anarci-2024.05.21-pyhdfd78af_0

Transaction finished


To activate this environment, use:

    micromamba activate anarci

Or to execute a single command in this environment, use:

    micromamba run -n anarci mycommand

