Using Python 3.12.13 environment at: .venv_b1
Resolved 77 packages in 262ms
Prepared 3 packages in 92ms
Installed 24 packages in 470ms
 + ablang2==0.2.1
 + accelerate==1.14.0
 + annotated-doc==0.0.5
 + anyio==4.14.2
 + click==8.5.0
 + einops==0.8.2
 + fair-esm==2.0.0
 + h11==0.16.0
 + hf-xet==1.6.0
 + httpcore==1.0.9
 + httpx==0.28.1
 + huggingface-hub==1.29.0
 + immunebuilder==1.2
 + markdown-it-py==4.2.0
 + mdurl==0.1.2
 + pygments==2.21.0
 + regex==2026.7.19
 + rich==15.0.0
 + rotary-embedding-torch==0.9.1
 + safetensors==0.8.0
 + shellingham==1.5.4
 + tokenizers==0.23.1
 + transformers==5.16.1
 + typer==0.27.2
