Loading bases…
Building catalog…
inventory rows=52 BioEmu_not_yet=9
→ TmApp BIOEMU_V12 dim=26 base=TmApp_BASE
→ TmApp BIOEMU_NEW_CONTACT dim=20 base=TmApp_BASE
→ TmApp BIOEMU_NEW_PAIRWISE dim=10 base=TmApp_BASE
→ TmApp BIOEMU_NEW_FLEX dim=25 base=TmApp_BASE
→ TmApp BIOEMU_NEW_SHAPE dim=10 base=TmApp_BASE
→ TmApp BIOEMU_NEW_COMBINED dim=65 base=TmApp_BASE
→ HIC BIOEMU_NEW_CONTACT dim=20 base=HIC_BASE_ARO
→ HIC BIOEMU_NEW_PAIRWISE dim=10 base=HIC_BASE_ARO
→ HIC BIOEMU_NEW_COMBINED dim=65 base=HIC_BASE_ARO
→ TmApp FENNIX_V2_CURVATURE dim=30 base=TmApp_BASE
→ TmApp PACKING_CAVITY dim=33 base=TmApp_BASE
→ TmApp BURIED_UNSAT dim=20 base=TmApp_BASE
→ TmApp FAB_INTERFACE dim=29 base=TmApp_BASE
→ TmApp CORE_DEFECT dim=53 base=TmApp_BASE
→ TmApp GAP_ALL dim=82 base=TmApp_BASE
→ HIC CONTINUOUS_SURFACE dim=45 base=HIC_BASE_ARO
→ HIC HIC_SURFACE_ALL dim=64 base=HIC_BASE
→ HIC AROMATIC_TOPO dim=19 base=HIC_BASE
→ TmApp INTERIM_DELTA_GEOM dim=17 base=TmApp_BASE
→ TmApp INTERIM_DELTA_ENV dim=17 base=TmApp_BASE
→ TmApp INTERIM_CONSTANT dim=20 base=TmApp_BASE
→ TmApp INTERIM_INTERFACE dim=18 base=TmApp_BASE
→ TmApp INTERIM_FULL_FAB_NORMALIZED dim=3 base=TmApp_BASE
→ TmApp INTERIM_COMBINED_PREDECLARED dim=93 base=TmApp_BASE
→ TmApp INTERIM_PREP_RELAX_SENSITIVITY dim=17 base=TmApp_BASE
→ TmApp S1_STRUCTURE_GUIDED_POOLING dim=17920 base=TmApp_BASE
→ HIC S1_STRUCTURE_GUIDED_POOLING dim=17920 base=HIC_BASE_ARO
→ TmApp S2_GENERATOR_DISAGREEMENT dim=14 base=TmApp_BASE
→ HIC S2_GENERATOR_DISAGREEMENT dim=14 base=HIC_BASE_ARO
→ TmApp S3_SURFACE_PATCH_GRAPH dim=26 base=TmApp_BASE
→ HIC S3_SURFACE_PATCH_GRAPH dim=26 base=HIC_BASE_ARO
→ TmApp S4_CONTACT_GRAPH dim=19 base=TmApp_BASE
→ HIC S4_CONTACT_GRAPH dim=19 base=HIC_BASE_ARO
→ TmApp M1_PROTEINMPNN dim=1 base=TmApp_BASE
→ HIC M1_PROTEINMPNN dim=1 base=HIC_BASE_ARO
→ TmApp M2_ESM_IF1 dim=4 base=TmApp_BASE
→ HIC M2_ESM_IF1 dim=4 base=HIC_BASE_ARO
→ TmApp M3_SAPROT dim=1442 base=TmApp_BASE
→ HIC M3_SAPROT dim=1442 base=HIC_BASE_ARO
→ TmApp ANM_SPECTRUM dim=34 base=TmApp_BASE
→ TmApp VHL_ANGLE dim=8 base=TmApp_BASE
→ TmApp PKA_SHIFT_CORRECTED dim=30 base=TmApp_BASE
→ TmApp VOID_EXPLICIT dim=13 base=TmApp_BASE
→ TmApp POLAR_SAT dim=11 base=TmApp_BASE
→ TmApp OPENMM_STRAIN dim=20 base=TmApp_BASE
→ TmApp INTERFACE_ENERGY dim=15 base=TmApp_BASE
→ TmApp 3DI_FROZEN dim=2050 base=TmApp_BASE
→ HIC STATIC_SAP dim=18 base=HIC_BASE_ARO
→ HIC HYDRO_FIELD dim=16 base=HIC_BASE_ARO
→ HIC ELEC_HYDRO_COPATCH dim=10 base=HIC_BASE_ARO
→ TmApp TITRATION_SHAPE dim=18 base=TmApp_BASE
→ HIC TITRATION_SHAPE dim=18 base=HIC_BASE_ARO
wrote ALL_BLOCKS 52
