Loading Stage5 feature store (precomputed matrices / embeddings)…
Feature store ready.
=== Gap Closure families ===
  STRICT GapClosure TmApp CORE_DEFECT Primary N=161…
  STRICT GapClosure TmApp CORE_DEFECT Shadow N=161…
  STRICT GapClosure TmApp FAB_INTERFACE Primary N=162…
  STRICT GapClosure TmApp FAB_INTERFACE Shadow N=162…
  STRICT GapClosure TmApp GAP_ALL Primary N=161…
  STRICT GapClosure TmApp GAP_ALL Shadow N=161…
  STRICT GapClosure HIC HIC_SURFACE_ALL Primary N=162…
  STRICT GapClosure HIC HIC_SURFACE_ALL Shadow N=162…
=== Interim FeNNix families ===
  STRICT InterimFeNNix TmApp DELTA_GEOM Primary N=100…
  STRICT InterimFeNNix TmApp DELTA_GEOM Shadow N=100…
  STRICT InterimFeNNix TmApp DELTA_ENV Primary N=100…
  STRICT InterimFeNNix TmApp DELTA_ENV Shadow N=100…
  STRICT InterimFeNNix TmApp CONSTANT Primary N=100…
  STRICT InterimFeNNix TmApp CONSTANT Shadow N=100…
  STRICT InterimFeNNix TmApp INTERFACE Primary N=100…
  STRICT InterimFeNNix TmApp INTERFACE Shadow N=100…
  STRICT InterimFeNNix TmApp FULL_FAB_NORMALIZED Primary N=100…
  STRICT InterimFeNNix TmApp FULL_FAB_NORMALIZED Shadow N=100…
  STRICT InterimFeNNix TmApp COMBINED_PREDECLARED Primary N=100…
  STRICT InterimFeNNix TmApp COMBINED_PREDECLARED Shadow N=100…
wrote /workspace_developability_acquisition/organizer_extension/feature_prospecting/fennix_fab_context_interim_audit/STRICT_NESTED_INCREMENT_RESULTS.csv rows 80
