=== artifact completion start n=117 resume=True ===
=== new 40 classical reproduction ===
  EXP-T045 RESUME score_delta=4.440892098500626e-16 -> REPRODUCED
  EXP-T046 RESUME score_delta=0.0 -> REPRODUCED
  EXP-T047 RESUME score_delta=4.440892098500626e-16 -> REPRODUCED
  EXP-T048 RESUME score_delta=0.0 -> REPRODUCED
  EXP-T049 RESUME score_delta=3.1147520562768705e-08 -> REPRODUCED
  EXP-T050 RESUME score_delta=4.440892098500626e-16 -> REPRODUCED
  EXP-T051 RESUME score_delta=4.440892098500626e-16 -> REPRODUCED
  EXP-T052 RESUME score_delta=4.440892098500626e-16 -> REPRODUCED
  EXP-T053 RESUME score_delta=4.440892098500626e-16 -> REPRODUCED
  EXP-T054 RESUME score_delta=2.9247443977808985e-07 -> REPRODUCED
  EXP-T055 RESUME score_delta=0.0 -> REPRODUCED
  EXP-T056 RESUME score_delta=4.440892098500626e-16 -> REPRODUCED
  EXP-T057 RESUME score_delta=4.440892098500626e-16 -> REPRODUCED
  EXP-T058 RESUME score_delta=4.440892098500626e-16 -> REPRODUCED
  EXP-T059 RESUME score_delta=3.9643615012963096e-07 -> REPRODUCED
  EXP-T060 RESUME score_delta=0.0 -> REPRODUCED
  EXP-T061 RESUME score_delta=4.440892098500626e-16 -> REPRODUCED
  EXP-T062 RESUME score_delta=0.0 -> REPRODUCED
  EXP-T063 RESUME score_delta=0.0 -> REPRODUCED
  EXP-T064 RESUME score_delta=1.3047357327877762e-07 -> REPRODUCED
  EXP-H034 RESUME score_delta=2.220446049250313e-16 -> REPRODUCED
  EXP-H035 RESUME score_delta=2.220446049250313e-16 -> REPRODUCED
  EXP-H036 RESUME score_delta=2.220446049250313e-16 -> REPRODUCED
  EXP-H037 RESUME score_delta=5.551115123125783e-17 -> REPRODUCED
  EXP-H038 RESUME score_delta=7.308771576841622e-08 -> REPRODUCED
  EXP-H039 RESUME score_delta=1.1102230246251565e-16 -> REPRODUCED
  EXP-H040 RESUME score_delta=2.220446049250313e-16 -> REPRODUCED
  EXP-H041 RESUME score_delta=1.1102230246251565e-16 -> REPRODUCED
  EXP-H042 RESUME score_delta=1.6653345369377348e-16 -> REPRODUCED
  EXP-H043 RESUME score_delta=3.58268833489106e-08 -> REPRODUCED
  EXP-H044 RESUME score_delta=1.1102230246251565e-16 -> REPRODUCED
  EXP-H045 RESUME score_delta=2.7755575615628914e-16 -> REPRODUCED
  EXP-H046 RESUME score_delta=2.220446049250313e-16 -> REPRODUCED
  EXP-H047 RESUME score_delta=2.220446049250313e-16 -> REPRODUCED
  EXP-H048 RESUME score_delta=3.5716869295487896e-08 -> REPRODUCED
  EXP-H049 RESUME score_delta=1.1102230246251565e-16 -> REPRODUCED
  EXP-H050 RESUME score_delta=1.6653345369377348e-16 -> REPRODUCED
  EXP-H051 RESUME score_delta=2.220446049250313e-16 -> REPRODUCED
  EXP-H052 RESUME score_delta=1.6653345369377348e-16 -> REPRODUCED
  EXP-H053 RESUME score_delta=2.3397563442273395e-08 -> REPRODUCED
=== previous FULL / TRANSFORMER audit ===
  FULL EXP-T001 RESUME score_delta=0.0
  FULL EXP-T002 RESUME score_delta=4.440892098500626e-16
  FULL EXP-T003 RESUME score_delta=4.440892098500626e-16
  FULL EXP-H001 RESUME score_delta=2.220446049250313e-16
  FULL EXP-H002 RESUME score_delta=2.220446049250313e-16
  FULL EXP-H003 RESUME score_delta=2.220446049250313e-16
=== reconstructable LINEAR materialization ===
  EXP-T004 RESUME n_feat=0 status=REPRODUCED d=4.440892098500626e-16
  EXP-T005 RESUME n_feat=0 status=REPRODUCED d=4.440892098500626e-16
  EXP-T006 RESUME n_feat=78 status=REPRODUCED d=1.3322676295501878e-15
  EXP-T007 RESUME n_feat=78 status=REPRODUCED d=1.3322676295501878e-15
  EXP-T008 RESUME n_feat=480 status=REPRODUCED d=3.9968028886505635e-15
  EXP-T009 RESUME n_feat=480 status=REPRODUCED d=0.018464740506833444
  EXP-T010 RESUME n_feat=558 status=REPRODUCED d=1.3322676295501878e-15
  EXP-T011 RESUME n_feat=558 status=REPRODUCED d=1.7763568394002505e-15
  EXP-T012 RESUME n_feat=568 status=REPRODUCED d=1.3322676295501878e-15
  EXP-T013 RESUME n_feat=568 status=REPRODUCED d=1.7763568394002505e-15
  EXP-T014 RESUME n_feat=559 status=REPRODUCED d=2.220446049250313e-15
  EXP-T015 RESUME n_feat=559 status=REPRODUCED d=8.881784197001252e-16
  EXP-T016 RESUME n_feat=569 status=REPRODUCED d=8.881784197001252e-16
  EXP-T017 RESUME n_feat=3129 status=REPRODUCED d=2.220446049250313e-15
  EXP-T018 RESUME n_feat=5689 status=REPRODUCED d=0.6701352322210061
  EXP-T021 RESUME n_feat=650 status=UNVERIFIED_HISTORICAL d=0.017998474490365624
  EXP-T022 RESUME n_feat=650 status=UNVERIFIED_HISTORICAL d=0.02009382334546883
  EXP-H004 RESUME n_feat=0 status=REPRODUCED d=1.1102230246251565e-16
  EXP-H005 RESUME n_feat=0 status=REPRODUCED d=1.1102230246251565e-16
  EXP-H006 RESUME n_feat=115 status=REPRODUCED d=1.1102230246251565e-16
  EXP-H007 RESUME n_feat=115 status=REPRODUCED d=0.01103357605182087
  EXP-H008 RESUME n_feat=1280 status=REPRODUCED d=6.661338147750939e-16
  EXP-H009 RESUME n_feat=1280 status=REPRODUCED d=2.220446049250313e-16
  EXP-H010 RESUME n_feat=1395 status=REPRODUCED d=2.220446049250313e-16
  EXP-H011 RESUME n_feat=1395 status=REPRODUCED d=3.3306690738754696e-16
  EXP-H012 RESUME n_feat=19 status=REPRODUCED d=0.011142045938050238
  EXP-H013 RESUME n_feat=19 status=REPRODUCED d=0.02078720854502214
  EXP-H014 RESUME n_feat=1414 status=REPRODUCED d=1.5543122344752192e-15
  EXP-H015 RESUME n_feat=1459 status=REPRODUCED d=4.440892098500626e-16
  EXP-H016 RESUME n_feat=1432 status=REPRODUCED d=7.771561172376096e-16
  EXP-H017 RESUME n_feat=1432 status=REPRODUCED d=2.220446049250313e-16
  EXP-H018 RESUME n_feat=1477 status=REPRODUCED d=3.3306690738754696e-16
  EXP-H019 RESUME n_feat=1477 status=REPRODUCED d=1.6653345369377348e-16
  EXP-H020 RESUME n_feat=1448 status=REPRODUCED d=8.326672684688674e-16
=== finalize registry + reports ===
Done in 0.3 min
{'SHAREABLE_COMPLETE': 86, 'SHAREABLE_PARTIAL': 29, 'HISTORICAL_ONLY': 2}
{'REPRODUCED': 78, 'RESULT_VERIFIED': 35, 'UNVERIFIED_HISTORICAL': 4}
