Wrote CLASSICAL_FEATURE_ASSET_AUDIT.csv
Building RASA cache...
RASA 50/324 mapped=50
RASA 100/324 mapped=100
RASA 150/324 mapped=150
RASA 200/324 mapped=200
RASA 250/324 mapped=250
RASA 300/324 mapped=300
RASA meta: {'n_ids': 324, 'n_mapped_both': 324, 'source': '/workspace_developability_acquisition/feature_extension/data/esmfold_fv', 'method': 'Bio.PDB.SASA.ShrakeRupley probe=1.4 n_points=100 MaxASA=Tien2013', 'exposed_threshold': 0.2, 'clip_for_weights': '[0,1]'}
  block FB_AL_CDR_ALL dim=2560
  block FB_AL_CDR3 dim=2560
  block FB_AL_RASA_WEIGHTED dim=2560
  block FB_AL_EXPOSED_CDR dim=2560
  block FB_AL_CDR_FR_SPLIT dim=5120
  block FB_AL_RESIDUE_GLOBAL dim=2560
Loading PLM packs...
  block FB_AL2_GLOBAL dim=960
  block FB_AL2_CDR_ALL dim=960
  block FB_AL2_CDR3 dim=960
  block FB_AL2_FR_CDR_SPLIT dim=1920
  block FB_AL2_CDRW2 dim=960
  block FB_AL2_CDRW4 dim=960
  block FB_AL2_CDR3W4 dim=960
  block FB_AL2_RASA_P1 dim=960
  block FB_AL2_RASA_CDR dim=960
  block FB_AL_CDRW2 dim=2560
  block FB_AL_CDR3W4 dim=2560
  block FB_AL_RASA_P2 dim=2560
  block FB_AL2_AL_CONCAT dim=3520
  block FB_ESM2_GLOBAL dim=1280
  block FB_ESM2_CDR_ALL dim=1280
  block FB_ESM2_CDR3 dim=1280
  block FB_ESM2_FR_CDR_SPLIT dim=2560
  block FB_ESM2_CDRW2 dim=1280
  block FB_ESM2_CDRW4 dim=1280
  block FB_ESM2_CDR3W4 dim=1280
  block FB_ESM2_RASA_P1 dim=1280
  block FB_ESM2_RASA_P2 dim=1280
  block FB_ESM2_RASA_CDR dim=1280
  block FB_ESM2_RASA_CDR3 dim=1280
  block FB_ARO_RASA_SUM dim=96
base FS_TM_ABLINGUA_CDR3 dim=5689
base FS_TM_ABLINGUA_GLOBAL dim=3129
base FS_TM_BIOEMU_MPNN dim=569
base FS_HIC_CONTINUOUS_SURFACE dim=1459
base FS_HIC_HYDRO_TITRATION dim=1448
base FS_HIC_ESM2_SEQ_AROMATIC dim=1414

=== STAGE A: single-block screen ===
  ridge ALONE__FB_AL2_AL_CONCAT: P=3.1733 S=3.1760 W=3.1760
  ridge FS_TM_ABLINGUA_CDR3+FB_AL2_AL_CONCAT: P=3.2389 S=3.2079 W=3.2389
  ridge FS_TM_ABLINGUA_GLOBAL+FB_AL2_AL_CONCAT: P=3.1704 S=3.2393 W=3.2393
  ridge FS_TM_BIOEMU_MPNN+FB_AL2_AL_CONCAT: P=3.1855 S=3.2387 W=3.2387
  ridge ALONE__FB_AL2_CDR_ALL: P=3.0335 S=2.9516 W=3.0335
  ridge FS_TM_ABLINGUA_CDR3+FB_AL2_CDR_ALL: P=3.2422 S=3.2016 W=3.2422
  ridge FS_TM_ABLINGUA_GLOBAL+FB_AL2_CDR_ALL: P=3.2036 S=3.2341 W=3.2341
  ridge FS_TM_BIOEMU_MPNN+FB_AL2_CDR_ALL: P=3.0712 S=2.9655 W=3.0712
  ridge ALONE__FB_AL2_CDR3: P=3.2490 S=3.0709 W=3.2490
  ridge FS_TM_ABLINGUA_CDR3+FB_AL2_CDR3: P=3.2264 S=3.2012 W=3.2264
  ridge FS_TM_ABLINGUA_GLOBAL+FB_AL2_CDR3: P=3.1964 S=3.2373 W=3.2373
  ridge FS_TM_BIOEMU_MPNN+FB_AL2_CDR3: P=3.2994 S=3.0713 W=3.2994
  ridge ALONE__FB_AL2_FR_CDR_SPLIT: P=3.0181 S=2.9022 W=3.0181
  ridge FS_TM_ABLINGUA_CDR3+FB_AL2_FR_CDR_SPLIT: P=3.1728 S=3.1729 W=3.1729
  ridge FS_TM_ABLINGUA_GLOBAL+FB_AL2_FR_CDR_SPLIT: P=3.1616 S=3.2667 W=3.2667
  ridge FS_TM_BIOEMU_MPNN+FB_AL2_FR_CDR_SPLIT: P=3.0635 S=3.0011 W=3.0635
  ridge ALONE__FB_AL2_CDRW2: P=3.0688 S=2.9521 W=3.0688
  ridge FS_TM_ABLINGUA_CDR3+FB_AL2_CDRW2: P=3.2403 S=3.1999 W=3.2403
  ridge FS_TM_ABLINGUA_GLOBAL+FB_AL2_CDRW2: P=3.1874 S=3.2401 W=3.2401
  ridge FS_TM_BIOEMU_MPNN+FB_AL2_CDRW2: P=3.1112 S=2.9286 W=3.1112
  ridge ALONE__FB_AL2_CDRW4: P=3.0640 S=2.9383 W=3.0640
  ridge FS_TM_ABLINGUA_CDR3+FB_AL2_CDRW4: P=3.2486 S=3.2006 W=3.2486
  ridge FS_TM_ABLINGUA_GLOBAL+FB_AL2_CDRW4: P=3.1998 S=3.2407 W=3.2407
  ridge FS_TM_BIOEMU_MPNN+FB_AL2_CDRW4: P=3.0742 S=2.9244 W=3.0742
  ridge ALONE__FB_AL2_CDR3W4: P=3.1077 S=2.9973 W=3.1077
  ridge FS_TM_ABLINGUA_CDR3+FB_AL2_CDR3W4: P=3.2345 S=3.2011 W=3.2345
  ridge FS_TM_ABLINGUA_GLOBAL+FB_AL2_CDR3W4: P=3.1911 S=3.2441 W=3.2441
  ridge FS_TM_BIOEMU_MPNN+FB_AL2_CDR3W4: P=3.1155 S=2.9686 W=3.1155
  ridge ALONE__FB_AL2_RASA_P1: P=2.8800 S=2.8870 W=2.8870
  ridge FS_TM_ABLINGUA_CDR3+FB_AL2_RASA_P1: P=3.2532 S=3.1993 W=3.2532
  ridge FS_TM_ABLINGUA_GLOBAL+FB_AL2_RASA_P1: P=3.1889 S=3.2402 W=3.2402
  ridge FS_TM_BIOEMU_MPNN+FB_AL2_RASA_P1: P=3.0626 S=2.8971 W=3.0626
  ridge ALONE__FB_AL2_RASA_CDR: P=3.0567 S=3.0238 W=3.0567
  ridge FS_TM_ABLINGUA_CDR3+FB_AL2_RASA_CDR: P=3.1700 S=3.1978 W=3.1978
  ridge FS_TM_ABLINGUA_GLOBAL+FB_AL2_RASA_CDR: P=3.1958 S=3.2190 W=3.2190
  ridge FS_TM_BIOEMU_MPNN+FB_AL2_RASA_CDR: P=3.1200 S=2.9292 W=3.1200
  ridge ALONE__FB_AL_CDRW2: P=3.1546 S=3.2027 W=3.2027
  ridge FS_TM_ABLINGUA_CDR3+FB_AL_CDRW2: P=3.2109 S=3.1934 W=3.2109
  ridge FS_TM_ABLINGUA_GLOBAL+FB_AL_CDRW2: P=3.1910 S=3.2302 W=3.2302
  ridge FS_TM_BIOEMU_MPNN+FB_AL_CDRW2: P=3.1980 S=3.2463 W=3.2463
  ridge ALONE__FB_AL_CDR3W4: P=3.1396 S=3.1757 W=3.1757
  ridge FS_TM_ABLINGUA_CDR3+FB_AL_CDR3W4: P=3.2134 S=3.1942 W=3.2134
  ridge FS_TM_ABLINGUA_GLOBAL+FB_AL_CDR3W4: P=3.1872 S=3.2209 W=3.2209
  ridge FS_TM_BIOEMU_MPNN+FB_AL_CDR3W4: P=3.1877 S=3.2291 W=3.2291
  ridge ALONE__FB_AL_RASA_P2: P=3.2282 S=3.1680 W=3.2282
  ridge FS_TM_ABLINGUA_CDR3+FB_AL_RASA_P2: P=3.2120 S=3.1890 W=3.2120
  ridge FS_TM_ABLINGUA_GLOBAL+FB_AL_RASA_P2: P=3.2048 S=3.2335 W=3.2335
  ridge FS_TM_BIOEMU_MPNN+FB_AL_RASA_P2: P=3.1869 S=3.2541 W=3.2541
  ridge ALONE__FB_AL_CDR_ALL: P=3.1591 S=3.1759 W=3.1759
  ridge FS_TM_ABLINGUA_CDR3+FB_AL_CDR_ALL: P=3.1958 S=3.1673 W=3.1958
  ridge FS_TM_ABLINGUA_GLOBAL+FB_AL_CDR_ALL: P=3.2034 S=3.1716 W=3.2034
  ridge FS_TM_BIOEMU_MPNN+FB_AL_CDR_ALL: P=3.1702 S=3.1845 W=3.1845
  ridge ALONE__FB_AL_CDR3: P=3.2271 S=3.1805 W=3.2271
  ridge FS_TM_ABLINGUA_CDR3+FB_AL_CDR3: P=3.2244 S=3.1689 W=3.2244
  ridge FS_TM_ABLINGUA_GLOBAL+FB_AL_CDR3: P=3.2180 S=3.1912 W=3.2180
  ridge FS_TM_BIOEMU_MPNN+FB_AL_CDR3: P=3.2166 S=3.1478 W=3.2166
  ridge ALONE__FB_AL_RASA_WEIGHTED: P=3.1827 S=3.1994 W=3.1994
  ridge FS_TM_ABLINGUA_CDR3+FB_AL_RASA_WEIGHTED: P=3.2104 S=3.1908 W=3.2104
  ridge FS_TM_ABLINGUA_GLOBAL+FB_AL_RASA_WEIGHTED: P=3.1948 S=3.2329 W=3.2329
  ridge FS_TM_BIOEMU_MPNN+FB_AL_RASA_WEIGHTED: P=3.2010 S=3.2549 W=3.2549
  ridge ALONE__FB_ARO_RASA_SUM: P=3.3645 S=3.4182 W=3.4182
  ridge FS_TM_ABLINGUA_CDR3+FB_ARO_RASA_SUM: P=3.1871 S=3.1781 W=3.1871
  ridge FS_TM_ABLINGUA_GLOBAL+FB_ARO_RASA_SUM: P=3.1402 S=3.1504 W=3.1504
  ridge FS_TM_BIOEMU_MPNN+FB_ARO_RASA_SUM: P=3.3660 S=3.1149 W=3.3660
  ridge ALONE__FB_ESM2_CDR_ALL: P=0.5197 S=0.5306 W=0.5306
  ridge FS_HIC_CONTINUOUS_SURFACE+FB_ESM2_CDR_ALL: P=0.5497 S=0.5630 W=0.5630
  ridge FS_HIC_HYDRO_TITRATION+FB_ESM2_CDR_ALL: P=0.5001 S=0.5541 W=0.5541
  ridge FS_HIC_ESM2_SEQ_AROMATIC+FB_ESM2_CDR_ALL: P=0.5095 S=0.5427 W=0.5427
  ridge ALONE__FB_ESM2_CDR3: P=0.5343 S=0.5204 W=0.5343
  ridge FS_HIC_CONTINUOUS_SURFACE+FB_ESM2_CDR3: P=0.5499 S=0.5624 W=0.5624
  ridge FS_HIC_HYDRO_TITRATION+FB_ESM2_CDR3: P=0.5023 S=0.5534 W=0.5534
  ridge FS_HIC_ESM2_SEQ_AROMATIC+FB_ESM2_CDR3: P=0.5198 S=0.5383 W=0.5383
  ridge ALONE__FB_ESM2_FR_CDR_SPLIT: P=0.5155 S=0.5189 W=0.5189
  ridge FS_HIC_CONTINUOUS_SURFACE+FB_ESM2_FR_CDR_SPLIT: P=0.5478 S=0.5661 W=0.5661
  ridge FS_HIC_HYDRO_TITRATION+FB_ESM2_FR_CDR_SPLIT: P=0.5007 S=0.5549 W=0.5549
  ridge FS_HIC_ESM2_SEQ_AROMATIC+FB_ESM2_FR_CDR_SPLIT: P=0.5126 S=0.5438 W=0.5438
  ridge ALONE__FB_ESM2_CDRW2: P=0.5027 S=0.5124 W=0.5124
  ridge FS_HIC_CONTINUOUS_SURFACE+FB_ESM2_CDRW2: P=0.5481 S=0.5649 W=0.5649
  ridge FS_HIC_HYDRO_TITRATION+FB_ESM2_CDRW2: P=0.5010 S=0.5550 W=0.5550
  ridge FS_HIC_ESM2_SEQ_AROMATIC+FB_ESM2_CDRW2: P=0.5067 S=0.5395 W=0.5395
  ridge ALONE__FB_ESM2_CDRW4: P=0.5099 S=0.5153 W=0.5153
  ridge FS_HIC_CONTINUOUS_SURFACE+FB_ESM2_CDRW4: P=0.5487 S=0.5636 W=0.5636
  ridge FS_HIC_HYDRO_TITRATION+FB_ESM2_CDRW4: P=0.5008 S=0.5546 W=0.5546
  ridge FS_HIC_ESM2_SEQ_AROMATIC+FB_ESM2_CDRW4: P=0.5026 S=0.5409 W=0.5409
  ridge ALONE__FB_ESM2_CDR3W4: P=0.5127 S=0.5159 W=0.5159
  ridge FS_HIC_CONTINUOUS_SURFACE+FB_ESM2_CDR3W4: P=0.5486 S=0.5633 W=0.5633
  ridge FS_HIC_HYDRO_TITRATION+FB_ESM2_CDR3W4: P=0.5009 S=0.5548 W=0.5548
  ridge FS_HIC_ESM2_SEQ_AROMATIC+FB_ESM2_CDR3W4: P=0.5054 S=0.5396 W=0.5396
  ridge ALONE__FB_ESM2_RASA_P1: P=0.4919 S=0.5098 W=0.5098
  ridge FS_HIC_CONTINUOUS_SURFACE+FB_ESM2_RASA_P1: P=0.5479 S=0.5650 W=0.5650
  ridge FS_HIC_HYDRO_TITRATION+FB_ESM2_RASA_P1: P=0.5013 S=0.5552 W=0.5552
  ridge FS_HIC_ESM2_SEQ_AROMATIC+FB_ESM2_RASA_P1: P=0.5076 S=0.5375 W=0.5375
  ridge ALONE__FB_ESM2_RASA_P2: P=0.5207 S=0.5290 W=0.5290
  ridge FS_HIC_CONTINUOUS_SURFACE+FB_ESM2_RASA_P2: P=0.5482 S=0.5641 W=0.5641
  ridge FS_HIC_HYDRO_TITRATION+FB_ESM2_RASA_P2: P=0.5013 S=0.5552 W=0.5552
  ridge FS_HIC_ESM2_SEQ_AROMATIC+FB_ESM2_RASA_P2: P=0.5031 S=0.5310 W=0.5310
  ridge ALONE__FB_ESM2_RASA_CDR: P=0.5248 S=0.5312 W=0.5312
  ridge FS_HIC_CONTINUOUS_SURFACE+FB_ESM2_RASA_CDR: P=0.5498 S=0.5628 W=0.5628
  ridge FS_HIC_HYDRO_TITRATION+FB_ESM2_RASA_CDR: P=0.5003 S=0.5555 W=0.5555
  ridge FS_HIC_ESM2_SEQ_AROMATIC+FB_ESM2_RASA_CDR: P=0.5085 S=0.5354 W=0.5354
  ridge ALONE__FB_ESM2_RASA_CDR3: P=0.5576 S=0.5415 W=0.5576
  ridge FS_HIC_CONTINUOUS_SURFACE+FB_ESM2_RASA_CDR3: P=0.5479 S=0.5620 W=0.5620
  ridge FS_HIC_HYDRO_TITRATION+FB_ESM2_RASA_CDR3: P=0.4985 S=0.5517 W=0.5517
  ridge FS_HIC_ESM2_SEQ_AROMATIC+FB_ESM2_RASA_CDR3: P=0.5137 S=0.5476 W=0.5476
  ridge ALONE__FB_ARO_RASA_SUM: P=0.5057 S=0.5240 W=0.5240
  ridge FS_HIC_CONTINUOUS_SURFACE+FB_ARO_RASA_SUM: P=0.5441 S=0.5682 W=0.5682
  ridge FS_HIC_HYDRO_TITRATION+FB_ARO_RASA_SUM: P=0.4907 S=0.5426 W=0.5426
  ridge FS_HIC_ESM2_SEQ_AROMATIC+FB_ARO_RASA_SUM: P=0.5244 S=0.5583 W=0.5583
  ridge ALONE__FB_ESM2_GLOBAL: P=0.4858 S=0.5031 W=0.5031
  ridge FS_HIC_CONTINUOUS_SURFACE+FB_ESM2_GLOBAL: P=0.5476 S=0.5654 W=0.5654
  ridge FS_HIC_HYDRO_TITRATION+FB_ESM2_GLOBAL: P=0.5011 S=0.5552 W=0.5552
  ridge FS_HIC_ESM2_SEQ_AROMATIC+FB_ESM2_GLOBAL: P=0.5055 S=0.5377 W=0.5377

=== STAGE B: forward selection ===
  ridge B_start__FS_TM_ABLINGUA_CDR3: P=3.2180 S=3.1912 W=3.2180
  ridge B_FS_TM_ABLINGUA_CDR3__FB_AL2_RASA_P1: P=3.2532 S=3.1993 W=3.2532
  ridge B_FS_TM_ABLINGUA_CDR3__FB_AL2_FR_CDR_SPLIT: P=3.1728 S=3.1729 W=3.1729
  ridge B_FS_TM_ABLINGUA_CDR3__FB_AL2_CDR_ALL: P=3.2422 S=3.2016 W=3.2422
  ridge B_FS_TM_ABLINGUA_CDR3__FB_AL2_CDRW4: P=3.2486 S=3.2006 W=3.2486
  ridge B_FS_TM_ABLINGUA_CDR3__FB_AL2_CDRW2: P=3.2403 S=3.1999 W=3.2403
  ridge B_FS_TM_ABLINGUA_CDR3__FB_AL2_CDR3W4: P=3.2345 S=3.2011 W=3.2345
  ridge B_FS_TM_ABLINGUA_CDR3__FB_AL2_RASA_CDR: P=3.1700 S=3.1978 W=3.1978
  ridge B_FS_TM_ABLINGUA_CDR3__FB_ARO_RASA_SUM: P=3.1871 S=3.1781 W=3.1871
  ridge B_FS_TM_ABLINGUA_CDR3__FB_AL2_FR_CDR_SPLIT+FB_AL2_RASA_P1: P=3.1557 S=3.1651 W=3.1651
  ridge B_FS_TM_ABLINGUA_CDR3__FB_AL2_FR_CDR_SPLIT+FB_AL2_CDR_ALL: P=3.1445 S=3.1634 W=3.1634
  ridge B_FS_TM_ABLINGUA_CDR3__FB_AL2_FR_CDR_SPLIT+FB_AL2_CDRW4: P=3.1504 S=3.1649 W=3.1649
  ridge B_FS_TM_ABLINGUA_CDR3__FB_AL2_FR_CDR_SPLIT+FB_AL2_CDRW2: P=3.1518 S=3.1647 W=3.1647
  ridge B_FS_TM_ABLINGUA_CDR3__FB_AL2_FR_CDR_SPLIT+FB_AL2_CDR3W4: P=3.1498 S=3.1666 W=3.1666
  ridge B_FS_TM_ABLINGUA_CDR3__FB_AL2_FR_CDR_SPLIT+FB_AL2_RASA_CDR: P=3.1440 S=3.1595 W=3.1595
  ridge B_FS_TM_ABLINGUA_CDR3__FB_AL2_FR_CDR_SPLIT+FB_ARO_RASA_SUM: P=3.1909 S=3.1858 W=3.1909
  ridge B_FS_TM_ABLINGUA_CDR3__FB_AL2_FR_CDR_SPLIT+FB_AL2_RASA_CDR+FB_AL2_RASA_P1: P=3.1357 S=3.1488 W=3.1488
  ridge B_FS_TM_ABLINGUA_CDR3__FB_AL2_FR_CDR_SPLIT+FB_AL2_RASA_CDR+FB_AL2_CDR_ALL: P=3.1296 S=3.1457 W=3.1457
  ridge B_FS_TM_ABLINGUA_CDR3__FB_AL2_FR_CDR_SPLIT+FB_AL2_RASA_CDR+FB_AL2_CDRW4: P=3.1398 S=3.1472 W=3.1472
  ridge B_FS_TM_ABLINGUA_CDR3__FB_AL2_FR_CDR_SPLIT+FB_AL2_RASA_CDR+FB_AL2_CDRW2: P=3.1464 S=3.1473 W=3.1473
  ridge B_FS_TM_ABLINGUA_CDR3__FB_AL2_FR_CDR_SPLIT+FB_AL2_RASA_CDR+FB_AL2_CDR3W4: P=3.1430 S=3.1489 W=3.1489
  ridge B_FS_TM_ABLINGUA_CDR3__FB_AL2_FR_CDR_SPLIT+FB_AL2_RASA_CDR+FB_ARO_RASA_SUM: P=3.1808 S=3.1746 W=3.1808
  ridge B_start__FS_TM_ABLINGUA_GLOBAL: P=3.1968 S=3.2554 W=3.2554
  ridge B_FS_TM_ABLINGUA_GLOBAL__FB_AL2_RASA_P1: P=3.1889 S=3.2402 W=3.2402
  ridge B_FS_TM_ABLINGUA_GLOBAL__FB_AL2_FR_CDR_SPLIT: P=3.1616 S=3.2667 W=3.2667
  ridge B_FS_TM_ABLINGUA_GLOBAL__FB_AL2_CDR_ALL: P=3.2036 S=3.2341 W=3.2341
  ridge B_FS_TM_ABLINGUA_GLOBAL__FB_AL2_CDRW4: P=3.1998 S=3.2407 W=3.2407
  ridge B_FS_TM_ABLINGUA_GLOBAL__FB_AL2_CDRW2: P=3.1874 S=3.2401 W=3.2401
  ridge B_FS_TM_ABLINGUA_GLOBAL__FB_AL2_CDR3W4: P=3.1911 S=3.2441 W=3.2441
  ridge B_FS_TM_ABLINGUA_GLOBAL__FB_AL2_RASA_CDR: P=3.1958 S=3.2190 W=3.2190
  ridge B_FS_TM_ABLINGUA_GLOBAL__FB_ARO_RASA_SUM: P=3.1402 S=3.1504 W=3.1504
  ridge B_FS_TM_ABLINGUA_GLOBAL__FB_ARO_RASA_SUM+FB_AL2_RASA_P1: P=3.1572 S=3.1335 W=3.1572
  ridge B_FS_TM_ABLINGUA_GLOBAL__FB_ARO_RASA_SUM+FB_AL2_FR_CDR_SPLIT: P=3.1515 S=3.1757 W=3.1757
  ridge B_FS_TM_ABLINGUA_GLOBAL__FB_ARO_RASA_SUM+FB_AL2_CDR_ALL: P=3.1529 S=3.1638 W=3.1638
  ridge B_FS_TM_ABLINGUA_GLOBAL__FB_ARO_RASA_SUM+FB_AL2_CDRW4: P=3.1553 S=3.1288 W=3.1553
  ridge B_FS_TM_ABLINGUA_GLOBAL__FB_ARO_RASA_SUM+FB_AL2_CDRW2: P=3.1553 S=3.1289 W=3.1553
  ridge B_FS_TM_ABLINGUA_GLOBAL__FB_ARO_RASA_SUM+FB_AL2_CDR3W4: P=3.1557 S=3.1309 W=3.1557
  ridge B_FS_TM_ABLINGUA_GLOBAL__FB_ARO_RASA_SUM+FB_AL2_RASA_CDR: P=3.1529 S=3.1686 W=3.1686
  ridge B_start__FS_TM_BIOEMU_MPNN: P=2.9954 S=2.9559 W=2.9954
  ridge B_FS_TM_BIOEMU_MPNN__FB_AL2_RASA_P1: P=3.0626 S=2.8971 W=3.0626
  ridge B_FS_TM_BIOEMU_MPNN__FB_AL2_FR_CDR_SPLIT: P=3.0635 S=3.0011 W=3.0635
  ridge B_FS_TM_BIOEMU_MPNN__FB_AL2_CDR_ALL: P=3.0712 S=2.9655 W=3.0712
  ridge B_FS_TM_BIOEMU_MPNN__FB_AL2_CDRW4: P=3.0742 S=2.9244 W=3.0742
  ridge B_FS_TM_BIOEMU_MPNN__FB_AL2_CDRW2: P=3.1112 S=2.9286 W=3.1112
  ridge B_FS_TM_BIOEMU_MPNN__FB_AL2_CDR3W4: P=3.1155 S=2.9686 W=3.1155
  ridge B_FS_TM_BIOEMU_MPNN__FB_AL2_RASA_CDR: P=3.1200 S=2.9292 W=3.1200
  ridge B_FS_TM_BIOEMU_MPNN__FB_ARO_RASA_SUM: P=3.3660 S=3.1149 W=3.3660
  ridge B_start__FS_HIC_CONTINUOUS_SURFACE: P=0.5525 S=0.5627 W=0.5627
  ridge B_FS_HIC_CONTINUOUS_SURFACE__FB_ESM2_RASA_P2: P=0.5482 S=0.5641 W=0.5641
  ridge B_FS_HIC_CONTINUOUS_SURFACE__FB_ESM2_RASA_CDR: P=0.5498 S=0.5628 W=0.5628
  ridge B_FS_HIC_CONTINUOUS_SURFACE__FB_ESM2_RASA_P1: P=0.5479 S=0.5650 W=0.5650
  ridge B_FS_HIC_CONTINUOUS_SURFACE__FB_ESM2_GLOBAL: P=0.5476 S=0.5654 W=0.5654
  ridge B_FS_HIC_CONTINUOUS_SURFACE__FB_ESM2_CDR3: P=0.5499 S=0.5624 W=0.5624
  ridge B_FS_HIC_CONTINUOUS_SURFACE__FB_ESM2_CDRW2: P=0.5481 S=0.5649 W=0.5649
  ridge B_FS_HIC_CONTINUOUS_SURFACE__FB_ESM2_CDR3W4: P=0.5486 S=0.5633 W=0.5633
  ridge B_FS_HIC_CONTINUOUS_SURFACE__FB_ESM2_CDRW4: P=0.5487 S=0.5636 W=0.5636
  ridge B_FS_HIC_CONTINUOUS_SURFACE__FB_ESM2_CDR3+FB_ESM2_RASA_P2: P=0.5470 S=0.5637 W=0.5637
  ridge B_FS_HIC_CONTINUOUS_SURFACE__FB_ESM2_CDR3+FB_ESM2_RASA_CDR: P=0.5484 S=0.5625 W=0.5625
  ridge B_FS_HIC_CONTINUOUS_SURFACE__FB_ESM2_CDR3+FB_ESM2_RASA_P1: P=0.5470 S=0.5643 W=0.5643
  ridge B_FS_HIC_CONTINUOUS_SURFACE__FB_ESM2_CDR3+FB_ESM2_GLOBAL: P=0.5467 S=0.5646 W=0.5646
  ridge B_FS_HIC_CONTINUOUS_SURFACE__FB_ESM2_CDR3+FB_ESM2_CDRW2: P=0.5471 S=0.5643 W=0.5643
  ridge B_FS_HIC_CONTINUOUS_SURFACE__FB_ESM2_CDR3+FB_ESM2_CDR3W4: P=0.5469 S=0.5635 W=0.5635
  ridge B_FS_HIC_CONTINUOUS_SURFACE__FB_ESM2_CDR3+FB_ESM2_CDRW4: P=0.5475 S=0.5640 W=0.5640
  ridge B_start__FS_HIC_HYDRO_TITRATION: P=0.5003 S=0.5541 W=0.5541
  ridge B_FS_HIC_HYDRO_TITRATION__FB_ESM2_RASA_P2: P=0.5013 S=0.5552 W=0.5552
  ridge B_FS_HIC_HYDRO_TITRATION__FB_ESM2_RASA_CDR: P=0.5003 S=0.5555 W=0.5555
  ridge B_FS_HIC_HYDRO_TITRATION__FB_ESM2_RASA_P1: P=0.5013 S=0.5552 W=0.5552
  ridge B_FS_HIC_HYDRO_TITRATION__FB_ESM2_GLOBAL: P=0.5011 S=0.5552 W=0.5552
  ridge B_FS_HIC_HYDRO_TITRATION__FB_ESM2_CDR3: P=0.5023 S=0.5534 W=0.5534
  ridge B_FS_HIC_HYDRO_TITRATION__FB_ESM2_CDRW2: P=0.5010 S=0.5550 W=0.5550
  ridge B_FS_HIC_HYDRO_TITRATION__FB_ESM2_CDR3W4: P=0.5009 S=0.5548 W=0.5548
  ridge B_FS_HIC_HYDRO_TITRATION__FB_ESM2_CDRW4: P=0.5008 S=0.5546 W=0.5546
  ridge B_FS_HIC_HYDRO_TITRATION__FB_ESM2_CDR3+FB_ESM2_RASA_P2: P=0.5018 S=0.5568 W=0.5568
  ridge B_FS_HIC_HYDRO_TITRATION__FB_ESM2_CDR3+FB_ESM2_RASA_CDR: P=0.4972 S=0.5549 W=0.5549
  ridge B_FS_HIC_HYDRO_TITRATION__FB_ESM2_CDR3+FB_ESM2_RASA_P1: P=0.5017 S=0.5570 W=0.5570
  ridge B_FS_HIC_HYDRO_TITRATION__FB_ESM2_CDR3+FB_ESM2_GLOBAL: P=0.5017 S=0.5565 W=0.5565
  ridge B_FS_HIC_HYDRO_TITRATION__FB_ESM2_CDR3+FB_ESM2_CDRW2: P=0.5014 S=0.5560 W=0.5560
  ridge B_FS_HIC_HYDRO_TITRATION__FB_ESM2_CDR3+FB_ESM2_CDR3W4: P=0.5011 S=0.5538 W=0.5538
  ridge B_FS_HIC_HYDRO_TITRATION__FB_ESM2_CDR3+FB_ESM2_CDRW4: P=0.5010 S=0.5544 W=0.5544
  ridge B_start__FS_HIC_ESM2_SEQ_AROMATIC: P=0.5034 S=0.5334 W=0.5334
  ridge B_FS_HIC_ESM2_SEQ_AROMATIC__FB_ESM2_RASA_P2: P=0.5031 S=0.5310 W=0.5310
  ridge B_FS_HIC_ESM2_SEQ_AROMATIC__FB_ESM2_RASA_CDR: P=0.5085 S=0.5354 W=0.5354
  ridge B_FS_HIC_ESM2_SEQ_AROMATIC__FB_ESM2_RASA_P1: P=0.5076 S=0.5375 W=0.5375
  ridge B_FS_HIC_ESM2_SEQ_AROMATIC__FB_ESM2_GLOBAL: P=0.5055 S=0.5377 W=0.5377
  ridge B_FS_HIC_ESM2_SEQ_AROMATIC__FB_ESM2_CDR3: P=0.5198 S=0.5383 W=0.5383
  ridge B_FS_HIC_ESM2_SEQ_AROMATIC__FB_ESM2_CDRW2: P=0.5067 S=0.5395 W=0.5395
  ridge B_FS_HIC_ESM2_SEQ_AROMATIC__FB_ESM2_CDR3W4: P=0.5054 S=0.5396 W=0.5396
  ridge B_FS_HIC_ESM2_SEQ_AROMATIC__FB_ESM2_CDRW4: P=0.5026 S=0.5409 W=0.5409
  ridge B_FS_HIC_ESM2_SEQ_AROMATIC__FB_ESM2_RASA_P2+FB_ESM2_RASA_CDR: P=0.5098 S=0.5368 W=0.5368
  ridge B_FS_HIC_ESM2_SEQ_AROMATIC__FB_ESM2_RASA_P2+FB_ESM2_RASA_P1: P=0.5039 S=0.5317 W=0.5317
  ridge B_FS_HIC_ESM2_SEQ_AROMATIC__FB_ESM2_RASA_P2+FB_ESM2_GLOBAL: P=0.5021 S=0.5313 W=0.5313
  ridge B_FS_HIC_ESM2_SEQ_AROMATIC__FB_ESM2_RASA_P2+FB_ESM2_CDR3: P=0.5174 S=0.5414 W=0.5414
  ridge B_FS_HIC_ESM2_SEQ_AROMATIC__FB_ESM2_RASA_P2+FB_ESM2_CDRW2: P=0.4999 S=0.5311 W=0.5311
  ridge B_FS_HIC_ESM2_SEQ_AROMATIC__FB_ESM2_RASA_P2+FB_ESM2_CDR3W4: P=0.4967 S=0.5377 W=0.5377
  ridge B_FS_HIC_ESM2_SEQ_AROMATIC__FB_ESM2_RASA_P2+FB_ESM2_CDRW4: P=0.4941 S=0.5367 W=0.5367

=== STAGE C: ablation ===
  ridge ABL_FS_TM_ABLINGUA_CDR3+FB_AL2_FR_CDR_SPLIT+FB_AL2_RASA_CDR+FB_AL2_CDR_ALL_drop_FB_AL2_FR_CDR_SPLIT: P=3.1572 S=3.1701 W=3.1701
  ridge ABL_FS_TM_ABLINGUA_CDR3+FB_AL2_FR_CDR_SPLIT+FB_AL2_RASA_CDR+FB_AL2_CDR_ALL_drop_FB_AL2_RASA_CDR: P=3.1445 S=3.1634 W=3.1634
  ridge ABL_FS_TM_ABLINGUA_CDR3+FB_AL2_FR_CDR_SPLIT+FB_AL2_RASA_CDR+FB_AL2_CDR_ALL_drop_FB_AL2_CDR_ALL: P=3.1440 S=3.1595 W=3.1595
  ridge ABL_FS_TM_ABLINGUA_GLOBAL+FB_ARO_RASA_SUM_drop_FB_ARO_RASA_SUM: P=3.1968 S=3.2554 W=3.2554
  ridge ABL_FS_HIC_CONTINUOUS_SURFACE+FB_ESM2_CDR3_drop_FB_ESM2_CDR3: P=0.5525 S=0.5627 W=0.5627
  ridge ABL_FS_HIC_HYDRO_TITRATION+FB_ESM2_CDR3_drop_FB_ESM2_CDR3: P=0.5003 S=0.5541 W=0.5541
  ridge ABL_FS_HIC_ESM2_SEQ_AROMATIC+FB_ESM2_RASA_P2_drop_FB_ESM2_RASA_P2: P=0.5034 S=0.5334 W=0.5334

=== STAGE D: block scaling ===
  ridge SCALE_FS_TM_ABLINGUA_CDR3+FB_AL2_FR_CDR_SPLIT+FB_AL2_RASA_CDR+FB_AL2_CDR_ALL_x0.5: P=3.2467 S=3.2002 W=3.2467
  ridge SCALE_FS_TM_ABLINGUA_CDR3+FB_AL2_FR_CDR_SPLIT+FB_AL2_RASA_CDR+FB_AL2_CDR_ALL_x2.0: P=3.0025 S=2.9954 W=3.0025
  ridge SCALE_FS_HIC_ESM2_SEQ_AROMATIC+FB_ESM2_RASA_P2_x0.5: P=0.5030 S=0.5358 W=0.5358
  ridge SCALE_FS_HIC_ESM2_SEQ_AROMATIC+FB_ESM2_RASA_P2_x2.0: P=0.4975 S=0.5321 W=0.5321
  ridge SCALE_FS_HIC_HYDRO_TITRATION+FB_ESM2_CDR3_x0.5: P=0.5008 S=0.5535 W=0.5535
  ridge SCALE_FS_HIC_HYDRO_TITRATION+FB_ESM2_CDR3_x2.0: P=0.5019 S=0.5465 W=0.5465

=== STAGE E: estimator panel ===
  ridge E__ALONE__FB_AL2_RASA_P1__ridge: P=2.8800 S=2.8870 W=2.8870
  lasso E__ALONE__FB_AL2_RASA_P1__lasso: P=2.8675 S=2.9063 W=2.9063
  enet E__ALONE__FB_AL2_RASA_P1__enet: P=2.8847 S=2.9037 W=2.9037
  svr E__ALONE__FB_AL2_RASA_P1__svr: P=3.1116 S=3.0388 W=3.1116
  xgb E__ALONE__FB_AL2_RASA_P1__xgb: P=3.1906 S=3.2450 W=3.2450
  ridge E__FS_TM_BIOEMU_MPNN__ridge: P=2.9954 S=2.9559 W=2.9954
  lasso E__FS_TM_BIOEMU_MPNN__lasso: P=2.9982 S=3.0066 W=3.0066
  enet E__FS_TM_BIOEMU_MPNN__enet: P=3.0099 S=3.0176 W=3.0176
  svr E__FS_TM_BIOEMU_MPNN__svr: P=2.9179 S=3.0383 W=3.0383
  xgb E__FS_TM_BIOEMU_MPNN__xgb: P=3.0063 S=3.2103 W=3.2103
  ridge E__FS_TM_ABLINGUA_CDR3+FB_AL2_FR_CDR_SPLIT+FB_AL2_RASA_CDR+FB_AL2_CDR_ALL__scale2.0__ridge: P=3.0025 S=2.9954 W=3.0025
  lasso E__FS_TM_ABLINGUA_CDR3+FB_AL2_FR_CDR_SPLIT+FB_AL2_RASA_CDR+FB_AL2_CDR_ALL__scale2.0__lasso: P=3.0271 S=2.9668 W=3.0271
  enet E__FS_TM_ABLINGUA_CDR3+FB_AL2_FR_CDR_SPLIT+FB_AL2_RASA_CDR+FB_AL2_CDR_ALL__scale2.0__enet: P=3.0137 S=3.0016 W=3.0137
  svr E__FS_TM_ABLINGUA_CDR3+FB_AL2_FR_CDR_SPLIT+FB_AL2_RASA_CDR+FB_AL2_CDR_ALL__scale2.0__svr: P=3.2377 S=3.0472 W=3.2377
  xgb E__FS_TM_ABLINGUA_CDR3+FB_AL2_FR_CDR_SPLIT+FB_AL2_RASA_CDR+FB_AL2_CDR_ALL__scale2.0__xgb: P=3.1443 S=3.2693 W=3.2693
  ridge E__ALONE__FB_AL2_FR_CDR_SPLIT__ridge: P=3.0181 S=2.9022 W=3.0181
  lasso E__ALONE__FB_AL2_FR_CDR_SPLIT__lasso: P=3.0177 S=2.9082 W=3.0177
  enet E__ALONE__FB_AL2_FR_CDR_SPLIT__enet: P=3.0127 S=2.8939 W=3.0127
  svr E__ALONE__FB_AL2_FR_CDR_SPLIT__svr: P=3.0416 S=3.0360 W=3.0416
  xgb E__ALONE__FB_AL2_FR_CDR_SPLIT__xgb: P=3.0264 S=3.1433 W=3.1433
  ridge E__ALONE__FB_ESM2_GLOBAL__ridge: P=0.4858 S=0.5031 W=0.5031
  lasso E__ALONE__FB_ESM2_GLOBAL__lasso: P=0.5165 S=0.5098 W=0.5165
  enet E__ALONE__FB_ESM2_GLOBAL__enet: P=0.5146 S=0.5070 W=0.5146
  svr E__ALONE__FB_ESM2_GLOBAL__svr: P=0.4774 S=0.4752 W=0.4774
  xgb E__ALONE__FB_ESM2_GLOBAL__xgb: P=0.5120 S=0.5389 W=0.5389
  ridge E__ALONE__FB_ESM2_RASA_P1__ridge: P=0.4919 S=0.5098 W=0.5098
  lasso E__ALONE__FB_ESM2_RASA_P1__lasso: P=0.5114 S=0.5155 W=0.5155
  enet E__ALONE__FB_ESM2_RASA_P1__enet: P=0.5019 S=0.5056 W=0.5056
  svr E__ALONE__FB_ESM2_RASA_P1__svr: P=0.4702 S=0.4683 W=0.4702
  xgb E__ALONE__FB_ESM2_RASA_P1__xgb: P=0.4765 S=0.5239 W=0.5239
  ridge E__FS_HIC_ESM2_SEQ_AROMATIC+FB_ESM2_RASA_P2__ridge: P=0.5031 S=0.5310 W=0.5310
  lasso E__FS_HIC_ESM2_SEQ_AROMATIC+FB_ESM2_RASA_P2__lasso: P=0.5137 S=0.5352 W=0.5352
  enet E__FS_HIC_ESM2_SEQ_AROMATIC+FB_ESM2_RASA_P2__enet: P=0.5151 S=0.5422 W=0.5422
  svr E__FS_HIC_ESM2_SEQ_AROMATIC+FB_ESM2_RASA_P2__svr: P=0.4998 S=0.4744 W=0.4998
  xgb E__FS_HIC_ESM2_SEQ_AROMATIC+FB_ESM2_RASA_P2__xgb: P=0.5321 S=0.5637 W=0.5637
  ridge E__FS_HIC_HYDRO_TITRATION+FB_ESM2_CDR3__scale2.0__ridge: P=0.5019 S=0.5465 W=0.5465
  lasso E__FS_HIC_HYDRO_TITRATION+FB_ESM2_CDR3__scale2.0__lasso: P=0.5197 S=0.5385 W=0.5385
  enet E__FS_HIC_HYDRO_TITRATION+FB_ESM2_CDR3__scale2.0__enet: P=0.4951 S=0.5455 W=0.5455
  svr E__FS_HIC_HYDRO_TITRATION+FB_ESM2_CDR3__scale2.0__svr: P=0.4688 S=0.4846 W=0.4846
  xgb E__FS_HIC_HYDRO_TITRATION+FB_ESM2_CDR3__scale2.0__xgb: P=0.5397 S=0.5366 W=0.5397

FROZE at /workspace_developability_acquisition/developability_drilldown/results/CLASSICAL_REFINEMENT_FREEZE.yaml

=== POST-FREEZE Test / Public / Private ===
REGISTERED EXP-T045 LIN_TM_ALONE_AL2_RASA_P1_RIDGE W=2.8870 Pub=3.1961 Priv=3.1705
REGISTERED EXP-T046 LIN_TM_ALONE_AL2_RASA_P1_LASSO W=2.9063 Pub=3.2003 Priv=3.1819
REGISTERED EXP-T047 ENET_TM_ALONE_AL2_RASA_P1_ENET W=2.9037 Pub=3.2023 Priv=3.1390
REGISTERED EXP-T048 SVR_TM_ALONE_AL2_RASA_P1_SVR W=3.1116 Pub=3.2219 Priv=3.0292
Traceback (most recent call last):
  File "/workspace_developability_acquisition/developability_drilldown/scripts/run_classical_refinement.py", line 926, in <module>
    new_df[c] = ""
             ^^^^^
  File "/workspace_developability_acquisition/developability_drilldown/scripts/run_classical_refinement.py", line 771, in main
    existing_ids = set(load_codes()["experiment_id"]) | {r["experiment_id"] for r in new_rows}
    ^^^^^^^^^^^^^^^^^^^^^^^^^^^^^^^^^^^^^^^^^^^^^^^^
  File "/workspace_developability_acquisition/.venv/lib/python3.14/site-packages/pandas/core/generic.py", line 3976, in to_csv
    return DataFrameRenderer(formatter).to_csv(
           ~~~~~~~~~~~~~~~~~~~~~~~~~~~~~~~~~~~^
        path_or_buf,
        ^^^^^^^^^^^^
    ...<14 lines>...
        storage_options=storage_options,
        ^^^^^^^^^^^^^^^^^^^^^^^^^^^^^^^^
    )
    ^
  File "/workspace_developability_acquisition/.venv/lib/python3.14/site-packages/pandas/io/formats/format.py", line 1025, in to_csv
    csv_formatter.save()
    ~~~~~~~~~~~~~~~~~~^^
  File "/workspace_developability_acquisition/.venv/lib/python3.14/site-packages/pandas/io/formats/csvs.py", line 251, in save
    with get_handle(
         ~~~~~~~~~~^
        self.filepath_or_buffer,
        ^^^^^^^^^^^^^^^^^^^^^^^^
    ...<4 lines>...
        storage_options=self.storage_options,
        ^^^^^^^^^^^^^^^^^^^^^^^^^^^^^^^^^^^^^
    ) as handles:
    ^
  File "/workspace_developability_acquisition/.venv/lib/python3.14/site-packages/pandas/io/common.py", line 797, in get_handle
    check_parent_directory(str(handle))
    ~~~~~~~~~~~~~~~~~~~~~~^^^^^^^^^^^^^
  File "/workspace_developability_acquisition/.venv/lib/python3.14/site-packages/pandas/io/common.py", line 656, in check_parent_directory
    raise OSError(rf"Cannot save file into a non-existent directory: '{parent}'")
OSError: Cannot save file into a non-existent directory: '/workspace_developability_acquisition/developability_drilldown/experiments/predictions/EXP-T049'
