Building/loading RASA cache...
  block FB_AL_CDR_ALL dim=2560
  block FB_AL_CDR3 dim=2560
  block FB_AL_RASA_WEIGHTED dim=2560
  block FB_AL_EXPOSED_CDR dim=2560
  block FB_AL_CDR_FR_SPLIT dim=5120
  block FB_AL_RESIDUE_GLOBAL dim=2560
Loading derived blocks from cache...
  block FB_AL2_GLOBAL dim=960
  block FB_AL2_CDR_ALL dim=960
  block FB_AL2_CDR3 dim=960
  block FB_AL2_FR_CDR_SPLIT dim=1920
  block FB_AL2_CDRW2 dim=960
  block FB_AL2_CDRW4 dim=960
  block FB_AL2_CDR3W4 dim=960
  block FB_AL2_RASA_P1 dim=960
  block FB_AL2_RASA_CDR dim=960
  block FB_AL_CDRW2 dim=2560
  block FB_AL_CDR3W4 dim=2560
  block FB_AL_RASA_P2 dim=2560
  block FB_AL2_AL_CONCAT dim=3520
  block FB_ESM2_GLOBAL dim=1280
  block FB_ESM2_CDR_ALL dim=1280
  block FB_ESM2_CDR3 dim=1280
  block FB_ESM2_FR_CDR_SPLIT dim=2560
  block FB_ESM2_CDRW2 dim=1280
  block FB_ESM2_CDRW4 dim=1280
  block FB_ESM2_CDR3W4 dim=1280
  block FB_ESM2_RASA_P1 dim=1280
  block FB_ESM2_RASA_P2 dim=1280
  block FB_ESM2_RASA_CDR dim=1280
  block FB_ESM2_RASA_CDR3 dim=1280
  block FB_ARO_RASA_SUM dim=96
base FS_TM_ABLINGUA_CDR3 dim=5689 pca=2
base FS_TM_ABLINGUA_GLOBAL dim=3129 pca=1
base FS_TM_BIOEMU_MPNN dim=569 pca=0
base FS_HIC_CONTINUOUS_SURFACE dim=1459 pca=0
base FS_HIC_HYDRO_TITRATION dim=1448 pca=0
base FS_HIC_ESM2_SEQ_AROMATIC dim=1414 pca=0

=== STAGE A: single-block screen ===
  ridge ALONE__FB_AL2_AL_CONCAT: P=3.1640 S=3.1695 W=3.1695
  ridge FS_TM_ABLINGUA_CDR3+FB_AL2_AL_CONCAT: P=2.7741 S=2.8101 W=2.8101
  ridge FS_TM_ABLINGUA_GLOBAL+FB_AL2_AL_CONCAT: P=2.7881 S=2.8565 W=2.8565
  ridge FS_TM_BIOEMU_MPNN+FB_AL2_AL_CONCAT: P=2.7466 S=2.8583 W=2.8583
  ridge ALONE__FB_AL2_CDR_ALL: P=3.0659 S=2.8963 W=3.0659
  ridge FS_TM_ABLINGUA_CDR3+FB_AL2_CDR_ALL: P=2.7471 S=2.7573 W=2.7573
  ridge FS_TM_ABLINGUA_GLOBAL+FB_AL2_CDR_ALL: P=2.7682 S=2.8046 W=2.8046
  ridge FS_TM_BIOEMU_MPNN+FB_AL2_CDR_ALL: P=2.7362 S=2.8273 W=2.8273
  ridge ALONE__FB_AL2_CDR3: P=3.1878 S=3.0067 W=3.1878
  ridge FS_TM_ABLINGUA_CDR3+FB_AL2_CDR3: P=2.7732 S=2.8022 W=2.8022
  ridge FS_TM_ABLINGUA_GLOBAL+FB_AL2_CDR3: P=2.8067 S=2.8547 W=2.8547
  ridge FS_TM_BIOEMU_MPNN+FB_AL2_CDR3: P=2.7856 S=2.8722 W=2.8722
  ridge ALONE__FB_AL2_FR_CDR_SPLIT: P=3.0135 S=2.8843 W=3.0135
  ridge FS_TM_ABLINGUA_CDR3+FB_AL2_FR_CDR_SPLIT: P=2.7259 S=2.7493 W=2.7493
  ridge FS_TM_ABLINGUA_GLOBAL+FB_AL2_FR_CDR_SPLIT: P=2.7459 S=2.8016 W=2.8016
  ridge FS_TM_BIOEMU_MPNN+FB_AL2_FR_CDR_SPLIT: P=2.7211 S=2.8386 W=2.8386
  ridge ALONE__FB_AL2_CDRW2: P=3.0475 S=2.9750 W=3.0475
  ridge FS_TM_ABLINGUA_CDR3+FB_AL2_CDRW2: P=2.7202 S=2.7760 W=2.7760
  ridge FS_TM_ABLINGUA_GLOBAL+FB_AL2_CDRW2: P=2.7398 S=2.8251 W=2.8251
  ridge FS_TM_BIOEMU_MPNN+FB_AL2_CDRW2: P=2.7171 S=2.8693 W=2.8693
  ridge ALONE__FB_AL2_CDRW4: P=3.0680 S=2.9819 W=3.0680
  ridge FS_TM_ABLINGUA_CDR3+FB_AL2_CDRW4: P=2.7311 S=2.7687 W=2.7687
  ridge FS_TM_ABLINGUA_GLOBAL+FB_AL2_CDRW4: P=2.7538 S=2.8186 W=2.8186
  ridge FS_TM_BIOEMU_MPNN+FB_AL2_CDRW4: P=2.7238 S=2.8567 W=2.8567
  ridge ALONE__FB_AL2_CDR3W4: P=3.1403 S=3.0027 W=3.1403
  ridge FS_TM_ABLINGUA_CDR3+FB_AL2_CDR3W4: P=2.7310 S=2.7753 W=2.7753
  ridge FS_TM_ABLINGUA_GLOBAL+FB_AL2_CDR3W4: P=2.7605 S=2.8279 W=2.8279
  ridge FS_TM_BIOEMU_MPNN+FB_AL2_CDR3W4: P=2.7363 S=2.8690 W=2.8690
  ridge ALONE__FB_AL2_RASA_P1: P=2.8884 S=2.8965 W=2.8965
  ridge FS_TM_ABLINGUA_CDR3+FB_AL2_RASA_P1: P=2.7135 S=2.7923 W=2.7923
  ridge FS_TM_ABLINGUA_GLOBAL+FB_AL2_RASA_P1: P=2.7330 S=2.8393 W=2.8393
  ridge FS_TM_BIOEMU_MPNN+FB_AL2_RASA_P1: P=2.7087 S=2.8841 W=2.8841
  ridge ALONE__FB_AL2_RASA_CDR: P=3.1139 S=3.0091 W=3.1139
  ridge FS_TM_ABLINGUA_CDR3+FB_AL2_RASA_CDR: P=2.7686 S=2.7442 W=2.7686
  ridge FS_TM_ABLINGUA_GLOBAL+FB_AL2_RASA_CDR: P=2.7566 S=2.7981 W=2.7981
  ridge FS_TM_BIOEMU_MPNN+FB_AL2_RASA_CDR: P=2.7279 S=2.8294 W=2.8294
  ridge ALONE__FB_AL_CDRW2: P=3.1929 S=3.1566 W=3.1929
  ridge FS_TM_ABLINGUA_CDR3+FB_AL_CDRW2: P=2.7708 S=2.7956 W=2.7956
  ridge FS_TM_ABLINGUA_GLOBAL+FB_AL_CDRW2: P=2.7864 S=2.8245 W=2.8245
  ridge FS_TM_BIOEMU_MPNN+FB_AL_CDRW2: P=2.7441 S=2.8214 W=2.8214
  ridge ALONE__FB_AL_CDR3W4: P=3.1982 S=3.1323 W=3.1982
  ridge FS_TM_ABLINGUA_CDR3+FB_AL_CDR3W4: P=2.7657 S=2.7884 W=2.7884
  ridge FS_TM_ABLINGUA_GLOBAL+FB_AL_CDR3W4: P=2.7813 S=2.8162 W=2.8162
  ridge FS_TM_BIOEMU_MPNN+FB_AL_CDR3W4: P=2.7365 S=2.8133 W=2.8133
  ridge ALONE__FB_AL_RASA_P2: P=3.2145 S=3.1276 W=3.2145
  ridge FS_TM_ABLINGUA_CDR3+FB_AL_RASA_P2: P=2.7746 S=2.7960 W=2.7960
  ridge FS_TM_ABLINGUA_GLOBAL+FB_AL_RASA_P2: P=2.7898 S=2.8247 W=2.8247
  ridge FS_TM_BIOEMU_MPNN+FB_AL_RASA_P2: P=2.7530 S=2.8160 W=2.8160
  ridge ALONE__FB_AL_CDR_ALL: P=3.1746 S=3.1775 W=3.1775
  ridge FS_TM_ABLINGUA_CDR3+FB_AL_CDR_ALL: P=2.7599 S=2.7811 W=2.7811
  ridge FS_TM_ABLINGUA_GLOBAL+FB_AL_CDR_ALL: P=2.7757 S=2.8044 W=2.8044
  ridge FS_TM_BIOEMU_MPNN+FB_AL_CDR_ALL: P=2.7275 S=2.7933 W=2.7933
  ridge ALONE__FB_AL_CDR3: P=3.1164 S=3.1364 W=3.1364
  ridge FS_TM_ABLINGUA_CDR3+FB_AL_CDR3: P=2.7315 S=2.7765 W=2.7765
  ridge FS_TM_ABLINGUA_GLOBAL+FB_AL_CDR3: P=2.7321 S=2.7850 W=2.7850
  ridge FS_TM_BIOEMU_MPNN+FB_AL_CDR3: P=2.6781 S=2.7685 W=2.7685
  ridge ALONE__FB_AL_RASA_WEIGHTED: P=3.2086 S=3.1522 W=3.2086
  ridge FS_TM_ABLINGUA_CDR3+FB_AL_RASA_WEIGHTED: P=2.7776 S=2.7998 W=2.7998
  ridge FS_TM_ABLINGUA_GLOBAL+FB_AL_RASA_WEIGHTED: P=2.7940 S=2.8270 W=2.8270
  ridge FS_TM_BIOEMU_MPNN+FB_AL_RASA_WEIGHTED: P=2.7544 S=2.8213 W=2.8213
  ridge ALONE__FB_ARO_RASA_SUM: P=3.4082 S=3.4000 W=3.4082
  ridge FS_TM_ABLINGUA_CDR3+FB_ARO_RASA_SUM: P=2.9037 S=2.7988 W=2.9037
  ridge FS_TM_ABLINGUA_GLOBAL+FB_ARO_RASA_SUM: P=2.9243 S=2.8619 W=2.9243
  ridge FS_TM_BIOEMU_MPNN+FB_ARO_RASA_SUM: P=2.9120 S=2.9121 W=2.9121
  ridge ALONE__FB_ESM2_CDR_ALL: P=0.5104 S=0.5211 W=0.5211
  ridge FS_HIC_CONTINUOUS_SURFACE+FB_ESM2_CDR_ALL: P=0.5135 S=0.5597 W=0.5597
  ridge FS_HIC_HYDRO_TITRATION+FB_ESM2_CDR_ALL: P=0.5219 S=0.5527 W=0.5527
  ridge FS_HIC_ESM2_SEQ_AROMATIC+FB_ESM2_CDR_ALL: P=0.5297 S=0.5616 W=0.5616
  ridge ALONE__FB_ESM2_CDR3: P=0.5229 S=0.5268 W=0.5268
  ridge FS_HIC_CONTINUOUS_SURFACE+FB_ESM2_CDR3: P=0.5085 S=0.5572 W=0.5572
  ridge FS_HIC_HYDRO_TITRATION+FB_ESM2_CDR3: P=0.5141 S=0.5496 W=0.5496
  ridge FS_HIC_ESM2_SEQ_AROMATIC+FB_ESM2_CDR3: P=0.5236 S=0.5585 W=0.5585
  ridge ALONE__FB_ESM2_FR_CDR_SPLIT: P=0.5092 S=0.5135 W=0.5135
  ridge FS_HIC_CONTINUOUS_SURFACE+FB_ESM2_FR_CDR_SPLIT: P=0.5130 S=0.5593 W=0.5593
  ridge FS_HIC_HYDRO_TITRATION+FB_ESM2_FR_CDR_SPLIT: P=0.5214 S=0.5515 W=0.5515
  ridge FS_HIC_ESM2_SEQ_AROMATIC+FB_ESM2_FR_CDR_SPLIT: P=0.5295 S=0.5611 W=0.5611
  ridge ALONE__FB_ESM2_CDRW2: P=0.5112 S=0.5065 W=0.5112
  ridge FS_HIC_CONTINUOUS_SURFACE+FB_ESM2_CDRW2: P=0.5127 S=0.5581 W=0.5581
  ridge FS_HIC_HYDRO_TITRATION+FB_ESM2_CDRW2: P=0.5207 S=0.5513 W=0.5513
  ridge FS_HIC_ESM2_SEQ_AROMATIC+FB_ESM2_CDRW2: P=0.5292 S=0.5605 W=0.5605
  ridge ALONE__FB_ESM2_CDRW4: P=0.5084 S=0.5105 W=0.5105
  ridge FS_HIC_CONTINUOUS_SURFACE+FB_ESM2_CDRW4: P=0.5126 S=0.5586 W=0.5586
  ridge FS_HIC_HYDRO_TITRATION+FB_ESM2_CDRW4: P=0.5208 S=0.5515 W=0.5515
  ridge FS_HIC_ESM2_SEQ_AROMATIC+FB_ESM2_CDRW4: P=0.5289 S=0.5609 W=0.5609
  ridge ALONE__FB_ESM2_CDR3W4: P=0.5096 S=0.5096 W=0.5096
  ridge FS_HIC_CONTINUOUS_SURFACE+FB_ESM2_CDR3W4: P=0.5127 S=0.5597 W=0.5597
  ridge FS_HIC_HYDRO_TITRATION+FB_ESM2_CDR3W4: P=0.5210 S=0.5514 W=0.5514
  ridge FS_HIC_ESM2_SEQ_AROMATIC+FB_ESM2_CDR3W4: P=0.5289 S=0.5607 W=0.5607
  ridge ALONE__FB_ESM2_RASA_P1: P=0.4993 S=0.4998 W=0.4998
  ridge FS_HIC_CONTINUOUS_SURFACE+FB_ESM2_RASA_P1: P=0.5126 S=0.5585 W=0.5585
  ridge FS_HIC_HYDRO_TITRATION+FB_ESM2_RASA_P1: P=0.5208 S=0.5509 W=0.5509
  ridge FS_HIC_ESM2_SEQ_AROMATIC+FB_ESM2_RASA_P1: P=0.5290 S=0.5589 W=0.5589
  ridge ALONE__FB_ESM2_RASA_P2: P=0.5203 S=0.5216 W=0.5216
  ridge FS_HIC_CONTINUOUS_SURFACE+FB_ESM2_RASA_P2: P=0.5136 S=0.5589 W=0.5589
  ridge FS_HIC_HYDRO_TITRATION+FB_ESM2_RASA_P2: P=0.5211 S=0.5501 W=0.5501
  ridge FS_HIC_ESM2_SEQ_AROMATIC+FB_ESM2_RASA_P2: P=0.5294 S=0.5576 W=0.5576
  ridge ALONE__FB_ESM2_RASA_CDR: P=0.5256 S=0.5317 W=0.5317
  ridge FS_HIC_CONTINUOUS_SURFACE+FB_ESM2_RASA_CDR: P=0.5139 S=0.5581 W=0.5581
  ridge FS_HIC_HYDRO_TITRATION+FB_ESM2_RASA_CDR: P=0.5224 S=0.5519 W=0.5519
  ridge FS_HIC_ESM2_SEQ_AROMATIC+FB_ESM2_RASA_CDR: P=0.5289 S=0.5583 W=0.5583
  ridge ALONE__FB_ESM2_RASA_CDR3: P=0.5721 S=0.5477 W=0.5721
  ridge FS_HIC_CONTINUOUS_SURFACE+FB_ESM2_RASA_CDR3: P=0.5093 S=0.5571 W=0.5571
  ridge FS_HIC_HYDRO_TITRATION+FB_ESM2_RASA_CDR3: P=0.5125 S=0.5486 W=0.5486
  ridge FS_HIC_ESM2_SEQ_AROMATIC+FB_ESM2_RASA_CDR3: P=0.5222 S=0.5598 W=0.5598
  ridge ALONE__FB_ARO_RASA_SUM: P=0.5066 S=0.5140 W=0.5140
  ridge FS_HIC_CONTINUOUS_SURFACE+FB_ARO_RASA_SUM: P=0.5245 S=0.5707 W=0.5707
  ridge FS_HIC_HYDRO_TITRATION+FB_ARO_RASA_SUM: P=0.5209 S=0.5619 W=0.5619
  ridge FS_HIC_ESM2_SEQ_AROMATIC+FB_ARO_RASA_SUM: P=0.5311 S=0.5634 W=0.5634
  ridge ALONE__FB_ESM2_GLOBAL: P=0.4914 S=0.4969 W=0.4969
  ridge FS_HIC_CONTINUOUS_SURFACE+FB_ESM2_GLOBAL: P=0.5126 S=0.5578 W=0.5578
  ridge FS_HIC_HYDRO_TITRATION+FB_ESM2_GLOBAL: P=0.5206 S=0.5510 W=0.5510
  ridge FS_HIC_ESM2_SEQ_AROMATIC+FB_ESM2_GLOBAL: P=0.5293 S=0.5597 W=0.5597

=== STAGE B: forward selection ===
  ridge B_start__FS_TM_ABLINGUA_CDR3: P=2.7321 S=2.7850 W=2.7850
  ridge B_FS_TM_ABLINGUA_CDR3__FB_AL2_FR_CDR_SPLIT: P=2.7259 S=2.7493 W=2.7493
  ridge B_FS_TM_ABLINGUA_CDR3__FB_AL2_CDR_ALL: P=2.7471 S=2.7573 W=2.7573
  ridge B_FS_TM_ABLINGUA_CDR3__FB_AL_CDR3: P=2.7315 S=2.7765 W=2.7765
  ridge B_FS_TM_ABLINGUA_CDR3__FB_AL2_RASA_CDR: P=2.7686 S=2.7442 W=2.7686
  ridge B_FS_TM_ABLINGUA_CDR3__FB_AL2_CDRW4: P=2.7311 S=2.7687 W=2.7687
  ridge B_FS_TM_ABLINGUA_CDR3__FB_AL2_CDR3W4: P=2.7310 S=2.7753 W=2.7753
  ridge B_FS_TM_ABLINGUA_CDR3__FB_AL2_CDRW2: P=2.7202 S=2.7760 W=2.7760
  ridge B_FS_TM_ABLINGUA_CDR3__FB_AL_CDR_ALL: P=2.7599 S=2.7811 W=2.7811
  ridge B_FS_TM_ABLINGUA_CDR3__FB_AL2_FR_CDR_SPLIT+FB_AL2_CDR_ALL: P=2.7594 S=2.7484 W=2.7594
  ridge B_FS_TM_ABLINGUA_CDR3__FB_AL2_FR_CDR_SPLIT+FB_AL_CDR3: P=2.7233 S=2.7348 W=2.7348
  ridge B_FS_TM_ABLINGUA_CDR3__FB_AL2_FR_CDR_SPLIT+FB_AL2_RASA_CDR: P=2.7432 S=2.7278 W=2.7432
  ridge B_FS_TM_ABLINGUA_CDR3__FB_AL2_FR_CDR_SPLIT+FB_AL2_CDRW4: P=2.7453 S=2.7564 W=2.7564
  ridge B_FS_TM_ABLINGUA_CDR3__FB_AL2_FR_CDR_SPLIT+FB_AL2_CDR3W4: P=2.7454 S=2.7654 W=2.7654
  ridge B_FS_TM_ABLINGUA_CDR3__FB_AL2_FR_CDR_SPLIT+FB_AL2_CDRW2: P=2.7384 S=2.7651 W=2.7651
  ridge B_FS_TM_ABLINGUA_CDR3__FB_AL2_FR_CDR_SPLIT+FB_AL_CDR_ALL: P=2.7502 S=2.7372 W=2.7502
  ridge B_FS_TM_ABLINGUA_CDR3__FB_AL2_FR_CDR_SPLIT+FB_AL_CDR3+FB_AL2_CDR_ALL: P=2.7552 S=2.7292 W=2.7552
  ridge B_FS_TM_ABLINGUA_CDR3__FB_AL2_FR_CDR_SPLIT+FB_AL_CDR3+FB_AL2_RASA_CDR: P=2.7356 S=2.7113 W=2.7356
  ridge B_FS_TM_ABLINGUA_CDR3__FB_AL2_FR_CDR_SPLIT+FB_AL_CDR3+FB_AL2_CDRW4: P=2.7415 S=2.7365 W=2.7415
  ridge B_FS_TM_ABLINGUA_CDR3__FB_AL2_FR_CDR_SPLIT+FB_AL_CDR3+FB_AL2_CDR3W4: P=2.7391 S=2.7436 W=2.7436
  ridge B_FS_TM_ABLINGUA_CDR3__FB_AL2_FR_CDR_SPLIT+FB_AL_CDR3+FB_AL2_CDRW2: P=2.7350 S=2.7455 W=2.7455
  ridge B_FS_TM_ABLINGUA_CDR3__FB_AL2_FR_CDR_SPLIT+FB_AL_CDR3+FB_AL_CDR_ALL: P=2.7469 S=2.7378 W=2.7469
  ridge B_start__FS_TM_ABLINGUA_GLOBAL: P=2.7466 S=2.8227 W=2.8227
  ridge B_FS_TM_ABLINGUA_GLOBAL__FB_AL2_FR_CDR_SPLIT: P=2.7459 S=2.8016 W=2.8016
  ridge B_FS_TM_ABLINGUA_GLOBAL__FB_AL2_CDR_ALL: P=2.7682 S=2.8046 W=2.8046
  ridge B_FS_TM_ABLINGUA_GLOBAL__FB_AL_CDR3: P=2.7321 S=2.7850 W=2.7850
  ridge B_FS_TM_ABLINGUA_GLOBAL__FB_AL2_RASA_CDR: P=2.7566 S=2.7981 W=2.7981
  ridge B_FS_TM_ABLINGUA_GLOBAL__FB_AL2_CDRW4: P=2.7538 S=2.8186 W=2.8186
  ridge B_FS_TM_ABLINGUA_GLOBAL__FB_AL2_CDR3W4: P=2.7605 S=2.8279 W=2.8279
  ridge B_FS_TM_ABLINGUA_GLOBAL__FB_AL2_CDRW2: P=2.7398 S=2.8251 W=2.8251
  ridge B_FS_TM_ABLINGUA_GLOBAL__FB_AL_CDR_ALL: P=2.7757 S=2.8044 W=2.8044
  ridge B_FS_TM_ABLINGUA_GLOBAL__FB_AL_CDR3+FB_AL2_FR_CDR_SPLIT: P=2.7259 S=2.7493 W=2.7493
  ridge B_FS_TM_ABLINGUA_GLOBAL__FB_AL_CDR3+FB_AL2_CDR_ALL: P=2.7471 S=2.7573 W=2.7573
  ridge B_FS_TM_ABLINGUA_GLOBAL__FB_AL_CDR3+FB_AL2_RASA_CDR: P=2.7686 S=2.7442 W=2.7686
  ridge B_FS_TM_ABLINGUA_GLOBAL__FB_AL_CDR3+FB_AL2_CDRW4: P=2.7311 S=2.7687 W=2.7687
  ridge B_FS_TM_ABLINGUA_GLOBAL__FB_AL_CDR3+FB_AL2_CDR3W4: P=2.7310 S=2.7753 W=2.7753
  ridge B_FS_TM_ABLINGUA_GLOBAL__FB_AL_CDR3+FB_AL2_CDRW2: P=2.7202 S=2.7760 W=2.7760
  ridge B_FS_TM_ABLINGUA_GLOBAL__FB_AL_CDR3+FB_AL_CDR_ALL: P=2.7599 S=2.7811 W=2.7811
  ridge B_FS_TM_ABLINGUA_GLOBAL__FB_AL_CDR3+FB_AL2_FR_CDR_SPLIT+FB_AL2_CDR_ALL: P=2.7594 S=2.7484 W=2.7594
  ridge B_FS_TM_ABLINGUA_GLOBAL__FB_AL_CDR3+FB_AL2_FR_CDR_SPLIT+FB_AL2_RASA_CDR: P=2.7432 S=2.7278 W=2.7432
  ridge B_FS_TM_ABLINGUA_GLOBAL__FB_AL_CDR3+FB_AL2_FR_CDR_SPLIT+FB_AL2_CDRW4: P=2.7453 S=2.7564 W=2.7564
  ridge B_FS_TM_ABLINGUA_GLOBAL__FB_AL_CDR3+FB_AL2_FR_CDR_SPLIT+FB_AL2_CDR3W4: P=2.7454 S=2.7654 W=2.7654
  ridge B_FS_TM_ABLINGUA_GLOBAL__FB_AL_CDR3+FB_AL2_FR_CDR_SPLIT+FB_AL2_CDRW2: P=2.7384 S=2.7651 W=2.7651
  ridge B_FS_TM_ABLINGUA_GLOBAL__FB_AL_CDR3+FB_AL2_FR_CDR_SPLIT+FB_AL_CDR_ALL: P=2.7502 S=2.7372 W=2.7502
  ridge B_start__FS_TM_BIOEMU_MPNN: P=2.7027 S=2.8459 W=2.8459
  ridge B_FS_TM_BIOEMU_MPNN__FB_AL2_FR_CDR_SPLIT: P=2.7211 S=2.8386 W=2.8386
  ridge B_FS_TM_BIOEMU_MPNN__FB_AL2_CDR_ALL: P=2.7362 S=2.8273 W=2.8273
  ridge B_FS_TM_BIOEMU_MPNN__FB_AL_CDR3: P=2.6781 S=2.7685 W=2.7685
  ridge B_FS_TM_BIOEMU_MPNN__FB_AL2_RASA_CDR: P=2.7279 S=2.8294 W=2.8294
  ridge B_FS_TM_BIOEMU_MPNN__FB_AL2_CDRW4: P=2.7238 S=2.8567 W=2.8567
  ridge B_FS_TM_BIOEMU_MPNN__FB_AL2_CDR3W4: P=2.7363 S=2.8690 W=2.8690
  ridge B_FS_TM_BIOEMU_MPNN__FB_AL2_CDRW2: P=2.7171 S=2.8693 W=2.8693
  ridge B_FS_TM_BIOEMU_MPNN__FB_AL_CDR_ALL: P=2.7275 S=2.7933 W=2.7933
  ridge B_FS_TM_BIOEMU_MPNN__FB_AL_CDR3+FB_AL2_FR_CDR_SPLIT: P=2.6761 S=2.7480 W=2.7480
  ridge B_FS_TM_BIOEMU_MPNN__FB_AL_CDR3+FB_AL2_CDR_ALL: P=2.6975 S=2.7523 W=2.7523
  ridge B_FS_TM_BIOEMU_MPNN__FB_AL_CDR3+FB_AL2_RASA_CDR: P=2.6792 S=2.7423 W=2.7423
  ridge B_FS_TM_BIOEMU_MPNN__FB_AL_CDR3+FB_AL2_CDRW4: P=2.6808 S=2.7650 W=2.7650
  ridge B_FS_TM_BIOEMU_MPNN__FB_AL_CDR3+FB_AL2_CDR3W4: P=2.6898 S=2.7727 W=2.7727
  ridge B_FS_TM_BIOEMU_MPNN__FB_AL_CDR3+FB_AL2_CDRW2: P=2.6758 S=2.7762 W=2.7762
  ridge B_FS_TM_BIOEMU_MPNN__FB_AL_CDR3+FB_AL_CDR_ALL: P=2.7140 S=2.7617 W=2.7617
  ridge B_FS_TM_BIOEMU_MPNN__FB_AL_CDR3+FB_AL2_RASA_CDR+FB_AL2_FR_CDR_SPLIT: P=2.6919 S=2.7443 W=2.7443
  ridge B_FS_TM_BIOEMU_MPNN__FB_AL_CDR3+FB_AL2_RASA_CDR+FB_AL2_CDR_ALL: P=2.7095 S=2.7353 W=2.7353
  ridge B_FS_TM_BIOEMU_MPNN__FB_AL_CDR3+FB_AL2_RASA_CDR+FB_AL2_CDRW4: P=2.6941 S=2.7509 W=2.7509
  ridge B_FS_TM_BIOEMU_MPNN__FB_AL_CDR3+FB_AL2_RASA_CDR+FB_AL2_CDR3W4: P=2.6997 S=2.7590 W=2.7590
  ridge B_FS_TM_BIOEMU_MPNN__FB_AL_CDR3+FB_AL2_RASA_CDR+FB_AL2_CDRW2: P=2.6855 S=2.7610 W=2.7610
  ridge B_FS_TM_BIOEMU_MPNN__FB_AL_CDR3+FB_AL2_RASA_CDR+FB_AL_CDR_ALL: P=2.7060 S=2.7289 W=2.7289
  ridge B_start__FS_HIC_CONTINUOUS_SURFACE: P=0.5118 S=0.5573 W=0.5573
  ridge B_FS_HIC_CONTINUOUS_SURFACE__FB_ESM2_RASA_CDR3: P=0.5093 S=0.5571 W=0.5571
  ridge B_FS_HIC_CONTINUOUS_SURFACE__FB_ESM2_CDR3: P=0.5085 S=0.5572 W=0.5572
  ridge B_FS_HIC_CONTINUOUS_SURFACE__FB_ESM2_RASA_P2: P=0.5136 S=0.5589 W=0.5589
  ridge B_FS_HIC_CONTINUOUS_SURFACE__FB_ESM2_RASA_P1: P=0.5126 S=0.5585 W=0.5585
  ridge B_FS_HIC_CONTINUOUS_SURFACE__FB_ESM2_GLOBAL: P=0.5126 S=0.5578 W=0.5578
  ridge B_FS_HIC_CONTINUOUS_SURFACE__FB_ESM2_CDRW2: P=0.5127 S=0.5581 W=0.5581
  ridge B_FS_HIC_CONTINUOUS_SURFACE__FB_ESM2_CDR3W4: P=0.5127 S=0.5597 W=0.5597
  ridge B_FS_HIC_CONTINUOUS_SURFACE__FB_ESM2_CDRW4: P=0.5126 S=0.5586 W=0.5586
  ridge B_FS_HIC_CONTINUOUS_SURFACE__FB_ESM2_RASA_CDR3+FB_ESM2_CDR3: P=0.5074 S=0.5584 W=0.5584
  ridge B_FS_HIC_CONTINUOUS_SURFACE__FB_ESM2_RASA_CDR3+FB_ESM2_RASA_P2: P=0.5111 S=0.5583 W=0.5583
  ridge B_FS_HIC_CONTINUOUS_SURFACE__FB_ESM2_RASA_CDR3+FB_ESM2_RASA_P1: P=0.5101 S=0.5581 W=0.5581
  ridge B_FS_HIC_CONTINUOUS_SURFACE__FB_ESM2_RASA_CDR3+FB_ESM2_GLOBAL: P=0.5100 S=0.5576 W=0.5576
  ridge B_FS_HIC_CONTINUOUS_SURFACE__FB_ESM2_RASA_CDR3+FB_ESM2_CDRW2: P=0.5100 S=0.5582 W=0.5582
  ridge B_FS_HIC_CONTINUOUS_SURFACE__FB_ESM2_RASA_CDR3+FB_ESM2_CDR3W4: P=0.5106 S=0.5603 W=0.5603
  ridge B_FS_HIC_CONTINUOUS_SURFACE__FB_ESM2_RASA_CDR3+FB_ESM2_CDRW4: P=0.5099 S=0.5588 W=0.5588
  ridge B_start__FS_HIC_HYDRO_TITRATION: P=0.5197 S=0.5504 W=0.5504
  ridge B_FS_HIC_HYDRO_TITRATION__FB_ESM2_RASA_CDR3: P=0.5125 S=0.5486 W=0.5486
  ridge B_FS_HIC_HYDRO_TITRATION__FB_ESM2_CDR3: P=0.5141 S=0.5496 W=0.5496
  ridge B_FS_HIC_HYDRO_TITRATION__FB_ESM2_RASA_P2: P=0.5211 S=0.5501 W=0.5501
  ridge B_FS_HIC_HYDRO_TITRATION__FB_ESM2_RASA_P1: P=0.5208 S=0.5509 W=0.5509
  ridge B_FS_HIC_HYDRO_TITRATION__FB_ESM2_GLOBAL: P=0.5206 S=0.5510 W=0.5510
  ridge B_FS_HIC_HYDRO_TITRATION__FB_ESM2_CDRW2: P=0.5207 S=0.5513 W=0.5513
  ridge B_FS_HIC_HYDRO_TITRATION__FB_ESM2_CDR3W4: P=0.5210 S=0.5514 W=0.5514
  ridge B_FS_HIC_HYDRO_TITRATION__FB_ESM2_CDRW4: P=0.5208 S=0.5515 W=0.5515
  ridge B_FS_HIC_HYDRO_TITRATION__FB_ESM2_RASA_CDR3+FB_ESM2_CDR3: P=0.5089 S=0.5494 W=0.5494
  ridge B_FS_HIC_HYDRO_TITRATION__FB_ESM2_RASA_CDR3+FB_ESM2_RASA_P2: P=0.5199 S=0.5486 W=0.5486
  ridge B_FS_HIC_HYDRO_TITRATION__FB_ESM2_RASA_CDR3+FB_ESM2_RASA_P1: P=0.5136 S=0.5495 W=0.5495
  ridge B_FS_HIC_HYDRO_TITRATION__FB_ESM2_RASA_CDR3+FB_ESM2_GLOBAL: P=0.5192 S=0.5495 W=0.5495
  ridge B_FS_HIC_HYDRO_TITRATION__FB_ESM2_RASA_CDR3+FB_ESM2_CDRW2: P=0.5194 S=0.5502 W=0.5502
  ridge B_FS_HIC_HYDRO_TITRATION__FB_ESM2_RASA_CDR3+FB_ESM2_CDR3W4: P=0.5138 S=0.5509 W=0.5509
  ridge B_FS_HIC_HYDRO_TITRATION__FB_ESM2_RASA_CDR3+FB_ESM2_CDRW4: P=0.5135 S=0.5506 W=0.5506
  ridge B_start__FS_HIC_ESM2_SEQ_AROMATIC: P=0.5284 S=0.5591 W=0.5591
  ridge B_FS_HIC_ESM2_SEQ_AROMATIC__FB_ESM2_RASA_CDR3: P=0.5222 S=0.5598 W=0.5598
  ridge B_FS_HIC_ESM2_SEQ_AROMATIC__FB_ESM2_CDR3: P=0.5236 S=0.5585 W=0.5585
  ridge B_FS_HIC_ESM2_SEQ_AROMATIC__FB_ESM2_RASA_P2: P=0.5294 S=0.5576 W=0.5576
  ridge B_FS_HIC_ESM2_SEQ_AROMATIC__FB_ESM2_RASA_P1: P=0.5290 S=0.5589 W=0.5589
  ridge B_FS_HIC_ESM2_SEQ_AROMATIC__FB_ESM2_GLOBAL: P=0.5293 S=0.5597 W=0.5597
  ridge B_FS_HIC_ESM2_SEQ_AROMATIC__FB_ESM2_CDRW2: P=0.5292 S=0.5605 W=0.5605
  ridge B_FS_HIC_ESM2_SEQ_AROMATIC__FB_ESM2_CDR3W4: P=0.5289 S=0.5607 W=0.5607
  ridge B_FS_HIC_ESM2_SEQ_AROMATIC__FB_ESM2_CDRW4: P=0.5289 S=0.5609 W=0.5609
  ridge B_FS_HIC_ESM2_SEQ_AROMATIC__FB_ESM2_RASA_P2+FB_ESM2_RASA_CDR3: P=0.5232 S=0.5590 W=0.5590
  ridge B_FS_HIC_ESM2_SEQ_AROMATIC__FB_ESM2_RASA_P2+FB_ESM2_CDR3: P=0.5249 S=0.5577 W=0.5577
  ridge B_FS_HIC_ESM2_SEQ_AROMATIC__FB_ESM2_RASA_P2+FB_ESM2_RASA_P1: P=0.5300 S=0.5576 W=0.5576
  ridge B_FS_HIC_ESM2_SEQ_AROMATIC__FB_ESM2_RASA_P2+FB_ESM2_GLOBAL: P=0.5302 S=0.5583 W=0.5583
  ridge B_FS_HIC_ESM2_SEQ_AROMATIC__FB_ESM2_RASA_P2+FB_ESM2_CDRW2: P=0.5302 S=0.5592 W=0.5592
  ridge B_FS_HIC_ESM2_SEQ_AROMATIC__FB_ESM2_RASA_P2+FB_ESM2_CDR3W4: P=0.5299 S=0.5597 W=0.5597
  ridge B_FS_HIC_ESM2_SEQ_AROMATIC__FB_ESM2_RASA_P2+FB_ESM2_CDRW4: P=0.5300 S=0.5597 W=0.5597
  ridge B_FS_HIC_ESM2_SEQ_AROMATIC__FB_ESM2_RASA_P2+FB_ESM2_RASA_P1+FB_ESM2_RASA_CDR3: P=0.5235 S=0.5592 W=0.5592
  ridge B_FS_HIC_ESM2_SEQ_AROMATIC__FB_ESM2_RASA_P2+FB_ESM2_RASA_P1+FB_ESM2_CDR3: P=0.5253 S=0.5577 W=0.5577
  ridge B_FS_HIC_ESM2_SEQ_AROMATIC__FB_ESM2_RASA_P2+FB_ESM2_RASA_P1+FB_ESM2_GLOBAL: P=0.5308 S=0.5582 W=0.5582
  ridge B_FS_HIC_ESM2_SEQ_AROMATIC__FB_ESM2_RASA_P2+FB_ESM2_RASA_P1+FB_ESM2_CDRW2: P=0.5308 S=0.5591 W=0.5591
  ridge B_FS_HIC_ESM2_SEQ_AROMATIC__FB_ESM2_RASA_P2+FB_ESM2_RASA_P1+FB_ESM2_CDR3W4: P=0.5305 S=0.5596 W=0.5596
  ridge B_FS_HIC_ESM2_SEQ_AROMATIC__FB_ESM2_RASA_P2+FB_ESM2_RASA_P1+FB_ESM2_CDRW4: P=0.5307 S=0.5596 W=0.5596

=== STAGE C: ablation ===
  ridge ABL_FS_TM_ABLINGUA_CDR3+FB_AL2_FR_CDR_SPLIT+FB_AL_CDR3_drop_FB_AL2_FR_CDR_SPLIT: P=2.7315 S=2.7765 W=2.7765
  ridge ABL_FS_TM_ABLINGUA_CDR3+FB_AL2_FR_CDR_SPLIT+FB_AL_CDR3_drop_FB_AL_CDR3: P=2.7259 S=2.7493 W=2.7493
  ridge ABL_FS_TM_ABLINGUA_GLOBAL+FB_AL_CDR3+FB_AL2_FR_CDR_SPLIT+FB_AL2_RASA_CDR_drop_FB_AL_CDR3: P=2.7755 S=2.7853 W=2.7853
  ridge ABL_FS_TM_ABLINGUA_GLOBAL+FB_AL_CDR3+FB_AL2_FR_CDR_SPLIT+FB_AL2_RASA_CDR_drop_FB_AL2_FR_CDR_SPLIT: P=2.7686 S=2.7442 W=2.7686
  ridge ABL_FS_TM_ABLINGUA_GLOBAL+FB_AL_CDR3+FB_AL2_FR_CDR_SPLIT+FB_AL2_RASA_CDR_drop_FB_AL2_RASA_CDR: P=2.7259 S=2.7493 W=2.7493
  ridge ABL_FS_TM_BIOEMU_MPNN+FB_AL_CDR3+FB_AL2_RASA_CDR+FB_AL_CDR_ALL_drop_FB_AL_CDR3: P=2.7292 S=2.7771 W=2.7771
  ridge ABL_FS_TM_BIOEMU_MPNN+FB_AL_CDR3+FB_AL2_RASA_CDR+FB_AL_CDR_ALL_drop_FB_AL2_RASA_CDR: P=2.7140 S=2.7617 W=2.7617
  ridge ABL_FS_TM_BIOEMU_MPNN+FB_AL_CDR3+FB_AL2_RASA_CDR+FB_AL_CDR_ALL_drop_FB_AL_CDR_ALL: P=2.6792 S=2.7423 W=2.7423
  ridge ABL_FS_HIC_CONTINUOUS_SURFACE+FB_ESM2_RASA_CDR3_drop_FB_ESM2_RASA_CDR3: P=0.5118 S=0.5573 W=0.5573
  ridge ABL_FS_HIC_HYDRO_TITRATION+FB_ESM2_RASA_CDR3_drop_FB_ESM2_RASA_CDR3: P=0.5197 S=0.5504 W=0.5504
  ridge ABL_FS_HIC_ESM2_SEQ_AROMATIC+FB_ESM2_RASA_P2+FB_ESM2_RASA_P1_drop_FB_ESM2_RASA_P2: P=0.5290 S=0.5589 W=0.5589
  ridge ABL_FS_HIC_ESM2_SEQ_AROMATIC+FB_ESM2_RASA_P2+FB_ESM2_RASA_P1_drop_FB_ESM2_RASA_P1: P=0.5294 S=0.5576 W=0.5576

=== STAGE D: block scaling ===
  ridge SCALE_FS_TM_BIOEMU_MPNN+FB_AL_CDR3+FB_AL2_RASA_CDR+FB_AL_CDR_ALL_x0.5: P=2.7060 S=2.7289 W=2.7289
  ridge SCALE_FS_TM_BIOEMU_MPNN+FB_AL_CDR3+FB_AL2_RASA_CDR+FB_AL_CDR_ALL_x2.0: P=2.7060 S=2.7289 W=2.7289
  ridge SCALE_FS_TM_ABLINGUA_CDR3+FB_AL2_FR_CDR_SPLIT+FB_AL_CDR3_x0.5: P=2.7233 S=2.7348 W=2.7348
  ridge SCALE_FS_TM_ABLINGUA_CDR3+FB_AL2_FR_CDR_SPLIT+FB_AL_CDR3_x2.0: P=2.7233 S=2.7348 W=2.7348
  ridge SCALE_FS_HIC_HYDRO_TITRATION+FB_ESM2_RASA_CDR3_x0.5: P=0.5125 S=0.5486 W=0.5486
  ridge SCALE_FS_HIC_HYDRO_TITRATION+FB_ESM2_RASA_CDR3_x2.0: P=0.5125 S=0.5486 W=0.5486
  ridge SCALE_FS_HIC_CONTINUOUS_SURFACE+FB_ESM2_RASA_CDR3_x0.5: P=0.5093 S=0.5571 W=0.5571
  ridge SCALE_FS_HIC_CONTINUOUS_SURFACE+FB_ESM2_RASA_CDR3_x2.0: P=0.5093 S=0.5571 W=0.5571

=== STAGE E: estimator panel ===
  ridge ALONE__FB_AL2_RASA_P1: P=2.8884 S=2.8965 W=2.8965
  ridge ALONE__FB_AL2_FR_CDR_SPLIT: P=3.0135 S=2.8843 W=3.0135
  ridge ALONE__FB_ESM2_GLOBAL: P=0.4914 S=0.4969 W=0.4969
  ridge ALONE__FB_ESM2_RASA_P1: P=0.4993 S=0.4998 W=0.4998
  ridge E__FS_TM_BIOEMU_MPNN+FB_AL_CDR3+FB_AL2_RASA_CDR+FB_AL_CDR_ALL__ridge: P=2.7060 S=2.7289 W=2.7289
  lasso E__FS_TM_BIOEMU_MPNN+FB_AL_CDR3+FB_AL2_RASA_CDR+FB_AL_CDR_ALL__lasso: P=2.8669 S=2.7625 W=2.8669
  enet E__FS_TM_BIOEMU_MPNN+FB_AL_CDR3+FB_AL2_RASA_CDR+FB_AL_CDR_ALL__enet: P=2.7808 S=2.8207 W=2.8207
  svr E__FS_TM_BIOEMU_MPNN+FB_AL_CDR3+FB_AL2_RASA_CDR+FB_AL_CDR_ALL__svr: P=2.7624 S=2.9545 W=2.9545
  xgb E__FS_TM_BIOEMU_MPNN+FB_AL_CDR3+FB_AL2_RASA_CDR+FB_AL_CDR_ALL__xgb: P=2.9205 S=3.0376 W=3.0376
  ridge E__FS_TM_ABLINGUA_CDR3+FB_AL2_FR_CDR_SPLIT+FB_AL_CDR3__ridge: P=2.7233 S=2.7348 W=2.7348
  lasso E__FS_TM_ABLINGUA_CDR3+FB_AL2_FR_CDR_SPLIT+FB_AL_CDR3__lasso: P=2.8956 S=2.8662 W=2.8956
