loaded 31 blocks
pool TmApp FS_TM_BIOEMU_MPNN+FB_AL_CDR3+FB_AL2_RASA_CDR+FB_AL_CDR_ALL dim=6649
pool TmApp FS_TM_ABLINGUA_CDR3+FB_AL2_FR_CDR_SPLIT+FB_AL_CDR3 dim=10169
pool TmApp ALONE__FB_AL2_RASA_P1 dim=960
pool TmApp ALONE__FB_AL2_FR_CDR_SPLIT dim=1920
pool HIC ALONE__FB_ESM2_GLOBAL dim=1280
pool HIC ALONE__FB_ESM2_RASA_P1 dim=1280
pool HIC FS_HIC_HYDRO_TITRATION+FB_ESM2_RASA_CDR3 dim=2728
pool HIC FS_HIC_CONTINUOUS_SURFACE+FB_ESM2_RASA_CDR3 dim=2739

=== STAGE E (resume) ===
  ridge E__FS_TM_BIOEMU_MPNN+FB_AL_CDR3+FB_AL2_RASA_CDR+FB_AL_CDR_ALL__ridge: P=2.7060 S=2.7289 W=2.7289
  lasso E__FS_TM_BIOEMU_MPNN+FB_AL_CDR3+FB_AL2_RASA_CDR+FB_AL_CDR_ALL__lasso: P=2.8669 S=2.7625 W=2.8669
  enet E__FS_TM_BIOEMU_MPNN+FB_AL_CDR3+FB_AL2_RASA_CDR+FB_AL_CDR_ALL__enet: P=2.7808 S=2.8207 W=2.8207
  svr E__FS_TM_BIOEMU_MPNN+FB_AL_CDR3+FB_AL2_RASA_CDR+FB_AL_CDR_ALL__svr: P=2.7624 S=2.9545 W=2.9545
  xgb E__FS_TM_BIOEMU_MPNN+FB_AL_CDR3+FB_AL2_RASA_CDR+FB_AL_CDR_ALL__xgb: P=2.9205 S=3.0376 W=3.0376
  ridge E__FS_TM_ABLINGUA_CDR3+FB_AL2_FR_CDR_SPLIT+FB_AL_CDR3__ridge: P=2.7233 S=2.7348 W=2.7348
  lasso E__FS_TM_ABLINGUA_CDR3+FB_AL2_FR_CDR_SPLIT+FB_AL_CDR3__lasso: P=2.8956 S=2.8662 W=2.8956
  enet E__FS_TM_ABLINGUA_CDR3+FB_AL2_FR_CDR_SPLIT+FB_AL_CDR3__enet: P=2.7535 S=3.0966 W=3.0966
  svr E__FS_TM_ABLINGUA_CDR3+FB_AL2_FR_CDR_SPLIT+FB_AL_CDR3__svr: P=2.7569 S=2.9547 W=2.9547
  xgb E__FS_TM_ABLINGUA_CDR3+FB_AL2_FR_CDR_SPLIT+FB_AL_CDR3__xgb: P=2.9566 S=2.9539 W=2.9566
  ridge E__ALONE__FB_AL2_RASA_P1__ridge: P=2.8884 S=2.8965 W=2.8965
  lasso E__ALONE__FB_AL2_RASA_P1__lasso: P=2.9001 S=2.9303 W=2.9303
  enet E__ALONE__FB_AL2_RASA_P1__enet: P=2.9025 S=2.9166 W=2.9166
  svr E__ALONE__FB_AL2_RASA_P1__svr: P=3.0835 S=3.0144 W=3.0835
  xgb E__ALONE__FB_AL2_RASA_P1__xgb: P=3.2323 S=3.4144 W=3.4144
  ridge E__ALONE__FB_AL2_FR_CDR_SPLIT__ridge: P=3.0135 S=2.8843 W=3.0135
  lasso E__ALONE__FB_AL2_FR_CDR_SPLIT__lasso: P=3.0360 S=2.8829 W=3.0360
  enet E__ALONE__FB_AL2_FR_CDR_SPLIT__enet: P=3.0386 S=2.8806 W=3.0386
  svr E__ALONE__FB_AL2_FR_CDR_SPLIT__svr: P=3.0734 S=2.9069 W=3.0734
  xgb E__ALONE__FB_AL2_FR_CDR_SPLIT__xgb: P=3.1008 S=3.1445 W=3.1445
  ridge E__ALONE__FB_ESM2_GLOBAL__ridge: P=0.4914 S=0.4969 W=0.4969
  lasso E__ALONE__FB_ESM2_GLOBAL__lasso: P=0.5188 S=0.4961 W=0.5188
  enet E__ALONE__FB_ESM2_GLOBAL__enet: P=0.5155 S=0.5021 W=0.5155
  svr E__ALONE__FB_ESM2_GLOBAL__svr: P=0.4611 S=0.4689 W=0.4689
  xgb E__ALONE__FB_ESM2_GLOBAL__xgb: P=0.5078 S=0.5290 W=0.5290
  ridge E__ALONE__FB_ESM2_RASA_P1__ridge: P=0.4993 S=0.4998 W=0.4998
  lasso E__ALONE__FB_ESM2_RASA_P1__lasso: P=0.5168 S=0.5076 W=0.5168
  enet E__ALONE__FB_ESM2_RASA_P1__enet: P=0.5075 S=0.4991 W=0.5075
  svr E__ALONE__FB_ESM2_RASA_P1__svr: P=0.4555 S=0.4637 W=0.4637
  xgb E__ALONE__FB_ESM2_RASA_P1__xgb: P=0.5158 S=0.5109 W=0.5158
  ridge E__FS_HIC_HYDRO_TITRATION+FB_ESM2_RASA_CDR3__ridge: P=0.5125 S=0.5486 W=0.5486
  lasso E__FS_HIC_HYDRO_TITRATION+FB_ESM2_RASA_CDR3__lasso: P=0.4884 S=0.4868 W=0.4884
  enet E__FS_HIC_HYDRO_TITRATION+FB_ESM2_RASA_CDR3__enet: P=0.4962 S=0.5350 W=0.5350
  svr E__FS_HIC_HYDRO_TITRATION+FB_ESM2_RASA_CDR3__svr: P=0.4529 S=0.4440 W=0.4529
  xgb E__FS_HIC_HYDRO_TITRATION+FB_ESM2_RASA_CDR3__xgb: P=0.5036 S=0.4880 W=0.5036
  ridge E__FS_HIC_CONTINUOUS_SURFACE+FB_ESM2_RASA_CDR3__ridge: P=0.5093 S=0.5571 W=0.5571
  lasso E__FS_HIC_CONTINUOUS_SURFACE+FB_ESM2_RASA_CDR3__lasso: P=0.4874 S=0.4924 W=0.4924
  enet E__FS_HIC_CONTINUOUS_SURFACE+FB_ESM2_RASA_CDR3__enet: P=0.4909 S=0.4936 W=0.4936
  svr E__FS_HIC_CONTINUOUS_SURFACE+FB_ESM2_RASA_CDR3__svr: P=0.4539 S=0.4460 W=0.4539
  xgb E__FS_HIC_CONTINUOUS_SURFACE+FB_ESM2_RASA_CDR3__xgb: P=0.5108 S=0.4942 W=0.5108

FROZE candidates

=== POST-FREEZE Test ===
REGISTERED EXP-T045 LIN_TM_TM_BIOEMU_MPNN_AL_CDR3_AL2_RASA_CDR_AL_CDR_ALL_RIDGE W=2.7289 Pub=3.0197 Priv=3.2736
REGISTERED EXP-T046 LIN_TM_TM_BIOEMU_MPNN_AL_CDR3_AL2_RASA_CDR_AL_CDR_ALL_LASSO W=2.8669 Pub=3.2025 Priv=3.0999
REGISTERED EXP-T047 ENET_TM_TM_BIOEMU_MPNN_AL_CDR3_AL2_RASA_CDR_AL_CDR_ALL_ENET W=2.8207 Pub=3.1245 Priv=3.2000
REGISTERED EXP-T048 SVR_TM_TM_BIOEMU_MPNN_AL_CDR3_AL2_RASA_CDR_AL_CDR_ALL_SVR W=2.9545 Pub=3.0731 Priv=3.0712
REGISTERED EXP-T049 XGB_TM_TM_BIOEMU_MPNN_AL_CDR3_AL2_RASA_CDR_AL_CDR_ALL_XGB W=3.0376 Pub=3.3946 Priv=3.1609
REGISTERED EXP-T050 LIN_TM_TM_ABLINGUA_CDR3_AL2_FR_CDR_SPLIT_AL_CDR3_RIDGE W=2.7348 Pub=3.0321 Priv=3.2587
REGISTERED EXP-T051 LIN_TM_TM_ABLINGUA_CDR3_AL2_FR_CDR_SPLIT_AL_CDR3_LASSO W=2.8956 Pub=3.1644 Priv=3.1131
REGISTERED EXP-T052 ENET_TM_TM_ABLINGUA_CDR3_AL2_FR_CDR_SPLIT_AL_CDR3_ENET W=3.0966 Pub=3.1212 Priv=3.1510
REGISTERED EXP-T053 SVR_TM_TM_ABLINGUA_CDR3_AL2_FR_CDR_SPLIT_AL_CDR3_SVR W=2.9547 Pub=3.1030 Priv=3.0504
REGISTERED EXP-T054 XGB_TM_TM_ABLINGUA_CDR3_AL2_FR_CDR_SPLIT_AL_CDR3_XGB W=2.9566 Pub=3.5257 Priv=3.1252
REGISTERED EXP-T055 LIN_TM_ALONE_AL2_RASA_P1_RIDGE W=2.8965 Pub=3.1961 Priv=3.1705
REGISTERED EXP-T056 LIN_TM_ALONE_AL2_RASA_P1_LASSO W=2.9303 Pub=3.2003 Priv=3.1819
REGISTERED EXP-T057 ENET_TM_ALONE_AL2_RASA_P1_ENET W=2.9166 Pub=3.2023 Priv=3.1390
REGISTERED EXP-T058 SVR_TM_ALONE_AL2_RASA_P1_SVR W=3.0835 Pub=3.2219 Priv=3.0292
REGISTERED EXP-T059 XGB_TM_ALONE_AL2_RASA_P1_XGB W=3.4144 Pub=3.4868 Priv=3.3233
REGISTERED EXP-T060 LIN_TM_ALONE_AL2_FR_CDR_SPLIT_RIDGE W=3.0135 Pub=3.2819 Priv=3.1889
REGISTERED EXP-T061 LIN_TM_ALONE_AL2_FR_CDR_SPLIT_LASSO W=3.0360 Pub=3.2875 Priv=3.2243
REGISTERED EXP-T062 ENET_TM_ALONE_AL2_FR_CDR_SPLIT_ENET W=3.0386 Pub=3.3754 Priv=3.2678
REGISTERED EXP-T063 SVR_TM_ALONE_AL2_FR_CDR_SPLIT_SVR W=3.0734 Pub=3.2131 Priv=3.0883
REGISTERED EXP-T064 XGB_TM_ALONE_AL2_FR_CDR_SPLIT_XGB W=3.1445 Pub=3.4176 Priv=3.2051
REGISTERED EXP-H034 LIN_HIC_ALONE_ESM2_GLOBAL_RIDGE W=0.4969 Pub=0.5297 Priv=0.5279
REGISTERED EXP-H035 LIN_HIC_ALONE_ESM2_GLOBAL_LASSO W=0.5188 Pub=0.5351 Priv=0.5142
REGISTERED EXP-H036 ENET_HIC_ALONE_ESM2_GLOBAL_ENET W=0.5155 Pub=0.5314 Priv=0.5143
REGISTERED EXP-H037 SVR_HIC_ALONE_ESM2_GLOBAL_SVR W=0.4689 Pub=0.4675 Priv=0.4550
REGISTERED EXP-H038 XGB_HIC_ALONE_ESM2_GLOBAL_XGB W=0.5290 Pub=0.5387 Priv=0.4931
REGISTERED EXP-H039 LIN_HIC_ALONE_ESM2_RASA_P1_RIDGE W=0.4998 Pub=0.5088 Priv=0.5084
REGISTERED EXP-H040 LIN_HIC_ALONE_ESM2_RASA_P1_LASSO W=0.5168 Pub=0.5123 Priv=0.5213
REGISTERED EXP-H041 ENET_HIC_ALONE_ESM2_RASA_P1_ENET W=0.5075 Pub=0.5121 Priv=0.5208
REGISTERED EXP-H042 SVR_HIC_ALONE_ESM2_RASA_P1_SVR W=0.4637 Pub=0.4589 Priv=0.4351
REGISTERED EXP-H043 XGB_HIC_ALONE_ESM2_RASA_P1_XGB W=0.5158 Pub=0.4708 Priv=0.4814
REGISTERED EXP-H044 LIN_HIC_HIC_HYDRO_TITRATION_ESM2_RASA_CDR3_RIDGE W=0.5486 Pub=0.4994 Priv=0.5604
REGISTERED EXP-H045 LIN_HIC_HIC_HYDRO_TITRATION_ESM2_RASA_CDR3_LASSO W=0.4884 Pub=0.4702 Priv=0.4642
REGISTERED EXP-H046 ENET_HIC_HIC_HYDRO_TITRATION_ESM2_RASA_CDR3_ENET W=0.5350 Pub=0.4404 Priv=0.4620
REGISTERED EXP-H047 SVR_HIC_HIC_HYDRO_TITRATION_ESM2_RASA_CDR3_SVR W=0.4529 Pub=0.4076 Priv=0.4474
REGISTERED EXP-H048 XGB_HIC_HIC_HYDRO_TITRATION_ESM2_RASA_CDR3_XGB W=0.5036 Pub=0.4533 Priv=0.4768
REGISTERED EXP-H049 LIN_HIC_HIC_CONTINUOUS_SURFACE_ESM2_RASA_CDR3_RIDGE W=0.5571 Pub=0.5427 Priv=0.5805
REGISTERED EXP-H050 LIN_HIC_HIC_CONTINUOUS_SURFACE_ESM2_RASA_CDR3_LASSO W=0.4924 Pub=0.4799 Priv=0.4757
REGISTERED EXP-H051 ENET_HIC_HIC_CONTINUOUS_SURFACE_ESM2_RASA_CDR3_ENET W=0.4936 Pub=0.4545 Priv=0.4765
REGISTERED EXP-H052 SVR_HIC_HIC_CONTINUOUS_SURFACE_ESM2_RASA_CDR3_SVR W=0.4539 Pub=0.4148 Priv=0.4508
REGISTERED EXP-H053 XGB_HIC_HIC_CONTINUOUS_SURFACE_ESM2_RASA_CDR3_XGB W=0.5108 Pub=0.4589 Priv=0.4840

Done in 81.2 min; added 40; total=117
