Building/loading RASA cache...
  block FB_AL_CDR_ALL dim=2560
  block FB_AL_CDR3 dim=2560
  block FB_AL_RASA_WEIGHTED dim=2560
  block FB_AL_EXPOSED_CDR dim=2560
  block FB_AL_CDR_FR_SPLIT dim=5120
  block FB_AL_RESIDUE_GLOBAL dim=2560
Loading derived blocks from cache...
  block FB_AL2_GLOBAL dim=960
  block FB_AL2_CDR_ALL dim=960
  block FB_AL2_CDR3 dim=960
  block FB_AL2_FR_CDR_SPLIT dim=1920
  block FB_AL2_CDRW2 dim=960
  block FB_AL2_CDRW4 dim=960
  block FB_AL2_CDR3W4 dim=960
  block FB_AL2_RASA_P1 dim=960
  block FB_AL2_RASA_CDR dim=960
  block FB_AL_CDRW2 dim=2560
  block FB_AL_CDR3W4 dim=2560
  block FB_AL_RASA_P2 dim=2560
  block FB_AL2_AL_CONCAT dim=3520
  block FB_ESM2_GLOBAL dim=1280
  block FB_ESM2_CDR_ALL dim=1280
  block FB_ESM2_CDR3 dim=1280
  block FB_ESM2_FR_CDR_SPLIT dim=2560
  block FB_ESM2_CDRW2 dim=1280
  block FB_ESM2_CDRW4 dim=1280
  block FB_ESM2_CDR3W4 dim=1280
  block FB_ESM2_RASA_P1 dim=1280
  block FB_ESM2_RASA_P2 dim=1280
  block FB_ESM2_RASA_CDR dim=1280
  block FB_ESM2_RASA_CDR3 dim=1280
  block FB_ARO_RASA_SUM dim=96
base FS_TM_ABLINGUA_CDR3 dim=5689 pca=2
base FS_TM_ABLINGUA_GLOBAL dim=3129 pca=1
base FS_TM_BIOEMU_MPNN dim=569 pca=0
base FS_HIC_CONTINUOUS_SURFACE dim=1459 pca=0
base FS_HIC_HYDRO_TITRATION dim=1448 pca=0
base FS_HIC_ESM2_SEQ_AROMATIC dim=1414 pca=0

=== STAGE A: single-block screen ===
  ridge ALONE__FB_AL2_AL_CONCAT: P=3.1640 S=3.1695 W=3.1695
  ridge FS_TM_ABLINGUA_CDR3+FB_AL2_AL_CONCAT: P=2.7741 S=2.8101 W=2.8101
  ridge FS_TM_ABLINGUA_GLOBAL+FB_AL2_AL_CONCAT: P=2.7881 S=2.8565 W=2.8565
  ridge FS_TM_BIOEMU_MPNN+FB_AL2_AL_CONCAT: P=2.7466 S=2.8583 W=2.8583
  ridge ALONE__FB_AL2_CDR_ALL: P=3.0659 S=2.8963 W=3.0659
  ridge FS_TM_ABLINGUA_CDR3+FB_AL2_CDR_ALL: P=2.7471 S=2.7573 W=2.7573
  ridge FS_TM_ABLINGUA_GLOBAL+FB_AL2_CDR_ALL: P=2.7682 S=2.8046 W=2.8046
  ridge FS_TM_BIOEMU_MPNN+FB_AL2_CDR_ALL: P=2.7362 S=2.8273 W=2.8273
  ridge ALONE__FB_AL2_CDR3: P=3.1878 S=3.0067 W=3.1878
  ridge FS_TM_ABLINGUA_CDR3+FB_AL2_CDR3: P=2.7732 S=2.8022 W=2.8022
  ridge FS_TM_ABLINGUA_GLOBAL+FB_AL2_CDR3: P=2.8067 S=2.8547 W=2.8547
  ridge FS_TM_BIOEMU_MPNN+FB_AL2_CDR3: P=2.7856 S=2.8722 W=2.8722
  ridge ALONE__FB_AL2_FR_CDR_SPLIT: P=3.0135 S=2.8843 W=3.0135
  ridge FS_TM_ABLINGUA_CDR3+FB_AL2_FR_CDR_SPLIT: P=2.7259 S=2.7493 W=2.7493
  ridge FS_TM_ABLINGUA_GLOBAL+FB_AL2_FR_CDR_SPLIT: P=2.7459 S=2.8016 W=2.8016
  ridge FS_TM_BIOEMU_MPNN+FB_AL2_FR_CDR_SPLIT: P=2.7211 S=2.8386 W=2.8386
  ridge ALONE__FB_AL2_CDRW2: P=3.0475 S=2.9750 W=3.0475
  ridge FS_TM_ABLINGUA_CDR3+FB_AL2_CDRW2: P=2.7202 S=2.7760 W=2.7760
  ridge FS_TM_ABLINGUA_GLOBAL+FB_AL2_CDRW2: P=2.7398 S=2.8251 W=2.8251
  ridge FS_TM_BIOEMU_MPNN+FB_AL2_CDRW2: P=2.7171 S=2.8693 W=2.8693
  ridge ALONE__FB_AL2_CDRW4: P=3.0680 S=2.9819 W=3.0680
  ridge FS_TM_ABLINGUA_CDR3+FB_AL2_CDRW4: P=2.7311 S=2.7687 W=2.7687
  ridge FS_TM_ABLINGUA_GLOBAL+FB_AL2_CDRW4: P=2.7538 S=2.8186 W=2.8186
  ridge FS_TM_BIOEMU_MPNN+FB_AL2_CDRW4: P=2.7238 S=2.8567 W=2.8567
  ridge ALONE__FB_AL2_CDR3W4: P=3.1403 S=3.0027 W=3.1403
  ridge FS_TM_ABLINGUA_CDR3+FB_AL2_CDR3W4: P=2.7310 S=2.7753 W=2.7753
  ridge FS_TM_ABLINGUA_GLOBAL+FB_AL2_CDR3W4: P=2.7605 S=2.8279 W=2.8279
  ridge FS_TM_BIOEMU_MPNN+FB_AL2_CDR3W4: P=2.7363 S=2.8690 W=2.8690
  ridge ALONE__FB_AL2_RASA_P1: P=2.8884 S=2.8965 W=2.8965
  ridge FS_TM_ABLINGUA_CDR3+FB_AL2_RASA_P1: P=2.7135 S=2.7923 W=2.7923
  ridge FS_TM_ABLINGUA_GLOBAL+FB_AL2_RASA_P1: P=2.7330 S=2.8393 W=2.8393
  ridge FS_TM_BIOEMU_MPNN+FB_AL2_RASA_P1: P=2.7087 S=2.8841 W=2.8841
  ridge ALONE__FB_AL2_RASA_CDR: P=3.1139 S=3.0091 W=3.1139
  ridge FS_TM_ABLINGUA_CDR3+FB_AL2_RASA_CDR: P=2.7686 S=2.7442 W=2.7686
