Issued EXP-T070
=== EXP-T070 CV ===
/workspace_developability_acquisition/developability_drilldown/models/antibody_transformer/model.py:164: UserWarning: enable_nested_tensor is True, but self.use_nested_tensor is False because encoder_layer.norm_first was True
  self.encoder = nn.TransformerEncoder(enc_layer, num_layers=n_layers)
/workspace_developability_acquisition/developability_drilldown/models/antibody_transformer/model.py:164: UserWarning: enable_nested_tensor is True, but self.use_nested_tensor is False because encoder_layer.norm_first was True
  self.encoder = nn.TransformerEncoder(enc_layer, num_layers=n_layers)
/workspace_developability_acquisition/developability_drilldown/models/antibody_transformer/model.py:164: UserWarning: enable_nested_tensor is True, but self.use_nested_tensor is False because encoder_layer.norm_first was True
  self.encoder = nn.TransformerEncoder(enc_layer, num_layers=n_layers)
/workspace_developability_acquisition/developability_drilldown/models/antibody_transformer/model.py:164: UserWarning: enable_nested_tensor is True, but self.use_nested_tensor is False because encoder_layer.norm_first was True
  self.encoder = nn.TransformerEncoder(enc_layer, num_layers=n_layers)
/workspace_developability_acquisition/developability_drilldown/models/antibody_transformer/model.py:164: UserWarning: enable_nested_tensor is True, but self.use_nested_tensor is False because encoder_layer.norm_first was True
  self.encoder = nn.TransformerEncoder(enc_layer, num_layers=n_layers)
/workspace_developability_acquisition/developability_drilldown/models/antibody_transformer/model.py:164: UserWarning: enable_nested_tensor is True, but self.use_nested_tensor is False because encoder_layer.norm_first was True
  self.encoder = nn.TransformerEncoder(enc_layer, num_layers=n_layers)
/workspace_developability_acquisition/developability_drilldown/models/antibody_transformer/model.py:164: UserWarning: enable_nested_tensor is True, but self.use_nested_tensor is False because encoder_layer.norm_first was True
  self.encoder = nn.TransformerEncoder(enc_layer, num_layers=n_layers)
/workspace_developability_acquisition/developability_drilldown/models/antibody_transformer/model.py:164: UserWarning: enable_nested_tensor is True, but self.use_nested_tensor is False because encoder_layer.norm_first was True
  self.encoder = nn.TransformerEncoder(enc_layer, num_layers=n_layers)
/workspace_developability_acquisition/developability_drilldown/models/antibody_transformer/model.py:164: UserWarning: enable_nested_tensor is True, but self.use_nested_tensor is False because encoder_layer.norm_first was True
  self.encoder = nn.TransformerEncoder(enc_layer, num_layers=n_layers)
/workspace_developability_acquisition/developability_drilldown/models/antibody_transformer/model.py:164: UserWarning: enable_nested_tensor is True, but self.use_nested_tensor is False because encoder_layer.norm_first was True
  self.encoder = nn.TransformerEncoder(enc_layer, num_layers=n_layers)
/workspace_developability_acquisition/developability_drilldown/models/antibody_transformer/model.py:164: UserWarning: enable_nested_tensor is True, but self.use_nested_tensor is False because encoder_layer.norm_first was True
  self.encoder = nn.TransformerEncoder(enc_layer, num_layers=n_layers)
/workspace_developability_acquisition/developability_drilldown/models/antibody_transformer/model.py:164: UserWarning: enable_nested_tensor is True, but self.use_nested_tensor is False because encoder_layer.norm_first was True
  self.encoder = nn.TransformerEncoder(enc_layer, num_layers=n_layers)
/workspace_developability_acquisition/developability_drilldown/models/antibody_transformer/model.py:164: UserWarning: enable_nested_tensor is True, but self.use_nested_tensor is False because encoder_layer.norm_first was True
  self.encoder = nn.TransformerEncoder(enc_layer, num_layers=n_layers)
/workspace_developability_acquisition/developability_drilldown/models/antibody_transformer/model.py:164: UserWarning: enable_nested_tensor is True, but self.use_nested_tensor is False because encoder_layer.norm_first was True
  self.encoder = nn.TransformerEncoder(enc_layer, num_layers=n_layers)
/workspace_developability_acquisition/developability_drilldown/models/antibody_transformer/model.py:164: UserWarning: enable_nested_tensor is True, but self.use_nested_tensor is False because encoder_layer.norm_first was True
  self.encoder = nn.TransformerEncoder(enc_layer, num_layers=n_layers)
/workspace_developability_acquisition/developability_drilldown/models/antibody_transformer/model.py:164: UserWarning: enable_nested_tensor is True, but self.use_nested_tensor is False because encoder_layer.norm_first was True
  self.encoder = nn.TransformerEncoder(enc_layer, num_layers=n_layers)
/workspace_developability_acquisition/developability_drilldown/models/antibody_transformer/model.py:164: UserWarning: enable_nested_tensor is True, but self.use_nested_tensor is False because encoder_layer.norm_first was True
  self.encoder = nn.TransformerEncoder(enc_layer, num_layers=n_layers)
/workspace_developability_acquisition/developability_drilldown/models/antibody_transformer/model.py:164: UserWarning: enable_nested_tensor is True, but self.use_nested_tensor is False because encoder_layer.norm_first was True
  self.encoder = nn.TransformerEncoder(enc_layer, num_layers=n_layers)
/workspace_developability_acquisition/developability_drilldown/models/antibody_transformer/model.py:164: UserWarning: enable_nested_tensor is True, but self.use_nested_tensor is False because encoder_layer.norm_first was True
  self.encoder = nn.TransformerEncoder(enc_layer, num_layers=n_layers)
/workspace_developability_acquisition/developability_drilldown/models/antibody_transformer/model.py:164: UserWarning: enable_nested_tensor is True, but self.use_nested_tensor is False because encoder_layer.norm_first was True
  self.encoder = nn.TransformerEncoder(enc_layer, num_layers=n_layers)
/workspace_developability_acquisition/developability_drilldown/models/antibody_transformer/model.py:164: UserWarning: enable_nested_tensor is True, but self.use_nested_tensor is False because encoder_layer.norm_first was True
  self.encoder = nn.TransformerEncoder(enc_layer, num_layers=n_layers)
/workspace_developability_acquisition/developability_drilldown/models/antibody_transformer/model.py:164: UserWarning: enable_nested_tensor is True, but self.use_nested_tensor is False because encoder_layer.norm_first was True
  self.encoder = nn.TransformerEncoder(enc_layer, num_layers=n_layers)
/workspace_developability_acquisition/developability_drilldown/models/antibody_transformer/model.py:164: UserWarning: enable_nested_tensor is True, but self.use_nested_tensor is False because encoder_layer.norm_first was True
  self.encoder = nn.TransformerEncoder(enc_layer, num_layers=n_layers)
/workspace_developability_acquisition/developability_drilldown/models/antibody_transformer/model.py:164: UserWarning: enable_nested_tensor is True, but self.use_nested_tensor is False because encoder_layer.norm_first was True
  self.encoder = nn.TransformerEncoder(enc_layer, num_layers=n_layers)
/workspace_developability_acquisition/developability_drilldown/models/antibody_transformer/model.py:164: UserWarning: enable_nested_tensor is True, but self.use_nested_tensor is False because encoder_layer.norm_first was True
  self.encoder = nn.TransformerEncoder(enc_layer, num_layers=n_layers)
/workspace_developability_acquisition/developability_drilldown/models/antibody_transformer/model.py:164: UserWarning: enable_nested_tensor is True, but self.use_nested_tensor is False because encoder_layer.norm_first was True
  self.encoder = nn.TransformerEncoder(enc_layer, num_layers=n_layers)
/workspace_developability_acquisition/developability_drilldown/models/antibody_transformer/model.py:164: UserWarning: enable_nested_tensor is True, but self.use_nested_tensor is False because encoder_layer.norm_first was True
  self.encoder = nn.TransformerEncoder(enc_layer, num_layers=n_layers)
/workspace_developability_acquisition/developability_drilldown/models/antibody_transformer/model.py:164: UserWarning: enable_nested_tensor is True, but self.use_nested_tensor is False because encoder_layer.norm_first was True
  self.encoder = nn.TransformerEncoder(enc_layer, num_layers=n_layers)
/workspace_developability_acquisition/developability_drilldown/models/antibody_transformer/model.py:164: UserWarning: enable_nested_tensor is True, but self.use_nested_tensor is False because encoder_layer.norm_first was True
  self.encoder = nn.TransformerEncoder(enc_layer, num_layers=n_layers)
/workspace_developability_acquisition/developability_drilldown/models/antibody_transformer/model.py:164: UserWarning: enable_nested_tensor is True, but self.use_nested_tensor is False because encoder_layer.norm_first was True
  self.encoder = nn.TransformerEncoder(enc_layer, num_layers=n_layers)
/workspace_developability_acquisition/developability_drilldown/models/antibody_transformer/model.py:164: UserWarning: enable_nested_tensor is True, but self.use_nested_tensor is False because encoder_layer.norm_first was True
  self.encoder = nn.TransformerEncoder(enc_layer, num_layers=n_layers)
/workspace_developability_acquisition/developability_drilldown/models/antibody_transformer/model.py:164: UserWarning: enable_nested_tensor is True, but self.use_nested_tensor is False because encoder_layer.norm_first was True
  self.encoder = nn.TransformerEncoder(enc_layer, num_layers=n_layers)
{
  "cv_primary_mae": 3.329090573660141,
  "cv_shadow_mae": 3.186957787093802,
  "cv_mean_mae": 3.258024180376972,
  "cv_worst_mae": 3.329090573660141
}
Wrote /workspace_developability_acquisition/developability_drilldown/results/EXP-T070_CV_FREEZE.yaml verdict=MIXED
/workspace_developability_acquisition/developability_drilldown/models/antibody_transformer/model.py:164: UserWarning: enable_nested_tensor is True, but self.use_nested_tensor is False because encoder_layer.norm_first was True
  self.encoder = nn.TransformerEncoder(enc_layer, num_layers=n_layers)
/workspace_developability_acquisition/developability_drilldown/models/antibody_transformer/model.py:164: UserWarning: enable_nested_tensor is True, but self.use_nested_tensor is False because encoder_layer.norm_first was True
  self.encoder = nn.TransformerEncoder(enc_layer, num_layers=n_layers)
{'public_mae': 3.4405571266456887, 'private_mae': 3.0852749671465083, 'test_overall_mae': 3.2629160468960987}
=== artifacts + registry ===
/workspace_developability_acquisition/developability_drilldown/models/antibody_transformer/model.py:164: UserWarning: enable_nested_tensor is True, but self.use_nested_tensor is False because encoder_layer.norm_first was True
  self.encoder = nn.TransformerEncoder(enc_layer, num_layers=n_layers)
Wrote /workspace_developability_acquisition/developability_drilldown/results/EXP-T070_JOINT_DUAL_REG_REPORT.md
DONE EXP-T070
