device NVIDIA GeForce RTX 3090
==== TRAIN EXP-T080 (AbLingua ARCH-1 separate dual REG MEAN) ====
/workspace_developability_acquisition/developability_drilldown/models/antibody_transformer/model.py:195: UserWarning: enable_nested_tensor is True, but self.use_nested_tensor is False because encoder_layer.norm_first was True
  self.encoder = nn.TransformerEncoder(enc_layer, num_layers=n_layers)
=== EXP-T080 primary fold=0 lr0=1e-05 ===
=== EXP-T080 primary fold=0 lr0=1e-04 ===
/workspace_developability_acquisition/developability_drilldown/models/antibody_transformer/model.py:195: UserWarning: enable_nested_tensor is True, but self.use_nested_tensor is False because encoder_layer.norm_first was True
  self.encoder = nn.TransformerEncoder(enc_layer, num_layers=n_layers)
=== EXP-T080 primary fold=0 lr0=1e-03 ===
=== EXP-T080 primary fold=0 lr0=1e-02 ===
/workspace_developability_acquisition/developability_drilldown/models/antibody_transformer/model.py:195: UserWarning: enable_nested_tensor is True, but self.use_nested_tensor is False because encoder_layer.norm_first was True
  self.encoder = nn.TransformerEncoder(enc_layer, num_layers=n_layers)
=== EXP-T080 primary fold=1 lr0=1e-05 ===
=== EXP-T080 primary fold=1 lr0=1e-04 ===
=== EXP-T080 primary fold=1 lr0=1e-03 ===
=== EXP-T080 primary fold=1 lr0=1e-02 ===
/workspace_developability_acquisition/developability_drilldown/models/antibody_transformer/model.py:195: UserWarning: enable_nested_tensor is True, but self.use_nested_tensor is False because encoder_layer.norm_first was True
  self.encoder = nn.TransformerEncoder(enc_layer, num_layers=n_layers)
=== EXP-T080 primary fold=2 lr0=1e-05 ===
=== EXP-T080 primary fold=2 lr0=1e-04 ===
=== EXP-T080 primary fold=2 lr0=1e-03 ===
=== EXP-T080 primary fold=2 lr0=1e-02 ===
/workspace_developability_acquisition/developability_drilldown/models/antibody_transformer/model.py:195: UserWarning: enable_nested_tensor is True, but self.use_nested_tensor is False because encoder_layer.norm_first was True
  self.encoder = nn.TransformerEncoder(enc_layer, num_layers=n_layers)
=== EXP-T080 primary fold=3 lr0=1e-05 ===
=== EXP-T080 primary fold=3 lr0=1e-04 ===
=== EXP-T080 primary fold=3 lr0=1e-03 ===
=== EXP-T080 primary fold=3 lr0=1e-02 ===
/workspace_developability_acquisition/developability_drilldown/models/antibody_transformer/model.py:195: UserWarning: enable_nested_tensor is True, but self.use_nested_tensor is False because encoder_layer.norm_first was True
  self.encoder = nn.TransformerEncoder(enc_layer, num_layers=n_layers)
=== EXP-T080 primary fold=4 lr0=1e-05 ===
=== EXP-T080 primary fold=4 lr0=1e-04 ===
=== EXP-T080 primary fold=4 lr0=1e-03 ===
=== EXP-T080 primary fold=4 lr0=1e-02 ===
/workspace_developability_acquisition/developability_drilldown/models/antibody_transformer/model.py:195: UserWarning: enable_nested_tensor is True, but self.use_nested_tensor is False because encoder_layer.norm_first was True
  self.encoder = nn.TransformerEncoder(enc_layer, num_layers=n_layers)
=== EXP-T080 shadow fold=0 lr0=1e-05 ===
=== EXP-T080 shadow fold=0 lr0=1e-04 ===
=== EXP-T080 shadow fold=0 lr0=1e-03 ===
=== EXP-T080 shadow fold=0 lr0=1e-02 ===
/workspace_developability_acquisition/developability_drilldown/models/antibody_transformer/model.py:195: UserWarning: enable_nested_tensor is True, but self.use_nested_tensor is False because encoder_layer.norm_first was True
  self.encoder = nn.TransformerEncoder(enc_layer, num_layers=n_layers)
=== EXP-T080 shadow fold=1 lr0=1e-05 ===
=== EXP-T080 shadow fold=1 lr0=1e-04 ===
=== EXP-T080 shadow fold=1 lr0=1e-03 ===
=== EXP-T080 shadow fold=1 lr0=1e-02 ===
/workspace_developability_acquisition/developability_drilldown/models/antibody_transformer/model.py:195: UserWarning: enable_nested_tensor is True, but self.use_nested_tensor is False because encoder_layer.norm_first was True
  self.encoder = nn.TransformerEncoder(enc_layer, num_layers=n_layers)
=== EXP-T080 shadow fold=2 lr0=1e-05 ===
=== EXP-T080 shadow fold=2 lr0=1e-04 ===
=== EXP-T080 shadow fold=2 lr0=1e-03 ===
=== EXP-T080 shadow fold=2 lr0=1e-02 ===
/workspace_developability_acquisition/developability_drilldown/models/antibody_transformer/model.py:195: UserWarning: enable_nested_tensor is True, but self.use_nested_tensor is False because encoder_layer.norm_first was True
  self.encoder = nn.TransformerEncoder(enc_layer, num_layers=n_layers)
=== EXP-T080 shadow fold=3 lr0=1e-05 ===
=== EXP-T080 shadow fold=3 lr0=1e-04 ===
=== EXP-T080 shadow fold=3 lr0=1e-03 ===
=== EXP-T080 shadow fold=3 lr0=1e-02 ===
/workspace_developability_acquisition/developability_drilldown/models/antibody_transformer/model.py:195: UserWarning: enable_nested_tensor is True, but self.use_nested_tensor is False because encoder_layer.norm_first was True
  self.encoder = nn.TransformerEncoder(enc_layer, num_layers=n_layers)
=== EXP-T080 shadow fold=4 lr0=1e-05 ===
=== EXP-T080 shadow fold=4 lr0=1e-04 ===
=== EXP-T080 shadow fold=4 lr0=1e-03 ===
=== EXP-T080 shadow fold=4 lr0=1e-02 ===
/workspace_developability_acquisition/developability_drilldown/models/antibody_transformer/model.py:195: UserWarning: enable_nested_tensor is True, but self.use_nested_tensor is False because encoder_layer.norm_first was True
  self.encoder = nn.TransformerEncoder(enc_layer, num_layers=n_layers)
{
  "code": "EXP-T080",
  "oof_val": {
    "primary": 3.0160808798707563,
    "shadow": 3.035996566584081,
    "mean": 3.0260387232274186,
    "worst": 3.035996566584081
  }
}
DONE EXP-T080
==== TRAIN EXP-T081 (AbLingua ARCH-3 joint unrestricted dual REG MEAN) ====
/workspace_developability_acquisition/developability_drilldown/models/antibody_transformer/model.py:195: UserWarning: enable_nested_tensor is True, but self.use_nested_tensor is False because encoder_layer.norm_first was True
  self.encoder = nn.TransformerEncoder(enc_layer, num_layers=n_layers)
=== EXP-T081 primary fold=0 lr0=1e-05 ===
=== EXP-T081 primary fold=0 lr0=1e-04 ===
=== EXP-T081 primary fold=0 lr0=1e-03 ===
=== EXP-T081 primary fold=0 lr0=1e-02 ===
/workspace_developability_acquisition/developability_drilldown/models/antibody_transformer/model.py:195: UserWarning: enable_nested_tensor is True, but self.use_nested_tensor is False because encoder_layer.norm_first was True
  self.encoder = nn.TransformerEncoder(enc_layer, num_layers=n_layers)
=== EXP-T081 primary fold=1 lr0=1e-05 ===
=== EXP-T081 primary fold=1 lr0=1e-04 ===
=== EXP-T081 primary fold=1 lr0=1e-03 ===
=== EXP-T081 primary fold=1 lr0=1e-02 ===
/workspace_developability_acquisition/developability_drilldown/models/antibody_transformer/model.py:195: UserWarning: enable_nested_tensor is True, but self.use_nested_tensor is False because encoder_layer.norm_first was True
  self.encoder = nn.TransformerEncoder(enc_layer, num_layers=n_layers)
=== EXP-T081 primary fold=2 lr0=1e-05 ===
=== EXP-T081 primary fold=2 lr0=1e-04 ===
=== EXP-T081 primary fold=2 lr0=1e-03 ===
=== EXP-T081 primary fold=2 lr0=1e-02 ===
/workspace_developability_acquisition/developability_drilldown/models/antibody_transformer/model.py:195: UserWarning: enable_nested_tensor is True, but self.use_nested_tensor is False because encoder_layer.norm_first was True
  self.encoder = nn.TransformerEncoder(enc_layer, num_layers=n_layers)
=== EXP-T081 primary fold=3 lr0=1e-05 ===
=== EXP-T081 primary fold=3 lr0=1e-04 ===
=== EXP-T081 primary fold=3 lr0=1e-03 ===
=== EXP-T081 primary fold=3 lr0=1e-02 ===
/workspace_developability_acquisition/developability_drilldown/models/antibody_transformer/model.py:195: UserWarning: enable_nested_tensor is True, but self.use_nested_tensor is False because encoder_layer.norm_first was True
  self.encoder = nn.TransformerEncoder(enc_layer, num_layers=n_layers)
=== EXP-T081 primary fold=4 lr0=1e-05 ===
=== EXP-T081 primary fold=4 lr0=1e-04 ===
=== EXP-T081 primary fold=4 lr0=1e-03 ===
=== EXP-T081 primary fold=4 lr0=1e-02 ===
/workspace_developability_acquisition/developability_drilldown/models/antibody_transformer/model.py:195: UserWarning: enable_nested_tensor is True, but self.use_nested_tensor is False because encoder_layer.norm_first was True
  self.encoder = nn.TransformerEncoder(enc_layer, num_layers=n_layers)
=== EXP-T081 shadow fold=0 lr0=1e-05 ===
=== EXP-T081 shadow fold=0 lr0=1e-04 ===
=== EXP-T081 shadow fold=0 lr0=1e-03 ===
=== EXP-T081 shadow fold=0 lr0=1e-02 ===
/workspace_developability_acquisition/developability_drilldown/models/antibody_transformer/model.py:195: UserWarning: enable_nested_tensor is True, but self.use_nested_tensor is False because encoder_layer.norm_first was True
  self.encoder = nn.TransformerEncoder(enc_layer, num_layers=n_layers)
=== EXP-T081 shadow fold=1 lr0=1e-05 ===
=== EXP-T081 shadow fold=1 lr0=1e-04 ===
=== EXP-T081 shadow fold=1 lr0=1e-03 ===
=== EXP-T081 shadow fold=1 lr0=1e-02 ===
/workspace_developability_acquisition/developability_drilldown/models/antibody_transformer/model.py:195: UserWarning: enable_nested_tensor is True, but self.use_nested_tensor is False because encoder_layer.norm_first was True
  self.encoder = nn.TransformerEncoder(enc_layer, num_layers=n_layers)
=== EXP-T081 shadow fold=2 lr0=1e-05 ===
=== EXP-T081 shadow fold=2 lr0=1e-04 ===
=== EXP-T081 shadow fold=2 lr0=1e-03 ===
=== EXP-T081 shadow fold=2 lr0=1e-02 ===
/workspace_developability_acquisition/developability_drilldown/models/antibody_transformer/model.py:195: UserWarning: enable_nested_tensor is True, but self.use_nested_tensor is False because encoder_layer.norm_first was True
  self.encoder = nn.TransformerEncoder(enc_layer, num_layers=n_layers)
=== EXP-T081 shadow fold=3 lr0=1e-05 ===
=== EXP-T081 shadow fold=3 lr0=1e-04 ===
=== EXP-T081 shadow fold=3 lr0=1e-03 ===
=== EXP-T081 shadow fold=3 lr0=1e-02 ===
/workspace_developability_acquisition/developability_drilldown/models/antibody_transformer/model.py:195: UserWarning: enable_nested_tensor is True, but self.use_nested_tensor is False because encoder_layer.norm_first was True
  self.encoder = nn.TransformerEncoder(enc_layer, num_layers=n_layers)
=== EXP-T081 shadow fold=4 lr0=1e-05 ===
=== EXP-T081 shadow fold=4 lr0=1e-04 ===
=== EXP-T081 shadow fold=4 lr0=1e-03 ===
=== EXP-T081 shadow fold=4 lr0=1e-02 ===
/workspace_developability_acquisition/developability_drilldown/models/antibody_transformer/model.py:195: UserWarning: enable_nested_tensor is True, but self.use_nested_tensor is False because encoder_layer.norm_first was True
  self.encoder = nn.TransformerEncoder(enc_layer, num_layers=n_layers)
{
  "code": "EXP-T081",
  "oof_val": {
    "primary": 2.9896052325213396,
    "shadow": 2.9604737552595726,
    "mean": 2.9750394938904563,
    "worst": 2.9896052325213396
  }
}
DONE EXP-T081
==== TRAIN EXP-T082 (AbLingua ARCH-4 joint chain-specific dual REG MEAN) ====
/workspace_developability_acquisition/developability_drilldown/models/antibody_transformer/model.py:195: UserWarning: enable_nested_tensor is True, but self.use_nested_tensor is False because encoder_layer.norm_first was True
  self.encoder = nn.TransformerEncoder(enc_layer, num_layers=n_layers)
=== EXP-T082 primary fold=0 lr0=1e-05 ===
=== EXP-T082 primary fold=0 lr0=1e-04 ===
=== EXP-T082 primary fold=0 lr0=1e-03 ===
=== EXP-T082 primary fold=0 lr0=1e-02 ===
/workspace_developability_acquisition/developability_drilldown/models/antibody_transformer/model.py:195: UserWarning: enable_nested_tensor is True, but self.use_nested_tensor is False because encoder_layer.norm_first was True
  self.encoder = nn.TransformerEncoder(enc_layer, num_layers=n_layers)
=== EXP-T082 primary fold=1 lr0=1e-05 ===
=== EXP-T082 primary fold=1 lr0=1e-04 ===
=== EXP-T082 primary fold=1 lr0=1e-03 ===
=== EXP-T082 primary fold=1 lr0=1e-02 ===
/workspace_developability_acquisition/developability_drilldown/models/antibody_transformer/model.py:195: UserWarning: enable_nested_tensor is True, but self.use_nested_tensor is False because encoder_layer.norm_first was True
  self.encoder = nn.TransformerEncoder(enc_layer, num_layers=n_layers)
=== EXP-T082 primary fold=2 lr0=1e-05 ===
=== EXP-T082 primary fold=2 lr0=1e-04 ===
=== EXP-T082 primary fold=2 lr0=1e-03 ===
=== EXP-T082 primary fold=2 lr0=1e-02 ===
/workspace_developability_acquisition/developability_drilldown/models/antibody_transformer/model.py:195: UserWarning: enable_nested_tensor is True, but self.use_nested_tensor is False because encoder_layer.norm_first was True
  self.encoder = nn.TransformerEncoder(enc_layer, num_layers=n_layers)
=== EXP-T082 primary fold=3 lr0=1e-05 ===
=== EXP-T082 primary fold=3 lr0=1e-04 ===
=== EXP-T082 primary fold=3 lr0=1e-03 ===
=== EXP-T082 primary fold=3 lr0=1e-02 ===
/workspace_developability_acquisition/developability_drilldown/models/antibody_transformer/model.py:195: UserWarning: enable_nested_tensor is True, but self.use_nested_tensor is False because encoder_layer.norm_first was True
  self.encoder = nn.TransformerEncoder(enc_layer, num_layers=n_layers)
=== EXP-T082 primary fold=4 lr0=1e-05 ===
=== EXP-T082 primary fold=4 lr0=1e-04 ===
=== EXP-T082 primary fold=4 lr0=1e-03 ===
=== EXP-T082 primary fold=4 lr0=1e-02 ===
/workspace_developability_acquisition/developability_drilldown/models/antibody_transformer/model.py:195: UserWarning: enable_nested_tensor is True, but self.use_nested_tensor is False because encoder_layer.norm_first was True
  self.encoder = nn.TransformerEncoder(enc_layer, num_layers=n_layers)
=== EXP-T082 shadow fold=0 lr0=1e-05 ===
=== EXP-T082 shadow fold=0 lr0=1e-04 ===
=== EXP-T082 shadow fold=0 lr0=1e-03 ===
=== EXP-T082 shadow fold=0 lr0=1e-02 ===
/workspace_developability_acquisition/developability_drilldown/models/antibody_transformer/model.py:195: UserWarning: enable_nested_tensor is True, but self.use_nested_tensor is False because encoder_layer.norm_first was True
  self.encoder = nn.TransformerEncoder(enc_layer, num_layers=n_layers)
=== EXP-T082 shadow fold=1 lr0=1e-05 ===
=== EXP-T082 shadow fold=1 lr0=1e-04 ===
=== EXP-T082 shadow fold=1 lr0=1e-03 ===
=== EXP-T082 shadow fold=1 lr0=1e-02 ===
/workspace_developability_acquisition/developability_drilldown/models/antibody_transformer/model.py:195: UserWarning: enable_nested_tensor is True, but self.use_nested_tensor is False because encoder_layer.norm_first was True
  self.encoder = nn.TransformerEncoder(enc_layer, num_layers=n_layers)
=== EXP-T082 shadow fold=2 lr0=1e-05 ===
=== EXP-T082 shadow fold=2 lr0=1e-04 ===
=== EXP-T082 shadow fold=2 lr0=1e-03 ===
=== EXP-T082 shadow fold=2 lr0=1e-02 ===
/workspace_developability_acquisition/developability_drilldown/models/antibody_transformer/model.py:195: UserWarning: enable_nested_tensor is True, but self.use_nested_tensor is False because encoder_layer.norm_first was True
  self.encoder = nn.TransformerEncoder(enc_layer, num_layers=n_layers)
=== EXP-T082 shadow fold=3 lr0=1e-05 ===
=== EXP-T082 shadow fold=3 lr0=1e-04 ===
=== EXP-T082 shadow fold=3 lr0=1e-03 ===
=== EXP-T082 shadow fold=3 lr0=1e-02 ===
/workspace_developability_acquisition/developability_drilldown/models/antibody_transformer/model.py:195: UserWarning: enable_nested_tensor is True, but self.use_nested_tensor is False because encoder_layer.norm_first was True
  self.encoder = nn.TransformerEncoder(enc_layer, num_layers=n_layers)
=== EXP-T082 shadow fold=4 lr0=1e-05 ===
=== EXP-T082 shadow fold=4 lr0=1e-04 ===
=== EXP-T082 shadow fold=4 lr0=1e-03 ===
=== EXP-T082 shadow fold=4 lr0=1e-02 ===
/workspace_developability_acquisition/developability_drilldown/models/antibody_transformer/model.py:195: UserWarning: enable_nested_tensor is True, but self.use_nested_tensor is False because encoder_layer.norm_first was True
  self.encoder = nn.TransformerEncoder(enc_layer, num_layers=n_layers)
{
  "code": "EXP-T082",
  "oof_val": {
    "primary": 3.0210310382607544,
    "shadow": 3.0081045127209323,
    "mean": 3.0145677754908435,
    "worst": 3.0210310382607544
  }
}
DONE EXP-T082
==== TRAIN EXP-T083 (AbLingua ARCH-5 gated cross-attn MEAN) ====
/workspace_developability_acquisition/developability_drilldown/models/antibody_transformer/model.py:195: UserWarning: enable_nested_tensor is True, but self.use_nested_tensor is False because encoder_layer.norm_first was True
  self.encoder = nn.TransformerEncoder(enc_layer, num_layers=n_layers)
=== EXP-T083 primary fold=0 lr0=1e-05 ===
=== EXP-T083 primary fold=0 lr0=1e-04 ===
=== EXP-T083 primary fold=0 lr0=1e-03 ===
=== EXP-T083 primary fold=0 lr0=1e-02 ===
/workspace_developability_acquisition/developability_drilldown/models/antibody_transformer/model.py:195: UserWarning: enable_nested_tensor is True, but self.use_nested_tensor is False because encoder_layer.norm_first was True
  self.encoder = nn.TransformerEncoder(enc_layer, num_layers=n_layers)
=== EXP-T083 primary fold=1 lr0=1e-05 ===
=== EXP-T083 primary fold=1 lr0=1e-04 ===
=== EXP-T083 primary fold=1 lr0=1e-03 ===
=== EXP-T083 primary fold=1 lr0=1e-02 ===
/workspace_developability_acquisition/developability_drilldown/models/antibody_transformer/model.py:195: UserWarning: enable_nested_tensor is True, but self.use_nested_tensor is False because encoder_layer.norm_first was True
  self.encoder = nn.TransformerEncoder(enc_layer, num_layers=n_layers)
=== EXP-T083 primary fold=2 lr0=1e-05 ===
=== EXP-T083 primary fold=2 lr0=1e-04 ===
=== EXP-T083 primary fold=2 lr0=1e-03 ===
=== EXP-T083 primary fold=2 lr0=1e-02 ===
/workspace_developability_acquisition/developability_drilldown/models/antibody_transformer/model.py:195: UserWarning: enable_nested_tensor is True, but self.use_nested_tensor is False because encoder_layer.norm_first was True
  self.encoder = nn.TransformerEncoder(enc_layer, num_layers=n_layers)
=== EXP-T083 primary fold=3 lr0=1e-05 ===
=== EXP-T083 primary fold=3 lr0=1e-04 ===
=== EXP-T083 primary fold=3 lr0=1e-03 ===
=== EXP-T083 primary fold=3 lr0=1e-02 ===
/workspace_developability_acquisition/developability_drilldown/models/antibody_transformer/model.py:195: UserWarning: enable_nested_tensor is True, but self.use_nested_tensor is False because encoder_layer.norm_first was True
  self.encoder = nn.TransformerEncoder(enc_layer, num_layers=n_layers)
=== EXP-T083 primary fold=4 lr0=1e-05 ===
=== EXP-T083 primary fold=4 lr0=1e-04 ===
=== EXP-T083 primary fold=4 lr0=1e-03 ===
=== EXP-T083 primary fold=4 lr0=1e-02 ===
/workspace_developability_acquisition/developability_drilldown/models/antibody_transformer/model.py:195: UserWarning: enable_nested_tensor is True, but self.use_nested_tensor is False because encoder_layer.norm_first was True
  self.encoder = nn.TransformerEncoder(enc_layer, num_layers=n_layers)
=== EXP-T083 shadow fold=0 lr0=1e-05 ===
=== EXP-T083 shadow fold=0 lr0=1e-04 ===
=== EXP-T083 shadow fold=0 lr0=1e-03 ===
=== EXP-T083 shadow fold=0 lr0=1e-02 ===
/workspace_developability_acquisition/developability_drilldown/models/antibody_transformer/model.py:195: UserWarning: enable_nested_tensor is True, but self.use_nested_tensor is False because encoder_layer.norm_first was True
  self.encoder = nn.TransformerEncoder(enc_layer, num_layers=n_layers)
=== EXP-T083 shadow fold=1 lr0=1e-05 ===
=== EXP-T083 shadow fold=1 lr0=1e-04 ===
=== EXP-T083 shadow fold=1 lr0=1e-03 ===
=== EXP-T083 shadow fold=1 lr0=1e-02 ===
/workspace_developability_acquisition/developability_drilldown/models/antibody_transformer/model.py:195: UserWarning: enable_nested_tensor is True, but self.use_nested_tensor is False because encoder_layer.norm_first was True
  self.encoder = nn.TransformerEncoder(enc_layer, num_layers=n_layers)
=== EXP-T083 shadow fold=2 lr0=1e-05 ===
=== EXP-T083 shadow fold=2 lr0=1e-04 ===
=== EXP-T083 shadow fold=2 lr0=1e-03 ===
=== EXP-T083 shadow fold=2 lr0=1e-02 ===
/workspace_developability_acquisition/developability_drilldown/models/antibody_transformer/model.py:195: UserWarning: enable_nested_tensor is True, but self.use_nested_tensor is False because encoder_layer.norm_first was True
  self.encoder = nn.TransformerEncoder(enc_layer, num_layers=n_layers)
=== EXP-T083 shadow fold=3 lr0=1e-05 ===
=== EXP-T083 shadow fold=3 lr0=1e-04 ===
=== EXP-T083 shadow fold=3 lr0=1e-03 ===
=== EXP-T083 shadow fold=3 lr0=1e-02 ===
/workspace_developability_acquisition/developability_drilldown/models/antibody_transformer/model.py:195: UserWarning: enable_nested_tensor is True, but self.use_nested_tensor is False because encoder_layer.norm_first was True
  self.encoder = nn.TransformerEncoder(enc_layer, num_layers=n_layers)
=== EXP-T083 shadow fold=4 lr0=1e-05 ===
=== EXP-T083 shadow fold=4 lr0=1e-04 ===
=== EXP-T083 shadow fold=4 lr0=1e-03 ===
=== EXP-T083 shadow fold=4 lr0=1e-02 ===
/workspace_developability_acquisition/developability_drilldown/models/antibody_transformer/model.py:195: UserWarning: enable_nested_tensor is True, but self.use_nested_tensor is False because encoder_layer.norm_first was True
  self.encoder = nn.TransformerEncoder(enc_layer, num_layers=n_layers)
{
  "code": "EXP-T083",
  "oof_val": {
    "primary": 3.023215658870744,
    "shadow": 3.06092259913315,
    "mean": 3.042069129001947,
    "worst": 3.06092259913315
  }
}
DONE EXP-T083
==== TRAIN EXP-T084 (AbLingua ARCH-6 ungated cross-attn CONCAT) ====
/workspace_developability_acquisition/developability_drilldown/models/antibody_transformer/model.py:195: UserWarning: enable_nested_tensor is True, but self.use_nested_tensor is False because encoder_layer.norm_first was True
  self.encoder = nn.TransformerEncoder(enc_layer, num_layers=n_layers)
=== EXP-T084 primary fold=0 lr0=1e-05 ===
=== EXP-T084 primary fold=0 lr0=1e-04 ===
=== EXP-T084 primary fold=0 lr0=1e-03 ===
=== EXP-T084 primary fold=0 lr0=1e-02 ===
/workspace_developability_acquisition/developability_drilldown/models/antibody_transformer/model.py:195: UserWarning: enable_nested_tensor is True, but self.use_nested_tensor is False because encoder_layer.norm_first was True
  self.encoder = nn.TransformerEncoder(enc_layer, num_layers=n_layers)
=== EXP-T084 primary fold=1 lr0=1e-05 ===
=== EXP-T084 primary fold=1 lr0=1e-04 ===
=== EXP-T084 primary fold=1 lr0=1e-03 ===
=== EXP-T084 primary fold=1 lr0=1e-02 ===
/workspace_developability_acquisition/developability_drilldown/models/antibody_transformer/model.py:195: UserWarning: enable_nested_tensor is True, but self.use_nested_tensor is False because encoder_layer.norm_first was True
  self.encoder = nn.TransformerEncoder(enc_layer, num_layers=n_layers)
=== EXP-T084 primary fold=2 lr0=1e-05 ===
=== EXP-T084 primary fold=2 lr0=1e-04 ===
=== EXP-T084 primary fold=2 lr0=1e-03 ===
=== EXP-T084 primary fold=2 lr0=1e-02 ===
/workspace_developability_acquisition/developability_drilldown/models/antibody_transformer/model.py:195: UserWarning: enable_nested_tensor is True, but self.use_nested_tensor is False because encoder_layer.norm_first was True
  self.encoder = nn.TransformerEncoder(enc_layer, num_layers=n_layers)
=== EXP-T084 primary fold=3 lr0=1e-05 ===
=== EXP-T084 primary fold=3 lr0=1e-04 ===
=== EXP-T084 primary fold=3 lr0=1e-03 ===
=== EXP-T084 primary fold=3 lr0=1e-02 ===
/workspace_developability_acquisition/developability_drilldown/models/antibody_transformer/model.py:195: UserWarning: enable_nested_tensor is True, but self.use_nested_tensor is False because encoder_layer.norm_first was True
  self.encoder = nn.TransformerEncoder(enc_layer, num_layers=n_layers)
=== EXP-T084 primary fold=4 lr0=1e-05 ===
=== EXP-T084 primary fold=4 lr0=1e-04 ===
=== EXP-T084 primary fold=4 lr0=1e-03 ===
=== EXP-T084 primary fold=4 lr0=1e-02 ===
/workspace_developability_acquisition/developability_drilldown/models/antibody_transformer/model.py:195: UserWarning: enable_nested_tensor is True, but self.use_nested_tensor is False because encoder_layer.norm_first was True
  self.encoder = nn.TransformerEncoder(enc_layer, num_layers=n_layers)
=== EXP-T084 shadow fold=0 lr0=1e-05 ===
=== EXP-T084 shadow fold=0 lr0=1e-04 ===
=== EXP-T084 shadow fold=0 lr0=1e-03 ===
=== EXP-T084 shadow fold=0 lr0=1e-02 ===
/workspace_developability_acquisition/developability_drilldown/models/antibody_transformer/model.py:195: UserWarning: enable_nested_tensor is True, but self.use_nested_tensor is False because encoder_layer.norm_first was True
  self.encoder = nn.TransformerEncoder(enc_layer, num_layers=n_layers)
=== EXP-T084 shadow fold=1 lr0=1e-05 ===
=== EXP-T084 shadow fold=1 lr0=1e-04 ===
=== EXP-T084 shadow fold=1 lr0=1e-03 ===
=== EXP-T084 shadow fold=1 lr0=1e-02 ===
/workspace_developability_acquisition/developability_drilldown/models/antibody_transformer/model.py:195: UserWarning: enable_nested_tensor is True, but self.use_nested_tensor is False because encoder_layer.norm_first was True
  self.encoder = nn.TransformerEncoder(enc_layer, num_layers=n_layers)
=== EXP-T084 shadow fold=2 lr0=1e-05 ===
=== EXP-T084 shadow fold=2 lr0=1e-04 ===
=== EXP-T084 shadow fold=2 lr0=1e-03 ===
=== EXP-T084 shadow fold=2 lr0=1e-02 ===
/workspace_developability_acquisition/developability_drilldown/models/antibody_transformer/model.py:195: UserWarning: enable_nested_tensor is True, but self.use_nested_tensor is False because encoder_layer.norm_first was True
  self.encoder = nn.TransformerEncoder(enc_layer, num_layers=n_layers)
=== EXP-T084 shadow fold=3 lr0=1e-05 ===
=== EXP-T084 shadow fold=3 lr0=1e-04 ===
=== EXP-T084 shadow fold=3 lr0=1e-03 ===
=== EXP-T084 shadow fold=3 lr0=1e-02 ===
/workspace_developability_acquisition/developability_drilldown/models/antibody_transformer/model.py:195: UserWarning: enable_nested_tensor is True, but self.use_nested_tensor is False because encoder_layer.norm_first was True
  self.encoder = nn.TransformerEncoder(enc_layer, num_layers=n_layers)
=== EXP-T084 shadow fold=4 lr0=1e-05 ===
=== EXP-T084 shadow fold=4 lr0=1e-04 ===
=== EXP-T084 shadow fold=4 lr0=1e-03 ===
=== EXP-T084 shadow fold=4 lr0=1e-02 ===
/workspace_developability_acquisition/developability_drilldown/models/antibody_transformer/model.py:195: UserWarning: enable_nested_tensor is True, but self.use_nested_tensor is False because encoder_layer.norm_first was True
  self.encoder = nn.TransformerEncoder(enc_layer, num_layers=n_layers)
{
  "code": "EXP-T084",
  "oof_val": {
    "primary": 2.9768850302990573,
    "shadow": 3.078463990011333,
    "mean": 3.027674510155195,
    "worst": 3.078463990011333
  }
}
DONE EXP-T084
==== TRAIN EXP-T085 (AbLingua ARCH-6 ungated cross-attn MEAN) ====
/workspace_developability_acquisition/developability_drilldown/models/antibody_transformer/model.py:195: UserWarning: enable_nested_tensor is True, but self.use_nested_tensor is False because encoder_layer.norm_first was True
  self.encoder = nn.TransformerEncoder(enc_layer, num_layers=n_layers)
=== EXP-T085 primary fold=0 lr0=1e-05 ===
=== EXP-T085 primary fold=0 lr0=1e-04 ===
=== EXP-T085 primary fold=0 lr0=1e-03 ===
=== EXP-T085 primary fold=0 lr0=1e-02 ===
/workspace_developability_acquisition/developability_drilldown/models/antibody_transformer/model.py:195: UserWarning: enable_nested_tensor is True, but self.use_nested_tensor is False because encoder_layer.norm_first was True
  self.encoder = nn.TransformerEncoder(enc_layer, num_layers=n_layers)
=== EXP-T085 primary fold=1 lr0=1e-05 ===
=== EXP-T085 primary fold=1 lr0=1e-04 ===
=== EXP-T085 primary fold=1 lr0=1e-03 ===
=== EXP-T085 primary fold=1 lr0=1e-02 ===
/workspace_developability_acquisition/developability_drilldown/models/antibody_transformer/model.py:195: UserWarning: enable_nested_tensor is True, but self.use_nested_tensor is False because encoder_layer.norm_first was True
  self.encoder = nn.TransformerEncoder(enc_layer, num_layers=n_layers)
=== EXP-T085 primary fold=2 lr0=1e-05 ===
=== EXP-T085 primary fold=2 lr0=1e-04 ===
=== EXP-T085 primary fold=2 lr0=1e-03 ===
=== EXP-T085 primary fold=2 lr0=1e-02 ===
/workspace_developability_acquisition/developability_drilldown/models/antibody_transformer/model.py:195: UserWarning: enable_nested_tensor is True, but self.use_nested_tensor is False because encoder_layer.norm_first was True
  self.encoder = nn.TransformerEncoder(enc_layer, num_layers=n_layers)
=== EXP-T085 primary fold=3 lr0=1e-05 ===
=== EXP-T085 primary fold=3 lr0=1e-04 ===
=== EXP-T085 primary fold=3 lr0=1e-03 ===
=== EXP-T085 primary fold=3 lr0=1e-02 ===
/workspace_developability_acquisition/developability_drilldown/models/antibody_transformer/model.py:195: UserWarning: enable_nested_tensor is True, but self.use_nested_tensor is False because encoder_layer.norm_first was True
  self.encoder = nn.TransformerEncoder(enc_layer, num_layers=n_layers)
=== EXP-T085 primary fold=4 lr0=1e-05 ===
=== EXP-T085 primary fold=4 lr0=1e-04 ===
=== EXP-T085 primary fold=4 lr0=1e-03 ===
=== EXP-T085 primary fold=4 lr0=1e-02 ===
/workspace_developability_acquisition/developability_drilldown/models/antibody_transformer/model.py:195: UserWarning: enable_nested_tensor is True, but self.use_nested_tensor is False because encoder_layer.norm_first was True
  self.encoder = nn.TransformerEncoder(enc_layer, num_layers=n_layers)
=== EXP-T085 shadow fold=0 lr0=1e-05 ===
=== EXP-T085 shadow fold=0 lr0=1e-04 ===
=== EXP-T085 shadow fold=0 lr0=1e-03 ===
=== EXP-T085 shadow fold=0 lr0=1e-02 ===
/workspace_developability_acquisition/developability_drilldown/models/antibody_transformer/model.py:195: UserWarning: enable_nested_tensor is True, but self.use_nested_tensor is False because encoder_layer.norm_first was True
  self.encoder = nn.TransformerEncoder(enc_layer, num_layers=n_layers)
=== EXP-T085 shadow fold=1 lr0=1e-05 ===
=== EXP-T085 shadow fold=1 lr0=1e-04 ===
=== EXP-T085 shadow fold=1 lr0=1e-03 ===
=== EXP-T085 shadow fold=1 lr0=1e-02 ===
/workspace_developability_acquisition/developability_drilldown/models/antibody_transformer/model.py:195: UserWarning: enable_nested_tensor is True, but self.use_nested_tensor is False because encoder_layer.norm_first was True
  self.encoder = nn.TransformerEncoder(enc_layer, num_layers=n_layers)
=== EXP-T085 shadow fold=2 lr0=1e-05 ===
=== EXP-T085 shadow fold=2 lr0=1e-04 ===
=== EXP-T085 shadow fold=2 lr0=1e-03 ===
=== EXP-T085 shadow fold=2 lr0=1e-02 ===
/workspace_developability_acquisition/developability_drilldown/models/antibody_transformer/model.py:195: UserWarning: enable_nested_tensor is True, but self.use_nested_tensor is False because encoder_layer.norm_first was True
  self.encoder = nn.TransformerEncoder(enc_layer, num_layers=n_layers)
=== EXP-T085 shadow fold=3 lr0=1e-05 ===
=== EXP-T085 shadow fold=3 lr0=1e-04 ===
=== EXP-T085 shadow fold=3 lr0=1e-03 ===
=== EXP-T085 shadow fold=3 lr0=1e-02 ===
/workspace_developability_acquisition/developability_drilldown/models/antibody_transformer/model.py:195: UserWarning: enable_nested_tensor is True, but self.use_nested_tensor is False because encoder_layer.norm_first was True
  self.encoder = nn.TransformerEncoder(enc_layer, num_layers=n_layers)
=== EXP-T085 shadow fold=4 lr0=1e-05 ===
=== EXP-T085 shadow fold=4 lr0=1e-04 ===
=== EXP-T085 shadow fold=4 lr0=1e-03 ===
=== EXP-T085 shadow fold=4 lr0=1e-02 ===
/workspace_developability_acquisition/developability_drilldown/models/antibody_transformer/model.py:195: UserWarning: enable_nested_tensor is True, but self.use_nested_tensor is False because encoder_layer.norm_first was True
  self.encoder = nn.TransformerEncoder(enc_layer, num_layers=n_layers)
{
  "code": "EXP-T085",
  "oof_val": {
    "primary": 2.9820462921519337,
    "shadow": 3.0475547696337286,
    "mean": 3.014800530892831,
    "worst": 3.0475547696337286
  }
}
DONE EXP-T085
==== TRAIN EXP-T086 (AbLingua ARCH-7 REG-only cross CONCAT) ====
/workspace_developability_acquisition/developability_drilldown/models/antibody_transformer/model.py:195: UserWarning: enable_nested_tensor is True, but self.use_nested_tensor is False because encoder_layer.norm_first was True
  self.encoder = nn.TransformerEncoder(enc_layer, num_layers=n_layers)
=== EXP-T086 primary fold=0 lr0=1e-05 ===
=== EXP-T086 primary fold=0 lr0=1e-04 ===
=== EXP-T086 primary fold=0 lr0=1e-03 ===
=== EXP-T086 primary fold=0 lr0=1e-02 ===
/workspace_developability_acquisition/developability_drilldown/models/antibody_transformer/model.py:195: UserWarning: enable_nested_tensor is True, but self.use_nested_tensor is False because encoder_layer.norm_first was True
  self.encoder = nn.TransformerEncoder(enc_layer, num_layers=n_layers)
=== EXP-T086 primary fold=1 lr0=1e-05 ===
=== EXP-T086 primary fold=1 lr0=1e-04 ===
=== EXP-T086 primary fold=1 lr0=1e-03 ===
=== EXP-T086 primary fold=1 lr0=1e-02 ===
/workspace_developability_acquisition/developability_drilldown/models/antibody_transformer/model.py:195: UserWarning: enable_nested_tensor is True, but self.use_nested_tensor is False because encoder_layer.norm_first was True
  self.encoder = nn.TransformerEncoder(enc_layer, num_layers=n_layers)
=== EXP-T086 primary fold=2 lr0=1e-05 ===
=== EXP-T086 primary fold=2 lr0=1e-04 ===
=== EXP-T086 primary fold=2 lr0=1e-03 ===
=== EXP-T086 primary fold=2 lr0=1e-02 ===
/workspace_developability_acquisition/developability_drilldown/models/antibody_transformer/model.py:195: UserWarning: enable_nested_tensor is True, but self.use_nested_tensor is False because encoder_layer.norm_first was True
  self.encoder = nn.TransformerEncoder(enc_layer, num_layers=n_layers)
=== EXP-T086 primary fold=3 lr0=1e-05 ===
=== EXP-T086 primary fold=3 lr0=1e-04 ===
=== EXP-T086 primary fold=3 lr0=1e-03 ===
=== EXP-T086 primary fold=3 lr0=1e-02 ===
/workspace_developability_acquisition/developability_drilldown/models/antibody_transformer/model.py:195: UserWarning: enable_nested_tensor is True, but self.use_nested_tensor is False because encoder_layer.norm_first was True
  self.encoder = nn.TransformerEncoder(enc_layer, num_layers=n_layers)
=== EXP-T086 primary fold=4 lr0=1e-05 ===
=== EXP-T086 primary fold=4 lr0=1e-04 ===
=== EXP-T086 primary fold=4 lr0=1e-03 ===
=== EXP-T086 primary fold=4 lr0=1e-02 ===
/workspace_developability_acquisition/developability_drilldown/models/antibody_transformer/model.py:195: UserWarning: enable_nested_tensor is True, but self.use_nested_tensor is False because encoder_layer.norm_first was True
  self.encoder = nn.TransformerEncoder(enc_layer, num_layers=n_layers)
=== EXP-T086 shadow fold=0 lr0=1e-05 ===
=== EXP-T086 shadow fold=0 lr0=1e-04 ===
=== EXP-T086 shadow fold=0 lr0=1e-03 ===
=== EXP-T086 shadow fold=0 lr0=1e-02 ===
/workspace_developability_acquisition/developability_drilldown/models/antibody_transformer/model.py:195: UserWarning: enable_nested_tensor is True, but self.use_nested_tensor is False because encoder_layer.norm_first was True
  self.encoder = nn.TransformerEncoder(enc_layer, num_layers=n_layers)
=== EXP-T086 shadow fold=1 lr0=1e-05 ===
=== EXP-T086 shadow fold=1 lr0=1e-04 ===
=== EXP-T086 shadow fold=1 lr0=1e-03 ===
=== EXP-T086 shadow fold=1 lr0=1e-02 ===
/workspace_developability_acquisition/developability_drilldown/models/antibody_transformer/model.py:195: UserWarning: enable_nested_tensor is True, but self.use_nested_tensor is False because encoder_layer.norm_first was True
  self.encoder = nn.TransformerEncoder(enc_layer, num_layers=n_layers)
=== EXP-T086 shadow fold=2 lr0=1e-05 ===
=== EXP-T086 shadow fold=2 lr0=1e-04 ===
=== EXP-T086 shadow fold=2 lr0=1e-03 ===
=== EXP-T086 shadow fold=2 lr0=1e-02 ===
/workspace_developability_acquisition/developability_drilldown/models/antibody_transformer/model.py:195: UserWarning: enable_nested_tensor is True, but self.use_nested_tensor is False because encoder_layer.norm_first was True
  self.encoder = nn.TransformerEncoder(enc_layer, num_layers=n_layers)
=== EXP-T086 shadow fold=3 lr0=1e-05 ===
=== EXP-T086 shadow fold=3 lr0=1e-04 ===
=== EXP-T086 shadow fold=3 lr0=1e-03 ===
=== EXP-T086 shadow fold=3 lr0=1e-02 ===
/workspace_developability_acquisition/developability_drilldown/models/antibody_transformer/model.py:195: UserWarning: enable_nested_tensor is True, but self.use_nested_tensor is False because encoder_layer.norm_first was True
  self.encoder = nn.TransformerEncoder(enc_layer, num_layers=n_layers)
=== EXP-T086 shadow fold=4 lr0=1e-05 ===
=== EXP-T086 shadow fold=4 lr0=1e-04 ===
=== EXP-T086 shadow fold=4 lr0=1e-03 ===
=== EXP-T086 shadow fold=4 lr0=1e-02 ===
/workspace_developability_acquisition/developability_drilldown/models/antibody_transformer/model.py:195: UserWarning: enable_nested_tensor is True, but self.use_nested_tensor is False because encoder_layer.norm_first was True
  self.encoder = nn.TransformerEncoder(enc_layer, num_layers=n_layers)
{
  "code": "EXP-T086",
  "oof_val": {
    "primary": 2.9215291812096114,
    "shadow": 3.0876136120454767,
    "mean": 3.004571396627544,
    "worst": 3.0876136120454767
  }
}
DONE EXP-T086
==== TRAIN EXP-T087 (AbLingua ARCH-7 REG-only cross MEAN) ====
/workspace_developability_acquisition/developability_drilldown/models/antibody_transformer/model.py:195: UserWarning: enable_nested_tensor is True, but self.use_nested_tensor is False because encoder_layer.norm_first was True
  self.encoder = nn.TransformerEncoder(enc_layer, num_layers=n_layers)
=== EXP-T087 primary fold=0 lr0=1e-05 ===
=== EXP-T087 primary fold=0 lr0=1e-04 ===
=== EXP-T087 primary fold=0 lr0=1e-03 ===
=== EXP-T087 primary fold=0 lr0=1e-02 ===
/workspace_developability_acquisition/developability_drilldown/models/antibody_transformer/model.py:195: UserWarning: enable_nested_tensor is True, but self.use_nested_tensor is False because encoder_layer.norm_first was True
  self.encoder = nn.TransformerEncoder(enc_layer, num_layers=n_layers)
=== EXP-T087 primary fold=1 lr0=1e-05 ===
=== EXP-T087 primary fold=1 lr0=1e-04 ===
=== EXP-T087 primary fold=1 lr0=1e-03 ===
=== EXP-T087 primary fold=1 lr0=1e-02 ===
/workspace_developability_acquisition/developability_drilldown/models/antibody_transformer/model.py:195: UserWarning: enable_nested_tensor is True, but self.use_nested_tensor is False because encoder_layer.norm_first was True
  self.encoder = nn.TransformerEncoder(enc_layer, num_layers=n_layers)
=== EXP-T087 primary fold=2 lr0=1e-05 ===
=== EXP-T087 primary fold=2 lr0=1e-04 ===
=== EXP-T087 primary fold=2 lr0=1e-03 ===
=== EXP-T087 primary fold=2 lr0=1e-02 ===
/workspace_developability_acquisition/developability_drilldown/models/antibody_transformer/model.py:195: UserWarning: enable_nested_tensor is True, but self.use_nested_tensor is False because encoder_layer.norm_first was True
  self.encoder = nn.TransformerEncoder(enc_layer, num_layers=n_layers)
=== EXP-T087 primary fold=3 lr0=1e-05 ===
=== EXP-T087 primary fold=3 lr0=1e-04 ===
=== EXP-T087 primary fold=3 lr0=1e-03 ===
=== EXP-T087 primary fold=3 lr0=1e-02 ===
/workspace_developability_acquisition/developability_drilldown/models/antibody_transformer/model.py:195: UserWarning: enable_nested_tensor is True, but self.use_nested_tensor is False because encoder_layer.norm_first was True
  self.encoder = nn.TransformerEncoder(enc_layer, num_layers=n_layers)
=== EXP-T087 primary fold=4 lr0=1e-05 ===
=== EXP-T087 primary fold=4 lr0=1e-04 ===
=== EXP-T087 primary fold=4 lr0=1e-03 ===
=== EXP-T087 primary fold=4 lr0=1e-02 ===
/workspace_developability_acquisition/developability_drilldown/models/antibody_transformer/model.py:195: UserWarning: enable_nested_tensor is True, but self.use_nested_tensor is False because encoder_layer.norm_first was True
  self.encoder = nn.TransformerEncoder(enc_layer, num_layers=n_layers)
=== EXP-T087 shadow fold=0 lr0=1e-05 ===
=== EXP-T087 shadow fold=0 lr0=1e-04 ===
=== EXP-T087 shadow fold=0 lr0=1e-03 ===
=== EXP-T087 shadow fold=0 lr0=1e-02 ===
/workspace_developability_acquisition/developability_drilldown/models/antibody_transformer/model.py:195: UserWarning: enable_nested_tensor is True, but self.use_nested_tensor is False because encoder_layer.norm_first was True
  self.encoder = nn.TransformerEncoder(enc_layer, num_layers=n_layers)
=== EXP-T087 shadow fold=1 lr0=1e-05 ===
=== EXP-T087 shadow fold=1 lr0=1e-04 ===
=== EXP-T087 shadow fold=1 lr0=1e-03 ===
=== EXP-T087 shadow fold=1 lr0=1e-02 ===
/workspace_developability_acquisition/developability_drilldown/models/antibody_transformer/model.py:195: UserWarning: enable_nested_tensor is True, but self.use_nested_tensor is False because encoder_layer.norm_first was True
  self.encoder = nn.TransformerEncoder(enc_layer, num_layers=n_layers)
=== EXP-T087 shadow fold=2 lr0=1e-05 ===
=== EXP-T087 shadow fold=2 lr0=1e-04 ===
=== EXP-T087 shadow fold=2 lr0=1e-03 ===
=== EXP-T087 shadow fold=2 lr0=1e-02 ===
/workspace_developability_acquisition/developability_drilldown/models/antibody_transformer/model.py:195: UserWarning: enable_nested_tensor is True, but self.use_nested_tensor is False because encoder_layer.norm_first was True
  self.encoder = nn.TransformerEncoder(enc_layer, num_layers=n_layers)
=== EXP-T087 shadow fold=3 lr0=1e-05 ===
=== EXP-T087 shadow fold=3 lr0=1e-04 ===
=== EXP-T087 shadow fold=3 lr0=1e-03 ===
=== EXP-T087 shadow fold=3 lr0=1e-02 ===
/workspace_developability_acquisition/developability_drilldown/models/antibody_transformer/model.py:195: UserWarning: enable_nested_tensor is True, but self.use_nested_tensor is False because encoder_layer.norm_first was True
  self.encoder = nn.TransformerEncoder(enc_layer, num_layers=n_layers)
=== EXP-T087 shadow fold=4 lr0=1e-05 ===
=== EXP-T087 shadow fold=4 lr0=1e-04 ===
=== EXP-T087 shadow fold=4 lr0=1e-03 ===
=== EXP-T087 shadow fold=4 lr0=1e-02 ===
/workspace_developability_acquisition/developability_drilldown/models/antibody_transformer/model.py:195: UserWarning: enable_nested_tensor is True, but self.use_nested_tensor is False because encoder_layer.norm_first was True
  self.encoder = nn.TransformerEncoder(enc_layer, num_layers=n_layers)
{
  "code": "EXP-T087",
  "oof_val": {
    "primary": 2.974721979211878,
    "shadow": 3.0400681201322577,
    "mean": 3.007395049672068,
    "worst": 3.0400681201322577
  }
}
DONE EXP-T087
==== TRAIN EXP-T088 (AbLingua ARCH-8 within-chain extra attn CONCAT) ====
/workspace_developability_acquisition/developability_drilldown/models/antibody_transformer/model.py:195: UserWarning: enable_nested_tensor is True, but self.use_nested_tensor is False because encoder_layer.norm_first was True
  self.encoder = nn.TransformerEncoder(enc_layer, num_layers=n_layers)
=== EXP-T088 primary fold=0 lr0=1e-05 ===
=== EXP-T088 primary fold=0 lr0=1e-04 ===
=== EXP-T088 primary fold=0 lr0=1e-03 ===
=== EXP-T088 primary fold=0 lr0=1e-02 ===
/workspace_developability_acquisition/developability_drilldown/models/antibody_transformer/model.py:195: UserWarning: enable_nested_tensor is True, but self.use_nested_tensor is False because encoder_layer.norm_first was True
  self.encoder = nn.TransformerEncoder(enc_layer, num_layers=n_layers)
=== EXP-T088 primary fold=1 lr0=1e-05 ===
=== EXP-T088 primary fold=1 lr0=1e-04 ===
=== EXP-T088 primary fold=1 lr0=1e-03 ===
=== EXP-T088 primary fold=1 lr0=1e-02 ===
/workspace_developability_acquisition/developability_drilldown/models/antibody_transformer/model.py:195: UserWarning: enable_nested_tensor is True, but self.use_nested_tensor is False because encoder_layer.norm_first was True
  self.encoder = nn.TransformerEncoder(enc_layer, num_layers=n_layers)
=== EXP-T088 primary fold=2 lr0=1e-05 ===
=== EXP-T088 primary fold=2 lr0=1e-04 ===
=== EXP-T088 primary fold=2 lr0=1e-03 ===
=== EXP-T088 primary fold=2 lr0=1e-02 ===
/workspace_developability_acquisition/developability_drilldown/models/antibody_transformer/model.py:195: UserWarning: enable_nested_tensor is True, but self.use_nested_tensor is False because encoder_layer.norm_first was True
  self.encoder = nn.TransformerEncoder(enc_layer, num_layers=n_layers)
=== EXP-T088 primary fold=3 lr0=1e-05 ===
=== EXP-T088 primary fold=3 lr0=1e-04 ===
=== EXP-T088 primary fold=3 lr0=1e-03 ===
=== EXP-T088 primary fold=3 lr0=1e-02 ===
/workspace_developability_acquisition/developability_drilldown/models/antibody_transformer/model.py:195: UserWarning: enable_nested_tensor is True, but self.use_nested_tensor is False because encoder_layer.norm_first was True
  self.encoder = nn.TransformerEncoder(enc_layer, num_layers=n_layers)
=== EXP-T088 primary fold=4 lr0=1e-05 ===
=== EXP-T088 primary fold=4 lr0=1e-04 ===
=== EXP-T088 primary fold=4 lr0=1e-03 ===
=== EXP-T088 primary fold=4 lr0=1e-02 ===
/workspace_developability_acquisition/developability_drilldown/models/antibody_transformer/model.py:195: UserWarning: enable_nested_tensor is True, but self.use_nested_tensor is False because encoder_layer.norm_first was True
  self.encoder = nn.TransformerEncoder(enc_layer, num_layers=n_layers)
=== EXP-T088 shadow fold=0 lr0=1e-05 ===
=== EXP-T088 shadow fold=0 lr0=1e-04 ===
=== EXP-T088 shadow fold=0 lr0=1e-03 ===
=== EXP-T088 shadow fold=0 lr0=1e-02 ===
/workspace_developability_acquisition/developability_drilldown/models/antibody_transformer/model.py:195: UserWarning: enable_nested_tensor is True, but self.use_nested_tensor is False because encoder_layer.norm_first was True
  self.encoder = nn.TransformerEncoder(enc_layer, num_layers=n_layers)
=== EXP-T088 shadow fold=1 lr0=1e-05 ===
=== EXP-T088 shadow fold=1 lr0=1e-04 ===
=== EXP-T088 shadow fold=1 lr0=1e-03 ===
=== EXP-T088 shadow fold=1 lr0=1e-02 ===
/workspace_developability_acquisition/developability_drilldown/models/antibody_transformer/model.py:195: UserWarning: enable_nested_tensor is True, but self.use_nested_tensor is False because encoder_layer.norm_first was True
  self.encoder = nn.TransformerEncoder(enc_layer, num_layers=n_layers)
=== EXP-T088 shadow fold=2 lr0=1e-05 ===
=== EXP-T088 shadow fold=2 lr0=1e-04 ===
=== EXP-T088 shadow fold=2 lr0=1e-03 ===
=== EXP-T088 shadow fold=2 lr0=1e-02 ===
/workspace_developability_acquisition/developability_drilldown/models/antibody_transformer/model.py:195: UserWarning: enable_nested_tensor is True, but self.use_nested_tensor is False because encoder_layer.norm_first was True
  self.encoder = nn.TransformerEncoder(enc_layer, num_layers=n_layers)
=== EXP-T088 shadow fold=3 lr0=1e-05 ===
=== EXP-T088 shadow fold=3 lr0=1e-04 ===
=== EXP-T088 shadow fold=3 lr0=1e-03 ===
=== EXP-T088 shadow fold=3 lr0=1e-02 ===
/workspace_developability_acquisition/developability_drilldown/models/antibody_transformer/model.py:195: UserWarning: enable_nested_tensor is True, but self.use_nested_tensor is False because encoder_layer.norm_first was True
  self.encoder = nn.TransformerEncoder(enc_layer, num_layers=n_layers)
=== EXP-T088 shadow fold=4 lr0=1e-05 ===
=== EXP-T088 shadow fold=4 lr0=1e-04 ===
=== EXP-T088 shadow fold=4 lr0=1e-03 ===
=== EXP-T088 shadow fold=4 lr0=1e-02 ===
/workspace_developability_acquisition/developability_drilldown/models/antibody_transformer/model.py:195: UserWarning: enable_nested_tensor is True, but self.use_nested_tensor is False because encoder_layer.norm_first was True
  self.encoder = nn.TransformerEncoder(enc_layer, num_layers=n_layers)
{
  "code": "EXP-T088",
  "oof_val": {
    "primary": 2.944349995365849,
    "shadow": 3.10955462043668,
    "mean": 3.0269523079012646,
    "worst": 3.10955462043668
  }
}
DONE EXP-T088
==== TRAIN EXP-T089 (AbLingua ARCH-8 within-chain extra attn MEAN) ====
/workspace_developability_acquisition/developability_drilldown/models/antibody_transformer/model.py:195: UserWarning: enable_nested_tensor is True, but self.use_nested_tensor is False because encoder_layer.norm_first was True
  self.encoder = nn.TransformerEncoder(enc_layer, num_layers=n_layers)
=== EXP-T089 primary fold=0 lr0=1e-05 ===
=== EXP-T089 primary fold=0 lr0=1e-04 ===
=== EXP-T089 primary fold=0 lr0=1e-03 ===
=== EXP-T089 primary fold=0 lr0=1e-02 ===
/workspace_developability_acquisition/developability_drilldown/models/antibody_transformer/model.py:195: UserWarning: enable_nested_tensor is True, but self.use_nested_tensor is False because encoder_layer.norm_first was True
  self.encoder = nn.TransformerEncoder(enc_layer, num_layers=n_layers)
=== EXP-T089 primary fold=1 lr0=1e-05 ===
=== EXP-T089 primary fold=1 lr0=1e-04 ===
=== EXP-T089 primary fold=1 lr0=1e-03 ===
=== EXP-T089 primary fold=1 lr0=1e-02 ===
/workspace_developability_acquisition/developability_drilldown/models/antibody_transformer/model.py:195: UserWarning: enable_nested_tensor is True, but self.use_nested_tensor is False because encoder_layer.norm_first was True
  self.encoder = nn.TransformerEncoder(enc_layer, num_layers=n_layers)
=== EXP-T089 primary fold=2 lr0=1e-05 ===
=== EXP-T089 primary fold=2 lr0=1e-04 ===
=== EXP-T089 primary fold=2 lr0=1e-03 ===
=== EXP-T089 primary fold=2 lr0=1e-02 ===
/workspace_developability_acquisition/developability_drilldown/models/antibody_transformer/model.py:195: UserWarning: enable_nested_tensor is True, but self.use_nested_tensor is False because encoder_layer.norm_first was True
  self.encoder = nn.TransformerEncoder(enc_layer, num_layers=n_layers)
=== EXP-T089 primary fold=3 lr0=1e-05 ===
=== EXP-T089 primary fold=3 lr0=1e-04 ===
=== EXP-T089 primary fold=3 lr0=1e-03 ===
=== EXP-T089 primary fold=3 lr0=1e-02 ===
/workspace_developability_acquisition/developability_drilldown/models/antibody_transformer/model.py:195: UserWarning: enable_nested_tensor is True, but self.use_nested_tensor is False because encoder_layer.norm_first was True
  self.encoder = nn.TransformerEncoder(enc_layer, num_layers=n_layers)
=== EXP-T089 primary fold=4 lr0=1e-05 ===
=== EXP-T089 primary fold=4 lr0=1e-04 ===
=== EXP-T089 primary fold=4 lr0=1e-03 ===
=== EXP-T089 primary fold=4 lr0=1e-02 ===
/workspace_developability_acquisition/developability_drilldown/models/antibody_transformer/model.py:195: UserWarning: enable_nested_tensor is True, but self.use_nested_tensor is False because encoder_layer.norm_first was True
  self.encoder = nn.TransformerEncoder(enc_layer, num_layers=n_layers)
=== EXP-T089 shadow fold=0 lr0=1e-05 ===
=== EXP-T089 shadow fold=0 lr0=1e-04 ===
=== EXP-T089 shadow fold=0 lr0=1e-03 ===
=== EXP-T089 shadow fold=0 lr0=1e-02 ===
/workspace_developability_acquisition/developability_drilldown/models/antibody_transformer/model.py:195: UserWarning: enable_nested_tensor is True, but self.use_nested_tensor is False because encoder_layer.norm_first was True
  self.encoder = nn.TransformerEncoder(enc_layer, num_layers=n_layers)
=== EXP-T089 shadow fold=1 lr0=1e-05 ===
=== EXP-T089 shadow fold=1 lr0=1e-04 ===
=== EXP-T089 shadow fold=1 lr0=1e-03 ===
=== EXP-T089 shadow fold=1 lr0=1e-02 ===
/workspace_developability_acquisition/developability_drilldown/models/antibody_transformer/model.py:195: UserWarning: enable_nested_tensor is True, but self.use_nested_tensor is False because encoder_layer.norm_first was True
  self.encoder = nn.TransformerEncoder(enc_layer, num_layers=n_layers)
=== EXP-T089 shadow fold=2 lr0=1e-05 ===
=== EXP-T089 shadow fold=2 lr0=1e-04 ===
=== EXP-T089 shadow fold=2 lr0=1e-03 ===
=== EXP-T089 shadow fold=2 lr0=1e-02 ===
/workspace_developability_acquisition/developability_drilldown/models/antibody_transformer/model.py:195: UserWarning: enable_nested_tensor is True, but self.use_nested_tensor is False because encoder_layer.norm_first was True
  self.encoder = nn.TransformerEncoder(enc_layer, num_layers=n_layers)
=== EXP-T089 shadow fold=3 lr0=1e-05 ===
=== EXP-T089 shadow fold=3 lr0=1e-04 ===
=== EXP-T089 shadow fold=3 lr0=1e-03 ===
=== EXP-T089 shadow fold=3 lr0=1e-02 ===
/workspace_developability_acquisition/developability_drilldown/models/antibody_transformer/model.py:195: UserWarning: enable_nested_tensor is True, but self.use_nested_tensor is False because encoder_layer.norm_first was True
  self.encoder = nn.TransformerEncoder(enc_layer, num_layers=n_layers)
=== EXP-T089 shadow fold=4 lr0=1e-05 ===
=== EXP-T089 shadow fold=4 lr0=1e-04 ===
=== EXP-T089 shadow fold=4 lr0=1e-03 ===
=== EXP-T089 shadow fold=4 lr0=1e-02 ===
/workspace_developability_acquisition/developability_drilldown/models/antibody_transformer/model.py:195: UserWarning: enable_nested_tensor is True, but self.use_nested_tensor is False because encoder_layer.norm_first was True
  self.encoder = nn.TransformerEncoder(enc_layer, num_layers=n_layers)
{
  "code": "EXP-T089",
  "oof_val": {
    "primary": 3.03708987765842,
    "shadow": 3.0227987736831476,
    "mean": 3.029944325670784,
    "worst": 3.03708987765842
  }
}
DONE EXP-T089
==== TRAIN EXP-T090 (Scratch ARCH-1 separate dual REG CONCAT) ====
/workspace_developability_acquisition/developability_drilldown/models/antibody_transformer/model.py:195: UserWarning: enable_nested_tensor is True, but self.use_nested_tensor is False because encoder_layer.norm_first was True
  self.encoder = nn.TransformerEncoder(enc_layer, num_layers=n_layers)
=== EXP-T090 primary fold=0 lr0=1e-05 ===
=== EXP-T090 primary fold=0 lr0=1e-04 ===
=== EXP-T090 primary fold=0 lr0=1e-03 ===
=== EXP-T090 primary fold=0 lr0=1e-02 ===
/workspace_developability_acquisition/developability_drilldown/models/antibody_transformer/model.py:195: UserWarning: enable_nested_tensor is True, but self.use_nested_tensor is False because encoder_layer.norm_first was True
  self.encoder = nn.TransformerEncoder(enc_layer, num_layers=n_layers)
=== EXP-T090 primary fold=1 lr0=1e-05 ===
=== EXP-T090 primary fold=1 lr0=1e-04 ===
=== EXP-T090 primary fold=1 lr0=1e-03 ===
