=== phase train_tm_geom: 1 experiments ===
device NVIDIA GeForce RTX 3090
==== TRAIN EXP-T105 (AbLingua ARCH-6G geometry cross-attn CONCAT) ====
/workspace_developability_acquisition/developability_drilldown/models/antibody_transformer/model.py:219: UserWarning: enable_nested_tensor is True, but self.use_nested_tensor is False because encoder_layer.norm_first was True
  self.encoder = nn.TransformerEncoder(enc_layer, num_layers=n_layers)
=== EXP-T105 primary fold=0 lr0=1e-03 ===
/workspace_developability_acquisition/.venv_b1/lib/python3.12/site-packages/torch/nn/modules/activation.py:1336: UserWarning: Support for mismatched key_padding_mask and attn_mask is deprecated. Use same type for both instead.
  key_padding_mask = F._canonical_mask(
/workspace_developability_acquisition/developability_drilldown/models/antibody_transformer/model.py:219: UserWarning: enable_nested_tensor is True, but self.use_nested_tensor is False because encoder_layer.norm_first was True
  self.encoder = nn.TransformerEncoder(enc_layer, num_layers=n_layers)
/workspace_developability_acquisition/developability_drilldown/models/antibody_transformer/model.py:219: UserWarning: enable_nested_tensor is True, but self.use_nested_tensor is False because encoder_layer.norm_first was True
  self.encoder = nn.TransformerEncoder(enc_layer, num_layers=n_layers)
=== EXP-T105 primary fold=1 lr0=1e-03 ===
/workspace_developability_acquisition/.venv_b1/lib/python3.12/site-packages/torch/nn/modules/activation.py:1336: UserWarning: Support for mismatched key_padding_mask and attn_mask is deprecated. Use same type for both instead.
  key_padding_mask = F._canonical_mask(
/workspace_developability_acquisition/developability_drilldown/models/antibody_transformer/model.py:219: UserWarning: enable_nested_tensor is True, but self.use_nested_tensor is False because encoder_layer.norm_first was True
  self.encoder = nn.TransformerEncoder(enc_layer, num_layers=n_layers)
=== EXP-T105 primary fold=2 lr0=1e-03 ===
/workspace_developability_acquisition/.venv_b1/lib/python3.12/site-packages/torch/nn/modules/activation.py:1336: UserWarning: Support for mismatched key_padding_mask and attn_mask is deprecated. Use same type for both instead.
  key_padding_mask = F._canonical_mask(
/workspace_developability_acquisition/developability_drilldown/models/antibody_transformer/model.py:219: UserWarning: enable_nested_tensor is True, but self.use_nested_tensor is False because encoder_layer.norm_first was True
  self.encoder = nn.TransformerEncoder(enc_layer, num_layers=n_layers)
=== EXP-T105 primary fold=3 lr0=1e-03 ===
/workspace_developability_acquisition/.venv_b1/lib/python3.12/site-packages/torch/nn/modules/activation.py:1336: UserWarning: Support for mismatched key_padding_mask and attn_mask is deprecated. Use same type for both instead.
  key_padding_mask = F._canonical_mask(
/workspace_developability_acquisition/developability_drilldown/models/antibody_transformer/model.py:219: UserWarning: enable_nested_tensor is True, but self.use_nested_tensor is False because encoder_layer.norm_first was True
  self.encoder = nn.TransformerEncoder(enc_layer, num_layers=n_layers)
=== EXP-T105 primary fold=4 lr0=1e-03 ===
/workspace_developability_acquisition/.venv_b1/lib/python3.12/site-packages/torch/nn/modules/activation.py:1336: UserWarning: Support for mismatched key_padding_mask and attn_mask is deprecated. Use same type for both instead.
  key_padding_mask = F._canonical_mask(
/workspace_developability_acquisition/developability_drilldown/models/antibody_transformer/model.py:219: UserWarning: enable_nested_tensor is True, but self.use_nested_tensor is False because encoder_layer.norm_first was True
  self.encoder = nn.TransformerEncoder(enc_layer, num_layers=n_layers)
=== EXP-T105 shadow fold=0 lr0=1e-03 ===
/workspace_developability_acquisition/.venv_b1/lib/python3.12/site-packages/torch/nn/modules/activation.py:1336: UserWarning: Support for mismatched key_padding_mask and attn_mask is deprecated. Use same type for both instead.
  key_padding_mask = F._canonical_mask(
/workspace_developability_acquisition/developability_drilldown/models/antibody_transformer/model.py:219: UserWarning: enable_nested_tensor is True, but self.use_nested_tensor is False because encoder_layer.norm_first was True
  self.encoder = nn.TransformerEncoder(enc_layer, num_layers=n_layers)
=== EXP-T105 shadow fold=1 lr0=1e-03 ===
/workspace_developability_acquisition/.venv_b1/lib/python3.12/site-packages/torch/nn/modules/activation.py:1336: UserWarning: Support for mismatched key_padding_mask and attn_mask is deprecated. Use same type for both instead.
  key_padding_mask = F._canonical_mask(
/workspace_developability_acquisition/developability_drilldown/models/antibody_transformer/model.py:219: UserWarning: enable_nested_tensor is True, but self.use_nested_tensor is False because encoder_layer.norm_first was True
  self.encoder = nn.TransformerEncoder(enc_layer, num_layers=n_layers)
=== EXP-T105 shadow fold=2 lr0=1e-03 ===
/workspace_developability_acquisition/.venv_b1/lib/python3.12/site-packages/torch/nn/modules/activation.py:1336: UserWarning: Support for mismatched key_padding_mask and attn_mask is deprecated. Use same type for both instead.
  key_padding_mask = F._canonical_mask(
/workspace_developability_acquisition/developability_drilldown/models/antibody_transformer/model.py:219: UserWarning: enable_nested_tensor is True, but self.use_nested_tensor is False because encoder_layer.norm_first was True
  self.encoder = nn.TransformerEncoder(enc_layer, num_layers=n_layers)
=== EXP-T105 shadow fold=3 lr0=1e-03 ===
/workspace_developability_acquisition/.venv_b1/lib/python3.12/site-packages/torch/nn/modules/activation.py:1336: UserWarning: Support for mismatched key_padding_mask and attn_mask is deprecated. Use same type for both instead.
  key_padding_mask = F._canonical_mask(
/workspace_developability_acquisition/developability_drilldown/models/antibody_transformer/model.py:219: UserWarning: enable_nested_tensor is True, but self.use_nested_tensor is False because encoder_layer.norm_first was True
  self.encoder = nn.TransformerEncoder(enc_layer, num_layers=n_layers)
=== EXP-T105 shadow fold=4 lr0=1e-03 ===
/workspace_developability_acquisition/.venv_b1/lib/python3.12/site-packages/torch/nn/modules/activation.py:1336: UserWarning: Support for mismatched key_padding_mask and attn_mask is deprecated. Use same type for both instead.
  key_padding_mask = F._canonical_mask(
/workspace_developability_acquisition/developability_drilldown/models/antibody_transformer/model.py:219: UserWarning: enable_nested_tensor is True, but self.use_nested_tensor is False because encoder_layer.norm_first was True
  self.encoder = nn.TransformerEncoder(enc_layer, num_layers=n_layers)
EXP-T105 training complete (comparative TEST deferred until finalize)
DONE EXP-T105
