device NVIDIA GeForce RTX 3090
==== TRAIN EXP-T080 (AbLingua ARCH-1 separate dual REG MEAN) ====
/workspace_developability_acquisition/developability_drilldown/models/antibody_transformer/model.py:195: UserWarning: enable_nested_tensor is True, but self.use_nested_tensor is False because encoder_layer.norm_first was True
  self.encoder = nn.TransformerEncoder(enc_layer, num_layers=n_layers)
=== EXP-T080 primary fold=0 lr0=1e-03 ===
/workspace_developability_acquisition/developability_drilldown/models/antibody_transformer/model.py:195: UserWarning: enable_nested_tensor is True, but self.use_nested_tensor is False because encoder_layer.norm_first was True
  self.encoder = nn.TransformerEncoder(enc_layer, num_layers=n_layers)
/workspace_developability_acquisition/developability_drilldown/models/antibody_transformer/model.py:195: UserWarning: enable_nested_tensor is True, but self.use_nested_tensor is False because encoder_layer.norm_first was True
  self.encoder = nn.TransformerEncoder(enc_layer, num_layers=n_layers)
=== EXP-T080 primary fold=1 lr0=1e-03 ===
/workspace_developability_acquisition/developability_drilldown/models/antibody_transformer/model.py:195: UserWarning: enable_nested_tensor is True, but self.use_nested_tensor is False because encoder_layer.norm_first was True
  self.encoder = nn.TransformerEncoder(enc_layer, num_layers=n_layers)
=== EXP-T080 primary fold=2 lr0=1e-03 ===
/workspace_developability_acquisition/developability_drilldown/models/antibody_transformer/model.py:195: UserWarning: enable_nested_tensor is True, but self.use_nested_tensor is False because encoder_layer.norm_first was True
  self.encoder = nn.TransformerEncoder(enc_layer, num_layers=n_layers)
=== EXP-T080 primary fold=3 lr0=1e-03 ===
/workspace_developability_acquisition/developability_drilldown/models/antibody_transformer/model.py:195: UserWarning: enable_nested_tensor is True, but self.use_nested_tensor is False because encoder_layer.norm_first was True
  self.encoder = nn.TransformerEncoder(enc_layer, num_layers=n_layers)
=== EXP-T080 primary fold=4 lr0=1e-03 ===
/workspace_developability_acquisition/developability_drilldown/models/antibody_transformer/model.py:195: UserWarning: enable_nested_tensor is True, but self.use_nested_tensor is False because encoder_layer.norm_first was True
  self.encoder = nn.TransformerEncoder(enc_layer, num_layers=n_layers)
=== EXP-T080 shadow fold=0 lr0=1e-03 ===
/workspace_developability_acquisition/developability_drilldown/models/antibody_transformer/model.py:195: UserWarning: enable_nested_tensor is True, but self.use_nested_tensor is False because encoder_layer.norm_first was True
  self.encoder = nn.TransformerEncoder(enc_layer, num_layers=n_layers)
=== EXP-T080 shadow fold=1 lr0=1e-03 ===
/workspace_developability_acquisition/developability_drilldown/models/antibody_transformer/model.py:195: UserWarning: enable_nested_tensor is True, but self.use_nested_tensor is False because encoder_layer.norm_first was True
  self.encoder = nn.TransformerEncoder(enc_layer, num_layers=n_layers)
=== EXP-T080 shadow fold=2 lr0=1e-03 ===
/workspace_developability_acquisition/developability_drilldown/models/antibody_transformer/model.py:195: UserWarning: enable_nested_tensor is True, but self.use_nested_tensor is False because encoder_layer.norm_first was True
  self.encoder = nn.TransformerEncoder(enc_layer, num_layers=n_layers)
=== EXP-T080 shadow fold=3 lr0=1e-03 ===
/workspace_developability_acquisition/developability_drilldown/models/antibody_transformer/model.py:195: UserWarning: enable_nested_tensor is True, but self.use_nested_tensor is False because encoder_layer.norm_first was True
  self.encoder = nn.TransformerEncoder(enc_layer, num_layers=n_layers)
=== EXP-T080 shadow fold=4 lr0=1e-03 ===
/workspace_developability_acquisition/developability_drilldown/models/antibody_transformer/model.py:195: UserWarning: enable_nested_tensor is True, but self.use_nested_tensor is False because encoder_layer.norm_first was True
  self.encoder = nn.TransformerEncoder(enc_layer, num_layers=n_layers)
{
  "code": "EXP-T080",
  "oof_val": {
    "primary": 3.3809327019585504,
    "shadow": 3.2641707526312933,
    "mean": 3.322551727294922,
    "worst": 3.3809327019585504
  }
}
DONE EXP-T080
