start orig replay
/workspace_developability_acquisition/top_models_feature_bundle/advanced_models/models/annotated_transformer.py:101: UserWarning: enable_nested_tensor is True, but self.use_nested_tensor is False because encoder_layer.norm_first was True
  self.encoder = nn.TransformerEncoder(enc_layer, num_layers=n_layers)
/workspace_developability_acquisition/top_models_feature_bundle/advanced_models/models/annotated_transformer.py:101: UserWarning: enable_nested_tensor is True, but self.use_nested_tensor is False because encoder_layer.norm_first was True
  self.encoder = nn.TransformerEncoder(enc_layer, num_layers=n_layers)
/workspace_developability_acquisition/top_models_feature_bundle/advanced_models/models/annotated_transformer.py:101: UserWarning: enable_nested_tensor is True, but self.use_nested_tensor is False because encoder_layer.norm_first was True
  self.encoder = nn.TransformerEncoder(enc_layer, num_layers=n_layers)
/workspace_developability_acquisition/top_models_feature_bundle/advanced_models/models/annotated_transformer.py:101: UserWarning: enable_nested_tensor is True, but self.use_nested_tensor is False because encoder_layer.norm_first was True
  self.encoder = nn.TransformerEncoder(enc_layer, num_layers=n_layers)
/workspace_developability_acquisition/top_models_feature_bundle/advanced_models/models/annotated_transformer.py:101: UserWarning: enable_nested_tensor is True, but self.use_nested_tensor is False because encoder_layer.norm_first was True
  self.encoder = nn.TransformerEncoder(enc_layer, num_layers=n_layers)
/workspace_developability_acquisition/top_models_feature_bundle/advanced_models/models/annotated_transformer.py:101: UserWarning: enable_nested_tensor is True, but self.use_nested_tensor is False because encoder_layer.norm_first was True
  self.encoder = nn.TransformerEncoder(enc_layer, num_layers=n_layers)
/workspace_developability_acquisition/top_models_feature_bundle/advanced_models/models/annotated_transformer.py:101: UserWarning: enable_nested_tensor is True, but self.use_nested_tensor is False because encoder_layer.norm_first was True
  self.encoder = nn.TransformerEncoder(enc_layer, num_layers=n_layers)
/workspace_developability_acquisition/top_models_feature_bundle/advanced_models/models/annotated_transformer.py:101: UserWarning: enable_nested_tensor is True, but self.use_nested_tensor is False because encoder_layer.norm_first was True
  self.encoder = nn.TransformerEncoder(enc_layer, num_layers=n_layers)
/workspace_developability_acquisition/top_models_feature_bundle/advanced_models/models/annotated_transformer.py:101: UserWarning: enable_nested_tensor is True, but self.use_nested_tensor is False because encoder_layer.norm_first was True
  self.encoder = nn.TransformerEncoder(enc_layer, num_layers=n_layers)
/workspace_developability_acquisition/top_models_feature_bundle/advanced_models/models/annotated_transformer.py:101: UserWarning: enable_nested_tensor is True, but self.use_nested_tensor is False because encoder_layer.norm_first was True
  self.encoder = nn.TransformerEncoder(enc_layer, num_layers=n_layers)
/workspace_developability_acquisition/top_models_feature_bundle/advanced_models/models/annotated_transformer.py:101: UserWarning: enable_nested_tensor is True, but self.use_nested_tensor is False because encoder_layer.norm_first was True
  self.encoder = nn.TransformerEncoder(enc_layer, num_layers=n_layers)
/workspace_developability_acquisition/top_models_feature_bundle/advanced_models/models/annotated_transformer.py:101: UserWarning: enable_nested_tensor is True, but self.use_nested_tensor is False because encoder_layer.norm_first was True
  self.encoder = nn.TransformerEncoder(enc_layer, num_layers=n_layers)
/workspace_developability_acquisition/top_models_feature_bundle/advanced_models/models/annotated_transformer.py:101: UserWarning: enable_nested_tensor is True, but self.use_nested_tensor is False because encoder_layer.norm_first was True
  self.encoder = nn.TransformerEncoder(enc_layer, num_layers=n_layers)
/workspace_developability_acquisition/top_models_feature_bundle/advanced_models/models/annotated_transformer.py:101: UserWarning: enable_nested_tensor is True, but self.use_nested_tensor is False because encoder_layer.norm_first was True
  self.encoder = nn.TransformerEncoder(enc_layer, num_layers=n_layers)
/workspace_developability_acquisition/top_models_feature_bundle/advanced_models/models/annotated_transformer.py:101: UserWarning: enable_nested_tensor is True, but self.use_nested_tensor is False because encoder_layer.norm_first was True
  self.encoder = nn.TransformerEncoder(enc_layer, num_layers=n_layers)
/workspace_developability_acquisition/top_models_feature_bundle/advanced_models/models/annotated_transformer.py:101: UserWarning: enable_nested_tensor is True, but self.use_nested_tensor is False because encoder_layer.norm_first was True
  self.encoder = nn.TransformerEncoder(enc_layer, num_layers=n_layers)
/workspace_developability_acquisition/top_models_feature_bundle/advanced_models/models/annotated_transformer.py:101: UserWarning: enable_nested_tensor is True, but self.use_nested_tensor is False because encoder_layer.norm_first was True
  self.encoder = nn.TransformerEncoder(enc_layer, num_layers=n_layers)
/workspace_developability_acquisition/top_models_feature_bundle/advanced_models/models/annotated_transformer.py:101: UserWarning: enable_nested_tensor is True, but self.use_nested_tensor is False because encoder_layer.norm_first was True
  self.encoder = nn.TransformerEncoder(enc_layer, num_layers=n_layers)
/workspace_developability_acquisition/top_models_feature_bundle/advanced_models/models/annotated_transformer.py:101: UserWarning: enable_nested_tensor is True, but self.use_nested_tensor is False because encoder_layer.norm_first was True
  self.encoder = nn.TransformerEncoder(enc_layer, num_layers=n_layers)
/workspace_developability_acquisition/top_models_feature_bundle/advanced_models/models/annotated_transformer.py:101: UserWarning: enable_nested_tensor is True, but self.use_nested_tensor is False because encoder_layer.norm_first was True
  self.encoder = nn.TransformerEncoder(enc_layer, num_layers=n_layers)
/workspace_developability_acquisition/top_models_feature_bundle/advanced_models/models/annotated_transformer.py:101: UserWarning: enable_nested_tensor is True, but self.use_nested_tensor is False because encoder_layer.norm_first was True
  self.encoder = nn.TransformerEncoder(enc_layer, num_layers=n_layers)
/workspace_developability_acquisition/top_models_feature_bundle/advanced_models/models/annotated_transformer.py:101: UserWarning: enable_nested_tensor is True, but self.use_nested_tensor is False because encoder_layer.norm_first was True
  self.encoder = nn.TransformerEncoder(enc_layer, num_layers=n_layers)
/workspace_developability_acquisition/top_models_feature_bundle/advanced_models/models/annotated_transformer.py:101: UserWarning: enable_nested_tensor is True, but self.use_nested_tensor is False because encoder_layer.norm_first was True
  self.encoder = nn.TransformerEncoder(enc_layer, num_layers=n_layers)
/workspace_developability_acquisition/top_models_feature_bundle/advanced_models/models/annotated_transformer.py:101: UserWarning: enable_nested_tensor is True, but self.use_nested_tensor is False because encoder_layer.norm_first was True
  self.encoder = nn.TransformerEncoder(enc_layer, num_layers=n_layers)
/workspace_developability_acquisition/top_models_feature_bundle/advanced_models/models/annotated_transformer.py:101: UserWarning: enable_nested_tensor is True, but self.use_nested_tensor is False because encoder_layer.norm_first was True
  self.encoder = nn.TransformerEncoder(enc_layer, num_layers=n_layers)
/workspace_developability_acquisition/top_models_feature_bundle/advanced_models/models/annotated_transformer.py:101: UserWarning: enable_nested_tensor is True, but self.use_nested_tensor is False because encoder_layer.norm_first was True
  self.encoder = nn.TransformerEncoder(enc_layer, num_layers=n_layers)
/workspace_developability_acquisition/top_models_feature_bundle/advanced_models/models/annotated_transformer.py:101: UserWarning: enable_nested_tensor is True, but self.use_nested_tensor is False because encoder_layer.norm_first was True
  self.encoder = nn.TransformerEncoder(enc_layer, num_layers=n_layers)
/workspace_developability_acquisition/top_models_feature_bundle/advanced_models/models/annotated_transformer.py:101: UserWarning: enable_nested_tensor is True, but self.use_nested_tensor is False because encoder_layer.norm_first was True
  self.encoder = nn.TransformerEncoder(enc_layer, num_layers=n_layers)
/workspace_developability_acquisition/top_models_feature_bundle/advanced_models/models/annotated_transformer.py:101: UserWarning: enable_nested_tensor is True, but self.use_nested_tensor is False because encoder_layer.norm_first was True
  self.encoder = nn.TransformerEncoder(enc_layer, num_layers=n_layers)
/workspace_developability_acquisition/top_models_feature_bundle/advanced_models/models/annotated_transformer.py:101: UserWarning: enable_nested_tensor is True, but self.use_nested_tensor is False because encoder_layer.norm_first was True
  self.encoder = nn.TransformerEncoder(enc_layer, num_layers=n_layers)
/workspace_developability_acquisition/top_models_feature_bundle/advanced_models/models/annotated_transformer.py:101: UserWarning: enable_nested_tensor is True, but self.use_nested_tensor is False because encoder_layer.norm_first was True
  self.encoder = nn.TransformerEncoder(enc_layer, num_layers=n_layers)
{'target': 'TmApp', 'family': 'frozen_transformer', 'variant_id': 'TMF2', 'recipe_id': '', 'annotation_mode': 'full', 'merge_mode': 'concat', 'chain_mode': 'HL', 'pooling_mode': 'reg', 'plm_source': 'ablingua', 'primary_mae': 3.2326774204709396, 'shadow_mae': 3.201957977357716, 'cv_mean_mae': 3.2173176989143277, 'cv_worst_mae': 3.2326774204709396, 'seed_dispersion_primary': 0.05776727440954901, 'seed_dispersion_shadow': 0.09950477836791295, 'n_trainable_parameters': 501633, 'config_hash': '47a888a6bbabfdbf', 'best_epochs_primary': {'101': [18, 6, 11, 8, 20], '202': [14, 10, 36, 9, 20], '303': [11, 8, 8, 8, 13]}, 'quick': False, 'batch_sizes_used': [16, 16, 16, 16, 16, 16, 16, 16, 16, 16, 16, 16, 16, 16, 16, 16, 16, 16, 16, 16, 16, 16, 16, 16, 16, 16, 16, 16, 16, 16], 'region_gate_rows': []}
config_hash 47a888a6bbabfdbf hist a1022f580b4768c0
primary max delta 2.74197642008464
primary mae replay 3.2326774204709396 hist 3.317769
elapsed 105.0598611831665
