Issued EXP-T067
=== EXP-T067 CV ===
/workspace_developability_acquisition/.venv_b1/lib/python3.12/site-packages/torch/nn/modules/transformer.py:823: UserWarning: Support for mismatched src_key_padding_mask and src_mask is deprecated. Use same type for both instead.
  src_key_padding_mask = F._canonical_mask(
/workspace_developability_acquisition/.venv_b1/lib/python3.12/site-packages/torch/nn/modules/transformer.py:823: UserWarning: Support for mismatched src_key_padding_mask and src_mask is deprecated. Use same type for both instead.
  src_key_padding_mask = F._canonical_mask(
/workspace_developability_acquisition/.venv_b1/lib/python3.12/site-packages/torch/nn/modules/transformer.py:823: UserWarning: Support for mismatched src_key_padding_mask and src_mask is deprecated. Use same type for both instead.
  src_key_padding_mask = F._canonical_mask(
/workspace_developability_acquisition/.venv_b1/lib/python3.12/site-packages/torch/nn/modules/transformer.py:823: UserWarning: Support for mismatched src_key_padding_mask and src_mask is deprecated. Use same type for both instead.
  src_key_padding_mask = F._canonical_mask(
/workspace_developability_acquisition/.venv_b1/lib/python3.12/site-packages/torch/nn/modules/transformer.py:823: UserWarning: Support for mismatched src_key_padding_mask and src_mask is deprecated. Use same type for both instead.
  src_key_padding_mask = F._canonical_mask(
/workspace_developability_acquisition/.venv_b1/lib/python3.12/site-packages/torch/nn/modules/transformer.py:823: UserWarning: Support for mismatched src_key_padding_mask and src_mask is deprecated. Use same type for both instead.
  src_key_padding_mask = F._canonical_mask(
/workspace_developability_acquisition/.venv_b1/lib/python3.12/site-packages/torch/nn/modules/transformer.py:823: UserWarning: Support for mismatched src_key_padding_mask and src_mask is deprecated. Use same type for both instead.
  src_key_padding_mask = F._canonical_mask(
/workspace_developability_acquisition/.venv_b1/lib/python3.12/site-packages/torch/nn/modules/transformer.py:823: UserWarning: Support for mismatched src_key_padding_mask and src_mask is deprecated. Use same type for both instead.
  src_key_padding_mask = F._canonical_mask(
/workspace_developability_acquisition/.venv_b1/lib/python3.12/site-packages/torch/nn/modules/transformer.py:823: UserWarning: Support for mismatched src_key_padding_mask and src_mask is deprecated. Use same type for both instead.
  src_key_padding_mask = F._canonical_mask(
/workspace_developability_acquisition/.venv_b1/lib/python3.12/site-packages/torch/nn/modules/transformer.py:823: UserWarning: Support for mismatched src_key_padding_mask and src_mask is deprecated. Use same type for both instead.
  src_key_padding_mask = F._canonical_mask(
/workspace_developability_acquisition/.venv_b1/lib/python3.12/site-packages/torch/nn/modules/transformer.py:823: UserWarning: Support for mismatched src_key_padding_mask and src_mask is deprecated. Use same type for both instead.
  src_key_padding_mask = F._canonical_mask(
/workspace_developability_acquisition/.venv_b1/lib/python3.12/site-packages/torch/nn/modules/transformer.py:823: UserWarning: Support for mismatched src_key_padding_mask and src_mask is deprecated. Use same type for both instead.
  src_key_padding_mask = F._canonical_mask(
/workspace_developability_acquisition/.venv_b1/lib/python3.12/site-packages/torch/nn/modules/transformer.py:823: UserWarning: Support for mismatched src_key_padding_mask and src_mask is deprecated. Use same type for both instead.
  src_key_padding_mask = F._canonical_mask(
/workspace_developability_acquisition/.venv_b1/lib/python3.12/site-packages/torch/nn/modules/transformer.py:823: UserWarning: Support for mismatched src_key_padding_mask and src_mask is deprecated. Use same type for both instead.
  src_key_padding_mask = F._canonical_mask(
/workspace_developability_acquisition/.venv_b1/lib/python3.12/site-packages/torch/nn/modules/transformer.py:823: UserWarning: Support for mismatched src_key_padding_mask and src_mask is deprecated. Use same type for both instead.
  src_key_padding_mask = F._canonical_mask(
/workspace_developability_acquisition/.venv_b1/lib/python3.12/site-packages/torch/nn/modules/transformer.py:823: UserWarning: Support for mismatched src_key_padding_mask and src_mask is deprecated. Use same type for both instead.
  src_key_padding_mask = F._canonical_mask(
/workspace_developability_acquisition/.venv_b1/lib/python3.12/site-packages/torch/nn/modules/transformer.py:823: UserWarning: Support for mismatched src_key_padding_mask and src_mask is deprecated. Use same type for both instead.
  src_key_padding_mask = F._canonical_mask(
/workspace_developability_acquisition/.venv_b1/lib/python3.12/site-packages/torch/nn/modules/transformer.py:823: UserWarning: Support for mismatched src_key_padding_mask and src_mask is deprecated. Use same type for both instead.
  src_key_padding_mask = F._canonical_mask(
/workspace_developability_acquisition/.venv_b1/lib/python3.12/site-packages/torch/nn/modules/transformer.py:823: UserWarning: Support for mismatched src_key_padding_mask and src_mask is deprecated. Use same type for both instead.
  src_key_padding_mask = F._canonical_mask(
/workspace_developability_acquisition/.venv_b1/lib/python3.12/site-packages/torch/nn/modules/transformer.py:823: UserWarning: Support for mismatched src_key_padding_mask and src_mask is deprecated. Use same type for both instead.
  src_key_padding_mask = F._canonical_mask(
/workspace_developability_acquisition/.venv_b1/lib/python3.12/site-packages/torch/nn/modules/transformer.py:823: UserWarning: Support for mismatched src_key_padding_mask and src_mask is deprecated. Use same type for both instead.
  src_key_padding_mask = F._canonical_mask(
/workspace_developability_acquisition/.venv_b1/lib/python3.12/site-packages/torch/nn/modules/transformer.py:823: UserWarning: Support for mismatched src_key_padding_mask and src_mask is deprecated. Use same type for both instead.
  src_key_padding_mask = F._canonical_mask(
/workspace_developability_acquisition/.venv_b1/lib/python3.12/site-packages/torch/nn/modules/transformer.py:823: UserWarning: Support for mismatched src_key_padding_mask and src_mask is deprecated. Use same type for both instead.
  src_key_padding_mask = F._canonical_mask(
/workspace_developability_acquisition/.venv_b1/lib/python3.12/site-packages/torch/nn/modules/transformer.py:823: UserWarning: Support for mismatched src_key_padding_mask and src_mask is deprecated. Use same type for both instead.
  src_key_padding_mask = F._canonical_mask(
/workspace_developability_acquisition/.venv_b1/lib/python3.12/site-packages/torch/nn/modules/transformer.py:823: UserWarning: Support for mismatched src_key_padding_mask and src_mask is deprecated. Use same type for both instead.
  src_key_padding_mask = F._canonical_mask(
/workspace_developability_acquisition/.venv_b1/lib/python3.12/site-packages/torch/nn/modules/transformer.py:823: UserWarning: Support for mismatched src_key_padding_mask and src_mask is deprecated. Use same type for both instead.
  src_key_padding_mask = F._canonical_mask(
/workspace_developability_acquisition/.venv_b1/lib/python3.12/site-packages/torch/nn/modules/transformer.py:823: UserWarning: Support for mismatched src_key_padding_mask and src_mask is deprecated. Use same type for both instead.
  src_key_padding_mask = F._canonical_mask(
/workspace_developability_acquisition/.venv_b1/lib/python3.12/site-packages/torch/nn/modules/transformer.py:823: UserWarning: Support for mismatched src_key_padding_mask and src_mask is deprecated. Use same type for both instead.
  src_key_padding_mask = F._canonical_mask(
/workspace_developability_acquisition/.venv_b1/lib/python3.12/site-packages/torch/nn/modules/transformer.py:823: UserWarning: Support for mismatched src_key_padding_mask and src_mask is deprecated. Use same type for both instead.
  src_key_padding_mask = F._canonical_mask(
/workspace_developability_acquisition/.venv_b1/lib/python3.12/site-packages/torch/nn/modules/transformer.py:823: UserWarning: Support for mismatched src_key_padding_mask and src_mask is deprecated. Use same type for both instead.
  src_key_padding_mask = F._canonical_mask(
/workspace_developability_acquisition/.venv_b1/lib/python3.12/site-packages/torch/nn/modules/transformer.py:823: UserWarning: Support for mismatched src_key_padding_mask and src_mask is deprecated. Use same type for both instead.
  src_key_padding_mask = F._canonical_mask(
/workspace_developability_acquisition/.venv_b1/lib/python3.12/site-packages/torch/nn/modules/transformer.py:823: UserWarning: Support for mismatched src_key_padding_mask and src_mask is deprecated. Use same type for both instead.
  src_key_padding_mask = F._canonical_mask(
/workspace_developability_acquisition/.venv_b1/lib/python3.12/site-packages/torch/nn/modules/transformer.py:823: UserWarning: Support for mismatched src_key_padding_mask and src_mask is deprecated. Use same type for both instead.
  src_key_padding_mask = F._canonical_mask(
/workspace_developability_acquisition/.venv_b1/lib/python3.12/site-packages/torch/nn/modules/transformer.py:823: UserWarning: Support for mismatched src_key_padding_mask and src_mask is deprecated. Use same type for both instead.
  src_key_padding_mask = F._canonical_mask(
/workspace_developability_acquisition/.venv_b1/lib/python3.12/site-packages/torch/nn/modules/transformer.py:823: UserWarning: Support for mismatched src_key_padding_mask and src_mask is deprecated. Use same type for both instead.
  src_key_padding_mask = F._canonical_mask(
/workspace_developability_acquisition/.venv_b1/lib/python3.12/site-packages/torch/nn/modules/transformer.py:823: UserWarning: Support for mismatched src_key_padding_mask and src_mask is deprecated. Use same type for both instead.
  src_key_padding_mask = F._canonical_mask(
/workspace_developability_acquisition/.venv_b1/lib/python3.12/site-packages/torch/nn/modules/transformer.py:823: UserWarning: Support for mismatched src_key_padding_mask and src_mask is deprecated. Use same type for both instead.
  src_key_padding_mask = F._canonical_mask(
/workspace_developability_acquisition/.venv_b1/lib/python3.12/site-packages/torch/nn/modules/transformer.py:823: UserWarning: Support for mismatched src_key_padding_mask and src_mask is deprecated. Use same type for both instead.
  src_key_padding_mask = F._canonical_mask(
/workspace_developability_acquisition/.venv_b1/lib/python3.12/site-packages/torch/nn/modules/transformer.py:823: UserWarning: Support for mismatched src_key_padding_mask and src_mask is deprecated. Use same type for both instead.
  src_key_padding_mask = F._canonical_mask(
/workspace_developability_acquisition/.venv_b1/lib/python3.12/site-packages/torch/nn/modules/transformer.py:823: UserWarning: Support for mismatched src_key_padding_mask and src_mask is deprecated. Use same type for both instead.
  src_key_padding_mask = F._canonical_mask(
/workspace_developability_acquisition/.venv_b1/lib/python3.12/site-packages/torch/nn/modules/transformer.py:823: UserWarning: Support for mismatched src_key_padding_mask and src_mask is deprecated. Use same type for both instead.
  src_key_padding_mask = F._canonical_mask(
/workspace_developability_acquisition/.venv_b1/lib/python3.12/site-packages/torch/nn/modules/transformer.py:823: UserWarning: Support for mismatched src_key_padding_mask and src_mask is deprecated. Use same type for both instead.
  src_key_padding_mask = F._canonical_mask(
/workspace_developability_acquisition/.venv_b1/lib/python3.12/site-packages/torch/nn/modules/transformer.py:823: UserWarning: Support for mismatched src_key_padding_mask and src_mask is deprecated. Use same type for both instead.
  src_key_padding_mask = F._canonical_mask(
/workspace_developability_acquisition/.venv_b1/lib/python3.12/site-packages/torch/nn/modules/transformer.py:823: UserWarning: Support for mismatched src_key_padding_mask and src_mask is deprecated. Use same type for both instead.
  src_key_padding_mask = F._canonical_mask(
/workspace_developability_acquisition/.venv_b1/lib/python3.12/site-packages/torch/nn/modules/transformer.py:823: UserWarning: Support for mismatched src_key_padding_mask and src_mask is deprecated. Use same type for both instead.
  src_key_padding_mask = F._canonical_mask(
/workspace_developability_acquisition/.venv_b1/lib/python3.12/site-packages/torch/nn/modules/transformer.py:823: UserWarning: Support for mismatched src_key_padding_mask and src_mask is deprecated. Use same type for both instead.
  src_key_padding_mask = F._canonical_mask(
/workspace_developability_acquisition/.venv_b1/lib/python3.12/site-packages/torch/nn/modules/transformer.py:823: UserWarning: Support for mismatched src_key_padding_mask and src_mask is deprecated. Use same type for both instead.
  src_key_padding_mask = F._canonical_mask(
/workspace_developability_acquisition/.venv_b1/lib/python3.12/site-packages/torch/nn/modules/transformer.py:823: UserWarning: Support for mismatched src_key_padding_mask and src_mask is deprecated. Use same type for both instead.
  src_key_padding_mask = F._canonical_mask(
/workspace_developability_acquisition/.venv_b1/lib/python3.12/site-packages/torch/nn/modules/transformer.py:823: UserWarning: Support for mismatched src_key_padding_mask and src_mask is deprecated. Use same type for both instead.
  src_key_padding_mask = F._canonical_mask(
/workspace_developability_acquisition/.venv_b1/lib/python3.12/site-packages/torch/nn/modules/transformer.py:823: UserWarning: Support for mismatched src_key_padding_mask and src_mask is deprecated. Use same type for both instead.
  src_key_padding_mask = F._canonical_mask(
/workspace_developability_acquisition/.venv_b1/lib/python3.12/site-packages/torch/nn/modules/transformer.py:823: UserWarning: Support for mismatched src_key_padding_mask and src_mask is deprecated. Use same type for both instead.
  src_key_padding_mask = F._canonical_mask(
/workspace_developability_acquisition/.venv_b1/lib/python3.12/site-packages/torch/nn/modules/transformer.py:823: UserWarning: Support for mismatched src_key_padding_mask and src_mask is deprecated. Use same type for both instead.
  src_key_padding_mask = F._canonical_mask(
/workspace_developability_acquisition/.venv_b1/lib/python3.12/site-packages/torch/nn/modules/transformer.py:823: UserWarning: Support for mismatched src_key_padding_mask and src_mask is deprecated. Use same type for both instead.
  src_key_padding_mask = F._canonical_mask(
/workspace_developability_acquisition/.venv_b1/lib/python3.12/site-packages/torch/nn/modules/transformer.py:823: UserWarning: Support for mismatched src_key_padding_mask and src_mask is deprecated. Use same type for both instead.
  src_key_padding_mask = F._canonical_mask(
/workspace_developability_acquisition/.venv_b1/lib/python3.12/site-packages/torch/nn/modules/transformer.py:823: UserWarning: Support for mismatched src_key_padding_mask and src_mask is deprecated. Use same type for both instead.
  src_key_padding_mask = F._canonical_mask(
/workspace_developability_acquisition/.venv_b1/lib/python3.12/site-packages/torch/nn/modules/transformer.py:823: UserWarning: Support for mismatched src_key_padding_mask and src_mask is deprecated. Use same type for both instead.
  src_key_padding_mask = F._canonical_mask(
/workspace_developability_acquisition/.venv_b1/lib/python3.12/site-packages/torch/nn/modules/transformer.py:823: UserWarning: Support for mismatched src_key_padding_mask and src_mask is deprecated. Use same type for both instead.
  src_key_padding_mask = F._canonical_mask(
/workspace_developability_acquisition/.venv_b1/lib/python3.12/site-packages/torch/nn/modules/transformer.py:823: UserWarning: Support for mismatched src_key_padding_mask and src_mask is deprecated. Use same type for both instead.
  src_key_padding_mask = F._canonical_mask(
/workspace_developability_acquisition/.venv_b1/lib/python3.12/site-packages/torch/nn/modules/transformer.py:823: UserWarning: Support for mismatched src_key_padding_mask and src_mask is deprecated. Use same type for both instead.
  src_key_padding_mask = F._canonical_mask(
/workspace_developability_acquisition/.venv_b1/lib/python3.12/site-packages/torch/nn/modules/transformer.py:823: UserWarning: Support for mismatched src_key_padding_mask and src_mask is deprecated. Use same type for both instead.
  src_key_padding_mask = F._canonical_mask(
{
  "cv_primary_mae": 2.7538162749490627,
  "cv_shadow_mae": 2.7729983702608587,
  "cv_mean_mae": 2.7634073226049605,
  "cv_worst_mae": 2.7729983702608587
}
Wrote /workspace_developability_acquisition/developability_drilldown/results/EXP-T067_CV_FREEZE.yaml verdict=NEGATIVE
/workspace_developability_acquisition/.venv_b1/lib/python3.12/site-packages/torch/nn/modules/transformer.py:823: UserWarning: Support for mismatched src_key_padding_mask and src_mask is deprecated. Use same type for both instead.
  src_key_padding_mask = F._canonical_mask(
{'public_mae': 3.263940410849489, 'private_mae': 3.2814342357494213, 'test_overall_mae': 3.272687323299455}
=== artifacts + registry ===
fixed branch content sha matches T065/T066: cfafb801e9e0660114bcb0b0d9a04426e2736854cba469d667846fce38a4fbe2
Wrote /workspace_developability_acquisition/developability_drilldown/results/EXP-T067_CA_DISTANCE_REPORT.md
DONE EXP-T067 — STOP
