TmApp_CONSTANT: can=3.4383/3.4383 hist=None/None -> SOURCE_NOT_RECONSTRUCTABLE
TmApp_SEQ_BASIC: can=3.1414/3.1971 hist=None/None -> SOURCE_NOT_RECONSTRUCTABLE
TmApp_AbLang2_HL_paired: can=2.8520/3.1108 hist=None/None -> SOURCE_NOT_RECONSTRUCTABLE
TmApp_BASE: can=2.7630/2.8974 hist=2.7629769100217336/2.8973641403873263 -> EXACT_MATCH
TmApp_BASE+BIOEMU_NEW_PAIRWISE: can=2.7286/2.8644 hist=2.728609764529513/2.864447740706632 -> EXACT_MATCH
TmApp_BASE+M1_PROTEINMPNN: can=2.7371/2.8781 hist=2.737131275300181/2.878130055093428 -> EXACT_MATCH
TmApp_BASE+BIOEMU_PAIR+M1: can=2.7027/2.8459 hist=2.702681240871287/2.845936772811553 -> EXACT_MATCH
TmApp_AbLingua_HL_PCA32: can=3.1856/3.1624 hist=3.185558892657944/3.162369431229711 -> EXACT_MATCH
TmApp_SEQ+AbLingua: can=2.9869/3.1159 hist=3.185558892657944/3.162369431229711 -> BUG_AFFECTED
TmApp_CURRENT_RECIPE: can=2.7027/2.8459 hist=2.702681/2.845937 -> EXACT_MATCH
TmApp_PARENT_AbLingua_GLOBAL: can=2.7466/2.8227 hist=2.7466001170280285/2.822725206703513 -> EXACT_MATCH
TmApp_SEQ_AbLang2_AbLingua: can=2.7962/2.8623 hist=2.796211/2.862282 -> EXACT_MATCH
TmApp_PARENT+AbLingua_CDR3: can=2.7321/2.7850 hist=2.732072376654289/2.784957206877823 -> EXACT_MATCH
TmApp_BASE+INTERIM_CONSTANT: can=3.0516/2.8754 hist=3.051568264799854/2.8754128748079246 -> EXACT_MATCH
TmApp_BASE+OPENMM_MD: can=2.8743/2.9558 hist=2.874346/2.955769 -> EXACT_MATCH
TmApp_BASE+OPENMM_GLOBAL_DYNAMICS: can=2.7838/2.9104 hist=None/None -> SOURCE_NOT_RECONSTRUCTABLE
TmApp_BASE+OPENMM_DOMAIN_FLEXIBILITY: can=2.7770/2.8978 hist=None/None -> SOURCE_NOT_RECONSTRUCTABLE
TmApp_AbLingua_ADD_HISTORICAL_INVALID: can=2.7466/2.8227 hist=2.810733334088188/2.990836362735377 -> BUG_AFFECTED
HIC_CONSTANT: can=0.5182/0.5176 hist=None/None -> SOURCE_NOT_RECONSTRUCTABLE
HIC_BASE: can=0.5345/0.5591 hist=0.5345340354876716/0.5590613977325137 -> EXACT_MATCH
HIC_BASE_ARO: can=0.5284/0.5591 hist=0.5283867651592856/0.5590561585035285 -> EXACT_MATCH
HIC_ARO_only: can=0.5211/0.5328 hist=None/None -> SOURCE_NOT_RECONSTRUCTABLE
HIC_ARO+CONT: can=0.5118/0.5573 hist=0.5117587462219735/0.5572906295667212 -> EXACT_MATCH
HIC_ARO+HYDRO: can=0.5202/0.5562 hist=0.5201788256210144/0.5561649930362694 -> EXACT_MATCH
HIC_ARO+TITR: can=0.5262/0.5504 hist=0.5261663816363124/0.5503869855629042 -> EXACT_MATCH
HIC_ARO+CONT+TITR: can=0.5070/0.5524 hist=0.5069918776298159/0.5523848378532091 -> EXACT_MATCH
Wrote registry 26 SEQ_changes True
historical_status
EXACT_MATCH                   17
SOURCE_NOT_RECONSTRUCTABLE     7
BUG_AFFECTED                   2
