# Setting device from env FENNOL_DEVICE=cuda:0
# random_seed: 42
# model_file: /workspace_developability_acquisition/organizer_extension/feature_prospecting/foundation_stability_v2/cache/fennix-bio1S.fnx
# Computing initial energy and forces
# Energy unit:  eV
# Initial potential energy: -1655.1807861328125; kinetic energy: 246.03924560546875
# forces min/max/rms: 5.9604645e-07 5.0417557 0.33490446
####################################################################################
# Running 500 steps of LGV MD simulation on gpu
#     Step   Time[ps]       Etot       Epot       Ekin    Temp[K]
        10      0.010 -1412.8073  -1563.2549   150.4476     180.90
        20      0.020 -1407.7170  -1537.5176   129.8005     156.07
        30      0.030 -1400.0433  -1527.0460   127.0026     152.71
        40      0.040 -1392.1766  -1529.0126   136.8360     164.53
        50      0.050 -1387.1642  -1535.0487   147.8846     177.82
        60      0.060 -1384.9320  -1541.3591   156.4272     188.09
        70      0.070 -1385.3810  -1545.3416   159.9606     192.34
        80      0.080 -1386.9756  -1543.5691   156.5934     188.29
        90      0.090 -1385.3163  -1544.3815   159.0652     191.26
       100      0.100 -1383.5549  -1535.8055   152.2507     183.07
       110      0.110 -1379.9681  -1536.8826   156.9143     188.68
       120      0.120 -1378.7638  -1533.4052   154.6412     185.94
       130      0.130 -1377.3632  -1534.4138   157.0507     188.84
       140      0.140 -1374.2528  -1533.9141   159.6614     191.98
       150      0.150 -1370.8722  -1531.9257   161.0534     193.65
       160      0.160 -1369.7474  -1533.1798   163.4324     196.51
       170      0.170 -1368.4622  -1535.2278   166.7656     200.52
       180      0.180 -1367.7837  -1536.6813   168.8975     203.09
       190      0.190 -1367.3661  -1537.7195   170.3534     204.84
       200      0.200 -1366.1327  -1536.1631   170.0305     204.45
       210      0.210 -1364.9349  -1533.7229   168.7879     202.95
       220      0.220 -1363.1813  -1530.2256   167.0443     200.86
       230      0.230 -1361.1510  -1527.8386   166.6876     200.43
       240      0.240 -1358.0720  -1525.4149   167.3428     201.22
       250      0.250 -1355.4637  -1525.9968   170.5331     205.05
       260      0.260 -1354.4652  -1531.0969   176.6318     212.38
       270      0.270 -1353.5861  -1529.2528   175.6668     211.22
       280      0.280 -1352.4229  -1531.4980   179.0753     215.32
       290      0.290 -1351.5139  -1527.1791   175.6653     211.22
       300      0.300 -1349.1287  -1524.8295   175.7009     211.27
       310      0.310 -1348.3771  -1526.3447   177.9677     213.99
       320      0.320 -1346.2946  -1525.7825   179.4879     215.82
       330      0.330 -1345.5261  -1525.2999   179.7738     216.16
       340      0.340 -1344.2795  -1524.0082   179.7286     216.11
       350      0.350 -1342.0050  -1525.9988   183.9938     221.24
       360      0.360 -1339.8214  -1525.0947   185.2734     222.78
       370      0.370 -1339.1438  -1522.9075   183.7637     220.96
       380      0.380 -1338.1387  -1519.9747   181.8361     218.64
       390      0.390 -1336.5433  -1522.3088   185.7656     223.37
       400      0.400 -1335.6139  -1523.3096   187.6957     225.69
       410      0.410 -1334.4113  -1521.2043   186.7932     224.60
       420      0.420 -1332.6788  -1521.3821   188.7032     226.90
       430      0.430 -1331.1012  -1519.1361   188.0348     226.10
       440      0.440 -1330.5063  -1518.1119   187.6056     225.58
       450      0.450 -1329.4664  -1517.2628   187.7965     225.81
       460      0.460 -1326.8590  -1518.4417   191.5826     230.36
       470      0.470 -1326.7588  -1516.7432   189.9844     228.44
       480      0.480 -1324.1613  -1515.1790   191.0177     229.68
       490      0.490 -1323.1547  -1515.1240   191.9695     230.83
       500      0.500 -1322.2523  -1513.1500   190.8977     229.54
# Write XYZ frame
# Run done in 2 min 51 s
WALL 172.0353479385376
sec_per_step 0.34407071018218993
hours_per_ab_6k 0.573451189994812
hours_323 185.22473565181096
hours_323_3k 92.61236821095149
